******************************************************************************
                  MSP430 Linker Unix v20.2.5                   
******************************************************************************
>> Linked Fri Oct  6 19:08:19 2023

OUTPUT FILE NAME:   <RTOSDemo.out>
ENTRY POINT SYMBOL: "_c_int00_noargs"  address: 0000c06a


MEMORY CONFIGURATION

         name            origin    length      used     unused   attr    fill
----------------------  --------  ---------  --------  --------  ----  --------
  TINYRAM               0000000a   00000016  00000000  00000016  RWIX
  BSL                   00001000   00000800  00000000  00000800  RWIX
  INFOD                 00001800   00000080  00000000  00000080  RWIX
  INFOC                 00001880   00000080  00000000  00000080  RWIX
  INFOB                 00001900   00000080  00000000  00000080  RWIX
  INFOA                 00001980   00000080  00000000  00000080  RWIX
  RAM                   00001c00   00001000  0000079c  00000864  RWIX
  LEARAM                00002c00   00000ec8  00000000  00000ec8  RWIX
  LEASTACK              00003ac8   00000138  00000000  00000138  RWIX
  FRAM                  00004000   0000bf80  0000827c  00003d04  RWIX
  JTAGSIGNATURE         0000ff80   00000004  00000004  00000000  RWIX  ffff 
  BSLSIGNATURE          0000ff84   00000004  00000004  00000000  RWIX  ffff 
  IPESIGNATURE          0000ff88   00000008  00000008  00000000  RWIX  ffff 
  INT00                 0000ff90   00000002  00000000  00000002  RWIX
  INT01                 0000ff92   00000002  00000000  00000002  RWIX
  INT02                 0000ff94   00000002  00000000  00000002  RWIX
  INT03                 0000ff96   00000002  00000000  00000002  RWIX
  INT04                 0000ff98   00000002  00000000  00000002  RWIX
  INT05                 0000ff9a   00000002  00000000  00000002  RWIX
  INT06                 0000ff9c   00000002  00000000  00000002  RWIX
  INT07                 0000ff9e   00000002  00000000  00000002  RWIX
  INT08                 0000ffa0   00000002  00000000  00000002  RWIX
  INT09                 0000ffa2   00000002  00000000  00000002  RWIX
  INT10                 0000ffa4   00000002  00000000  00000002  RWIX
  INT11                 0000ffa6   00000002  00000000  00000002  RWIX
  INT12                 0000ffa8   00000002  00000000  00000002  RWIX
  INT13                 0000ffaa   00000002  00000000  00000002  RWIX
  INT14                 0000ffac   00000002  00000000  00000002  RWIX
  INT15                 0000ffae   00000002  00000000  00000002  RWIX
  INT16                 0000ffb0   00000002  00000000  00000002  RWIX
  INT17                 0000ffb2   00000002  00000000  00000002  RWIX
  INT18                 0000ffb4   00000002  00000002  00000000  RWIX
  INT19                 0000ffb6   00000002  00000002  00000000  RWIX
  INT20                 0000ffb8   00000002  00000002  00000000  RWIX
  INT21                 0000ffba   00000002  00000002  00000000  RWIX
  INT22                 0000ffbc   00000002  00000002  00000000  RWIX
  INT23                 0000ffbe   00000002  00000002  00000000  RWIX
  INT24                 0000ffc0   00000002  00000002  00000000  RWIX
  INT25                 0000ffc2   00000002  00000002  00000000  RWIX
  INT26                 0000ffc4   00000002  00000002  00000000  RWIX
  INT27                 0000ffc6   00000002  00000002  00000000  RWIX
  INT28                 0000ffc8   00000002  00000002  00000000  RWIX
  INT29                 0000ffca   00000002  00000002  00000000  RWIX
  INT30                 0000ffcc   00000002  00000002  00000000  RWIX
  INT31                 0000ffce   00000002  00000002  00000000  RWIX
  INT32                 0000ffd0   00000002  00000002  00000000  RWIX
  INT33                 0000ffd2   00000002  00000002  00000000  RWIX
  INT34                 0000ffd4   00000002  00000002  00000000  RWIX
  INT35                 0000ffd6   00000002  00000002  00000000  RWIX
  INT36                 0000ffd8   00000002  00000002  00000000  RWIX
  INT37                 0000ffda   00000002  00000002  00000000  RWIX
  INT38                 0000ffdc   00000002  00000002  00000000  RWIX
  INT39                 0000ffde   00000002  00000002  00000000  RWIX
  INT40                 0000ffe0   00000002  00000002  00000000  RWIX
  INT41                 0000ffe2   00000002  00000002  00000000  RWIX
  INT42                 0000ffe4   00000002  00000002  00000000  RWIX
  INT43                 0000ffe6   00000002  00000002  00000000  RWIX
  INT44                 0000ffe8   00000002  00000002  00000000  RWIX
  INT45                 0000ffea   00000002  00000002  00000000  RWIX
  INT46                 0000ffec   00000002  00000002  00000000  RWIX
  INT47                 0000ffee   00000002  00000002  00000000  RWIX
  INT48                 0000fff0   00000002  00000002  00000000  RWIX
  INT49                 0000fff2   00000002  00000002  00000000  RWIX
  INT50                 0000fff4   00000002  00000002  00000000  RWIX
  INT51                 0000fff6   00000002  00000002  00000000  RWIX
  INT52                 0000fff8   00000002  00000002  00000000  RWIX
  INT53                 0000fffa   00000002  00000002  00000000  RWIX
  INT54                 0000fffc   00000002  00000002  00000000  RWIX
  RESET                 0000fffe   00000002  00000002  00000000  RWIX
  FRAM2                 00010000   00033ff8  00004794  0002f864  RWIX


SECTION ALLOCATION MAP

 output                                  attributes/
section   page    origin      length       input sections
--------  ----  ----------  ----------   ----------------
.data      0    00001c00    000001f8     UNINITIALIZED
                  00001c00    000000c8     rts430x_lc_ld_eabi.lib : defs.c.obj (.data:_ftable)
                  00001cc8    00000078                            : host_device.c.obj (.data:_device)
                  00001d40    0000003c                            : host_device.c.obj (.data:_stream)
                  00001d7c    0000002c     tasks.obj (.data)
                  00001da8    00000018     heap_4.obj (.data)
                  00001dc0    0000000c     main_full.obj (.data)
                  00001dcc    0000000c     timers.obj (.data)
                  00001dd8    00000008     cs.obj (.data)
                  00001de0    00000004     rts430x_lc_ld_eabi.lib : exit_gvars.c.obj (.data:__TI_cleanup_ptr)
                  00001de4    00000004                            : exit_gvars.c.obj (.data:__TI_dtors_ptr)
                  00001de8    00000004                            : _lock.c.obj (.data:_lock)
                  00001dec    00000004                            : _lock.c.obj (.data:_unlock)
                  00001df0    00000002     port.obj (.data)
                  00001df2    00000002     rts430x_lc_ld_eabi.lib : defs.c.obj (.data)
                  00001df4    00000002                            : exit.c.obj (.data)
                  00001df6    00000002                            : memory.c.obj (.data)

.stack     0    00002800    00000400     UNINITIALIZED
                  00002800    00000004     rts430x_lc_ld_eabi.lib : boot.c.obj (.stack)
                  00002804    000003fc     --HOLE--

.TI.persistent 
*          0    00004000    00007803     
                  00004000    00003800     checkpoint.obj (.TI.persistent:heap_buffer)
                  00007800    00003800     main.obj (.TI.persistent:ucHeap)
                  0000b000    00000800     test.obj (.TI.persistent:input)
                  0000b800    00000002     test.obj (.TI.persistent)
                  0000b802    00000001     main.obj (.TI.persistent)

.binit     0    00004000    00000000     

.cio       0    0000b804    00000120     UNINITIALIZED
                  0000b804    00000120     rts430x_lc_ld_eabi.lib : trgmsg.c.obj (.cio)

.sysmem    0    0000b924    00000400     
                  0000b924    00000008     rts430x_lc_ld_eabi.lib : memory.c.obj (.sysmem) [fill = 0]
                  0000b92c    000003f8     --HOLE-- [fill = 0]

.ipestruct 
*          0    0000c000    00000000     UNINITIALIZED

.ipe       0    0000c000    00000000     UNINITIALIZED

.ipe_const 
*          0    0000c000    00000000     UNINITIALIZED

.ipe:_isr 
*          0    0000c000    00000000     UNINITIALIZED

.cinit     0    0000c202    0000007a     
                  0000c202    00000057     (.cinit..data.load) [load image, compression = lzss]
                  0000c259    00000001     --HOLE-- [fill = 0]
                  0000c25a    0000000c     (__TI_handler_table)
                  0000c266    00000006     (.cinit..bss.load) [load image, compression = zero_init]
                  0000c26c    00000010     (__TI_cinit_table)

.init_array 
*          0    00004000    00000000     UNINITIALIZED

.text:_isr 
*          0    0000c000    000000b2     
                  0000c000    0000006a     serial.obj (.text:_isr:prvUSCI_A0_ISR)
                  0000c06a    0000001c     rts430x_lc_ld_eabi.lib : boot.c.obj (.text:_isr:_c_int00_noargs)
                  0000c086    00000014     main_full.obj (.text:_isr:v4RunTimeStatsTimerOverflow)
                  0000c09a    00000010     port.obj (.text:_isr:vTickISREntry)
                  0000c0aa    00000008     rts430x_lc_ld_eabi.lib : isr_trap.asm.obj (.text:_isr:__TI_ISR_TRAP)

.bss       0    00001df8    000001a4     UNINITIALIZED
                  00001df8    000000a0     (.common:__TI_tmpnams)
                  00001e98    0000005a     tasks.obj (.bss:pxReadyTasksLists)
                  00001ef2    00000012     timers.obj (.bss:xActiveTimerList1)
                  00001f04    00000012     timers.obj (.bss:xActiveTimerList2)
                  00001f16    00000012     tasks.obj (.bss:xDelayedTaskList1)
                  00001f28    00000012     tasks.obj (.bss:xDelayedTaskList2)
                  00001f3a    00000012     tasks.obj (.bss:xPendingReadyList)
                  00001f4c    00000012     tasks.obj (.bss:xSuspendedTaskList)
                  00001f5e    00000012     tasks.obj (.bss:xTasksWaitingTermination)
                  00001f70    00000008     serial.obj (.bss)
                  00001f78    00000008     tasks.obj (.bss)
                  00001f80    00000008     timers.obj (.bss)
                  00001f88    00000008     heap_4.obj (.bss:xStart)
                  00001f90    00000008     (.common:parmbuf)
                  00001f98    00000004     rts430x_lc_ld_eabi.lib : memory.c.obj (.bss)

.TI.noinit 
*          0    00013d50    00000a44     UNINITIALIZED
                  00013d50    00000800     test.obj (.TI.noinit:output)
                  00014550    00000200     test.obj (.TI.noinit:undo_log)
                  00014750    00000038     checkpoint.obj (.TI.noinit:reg_buffer)
                  00014788    0000000c     checkpoint.obj (.TI.noinit)

$fill000   0    0000ff80    00000004     
                  0000ff80    00000004     --HOLE-- [fill = ffff]

$fill001   0    0000ff84    00000004     
                  0000ff84    00000004     --HOLE-- [fill = ffff]

$fill002   0    0000ff88    00000008     
                  0000ff88    00000008     --HOLE-- [fill = ffff]

LEA        0    0000ffb4    00000002     
                  0000ffb4    00000002     rts430x_lc_ld_eabi.lib : int18.asm.obj (.int18)

PORT8      0    0000ffb6    00000002     
                  0000ffb6    00000002     rts430x_lc_ld_eabi.lib : int19.asm.obj (.int19)

PORT7      0    0000ffb8    00000002     
                  0000ffb8    00000002     rts430x_lc_ld_eabi.lib : int20.asm.obj (.int20)

EUSCI_B3   0    0000ffba    00000002     
                  0000ffba    00000002     rts430x_lc_ld_eabi.lib : int21.asm.obj (.int21)

EUSCI_B2   0    0000ffbc    00000002     
                  0000ffbc    00000002     rts430x_lc_ld_eabi.lib : int22.asm.obj (.int22)

EUSCI_B1   0    0000ffbe    00000002     
                  0000ffbe    00000002     rts430x_lc_ld_eabi.lib : int23.asm.obj (.int23)

EUSCI_A3   0    0000ffc0    00000002     
                  0000ffc0    00000002     rts430x_lc_ld_eabi.lib : int24.asm.obj (.int24)

EUSCI_A2   0    0000ffc2    00000002     
                  0000ffc2    00000002     rts430x_lc_ld_eabi.lib : int25.asm.obj (.int25)

PORT6      0    0000ffc4    00000002     
                  0000ffc4    00000002     rts430x_lc_ld_eabi.lib : int26.asm.obj (.int26)

PORT5      0    0000ffc6    00000002     
                  0000ffc6    00000002     rts430x_lc_ld_eabi.lib : int27.asm.obj (.int27)

TIMER4_A1 
*          0    0000ffc8    00000002     
                  0000ffc8    00000002     rts430x_lc_ld_eabi.lib : int28.asm.obj (.int28)

TIMER4_A0 
*          0    0000ffca    00000002     
                  0000ffca    00000002     rts430x_lc_ld_eabi.lib : int29.asm.obj (.int29)

AES256     0    0000ffcc    00000002     
                  0000ffcc    00000002     rts430x_lc_ld_eabi.lib : int30.asm.obj (.int30)

RTC_C      0    0000ffce    00000002     
                  0000ffce    00000002     rts430x_lc_ld_eabi.lib : int31.asm.obj (.int31)

PORT4      0    0000ffd0    00000002     
                  0000ffd0    00000002     rts430x_lc_ld_eabi.lib : int32.asm.obj (.int32)

PORT3      0    0000ffd2    00000002     
                  0000ffd2    00000002     rts430x_lc_ld_eabi.lib : int33.asm.obj (.int33)

TIMER3_A1 
*          0    0000ffd4    00000002     
                  0000ffd4    00000002     rts430x_lc_ld_eabi.lib : int34.asm.obj (.int34)

TIMER3_A0 
*          0    0000ffd6    00000002     
                  0000ffd6    00000002     rts430x_lc_ld_eabi.lib : int35.asm.obj (.int35)

PORT2      0    0000ffd8    00000002     
                  0000ffd8    00000002     rts430x_lc_ld_eabi.lib : int36.asm.obj (.int36)

TIMER2_A1 
*          0    0000ffda    00000002     
                  0000ffda    00000002     rts430x_lc_ld_eabi.lib : int37.asm.obj (.int37)

TIMER2_A0 
*          0    0000ffdc    00000002     
                  0000ffdc    00000002     rts430x_lc_ld_eabi.lib : int38.asm.obj (.int38)

PORT1      0    0000ffde    00000002     
                  0000ffde    00000002     rts430x_lc_ld_eabi.lib : int39.asm.obj (.int39)

TIMER1_A1 
*          0    0000ffe0    00000002     
                  0000ffe0    00000002     main_full.obj (.int40)

TIMER1_A0 
*          0    0000ffe2    00000002     
                  0000ffe2    00000002     rts430x_lc_ld_eabi.lib : int41.asm.obj (.int41)

DMA        0    0000ffe4    00000002     
                  0000ffe4    00000002     rts430x_lc_ld_eabi.lib : int42.asm.obj (.int42)

EUSCI_A1   0    0000ffe6    00000002     
                  0000ffe6    00000002     rts430x_lc_ld_eabi.lib : int43.asm.obj (.int43)

TIMER0_A1 
*          0    0000ffe8    00000002     
                  0000ffe8    00000002     rts430x_lc_ld_eabi.lib : int44.asm.obj (.int44)

TIMER0_A0 
*          0    0000ffea    00000002     
                  0000ffea    00000002     port.obj (.int45)

ADC12_B    0    0000ffec    00000002     
                  0000ffec    00000002     rts430x_lc_ld_eabi.lib : int46.asm.obj (.int46)

EUSCI_B0   0    0000ffee    00000002     
                  0000ffee    00000002     rts430x_lc_ld_eabi.lib : int47.asm.obj (.int47)

EUSCI_A0   0    0000fff0    00000002     
                  0000fff0    00000002     serial.obj (.int48)

WDT        0    0000fff2    00000002     
                  0000fff2    00000002     rts430x_lc_ld_eabi.lib : int49.asm.obj (.int49)

TIMER0_B1 
*          0    0000fff4    00000002     
                  0000fff4    00000002     rts430x_lc_ld_eabi.lib : int50.asm.obj (.int50)

TIMER0_B0 
*          0    0000fff6    00000002     
                  0000fff6    00000002     rts430x_lc_ld_eabi.lib : int51.asm.obj (.int51)

COMP_E     0    0000fff8    00000002     
                  0000fff8    00000002     rts430x_lc_ld_eabi.lib : int52.asm.obj (.int52)

UNMI       0    0000fffa    00000002     
                  0000fffa    00000002     rts430x_lc_ld_eabi.lib : int53.asm.obj (.int53)

SYSNMI     0    0000fffc    00000002     
                  0000fffc    00000002     rts430x_lc_ld_eabi.lib : int54.asm.obj (.int54)

.reset     0    0000fffe    00000002     
                  0000fffe    00000002     rts430x_lc_ld_eabi.lib : boot.c.obj (.reset)

.const     0    0000c0b2    00000150     
                  0000c0b2    000000e4     test.obj (.const:.string)
                  0000c196    00000032     tasks.obj (.const:.string)
                  0000c1c8    0000001c     gpio.obj (.const:GPIO_PORT_TO_BASE)
                  0000c1e4    0000000a     main.obj (.const:.string)
                  0000c1ee    00000008     printf-stdarg.obj (.const:.string)
                  0000c1f6    00000008     timers.obj (.const:.string)
                  0000c1fe    00000002     tasks.obj (.const)
                  0000c200    00000001     spi_nand.obj (.const:$P$T1$1)
                  0000c201    00000001     spi_nand.obj (.const:$P$T5$3)

.text      0    00010000    00003d50     
                  00010000    000001fe     test.obj (.text:test_nand)
                  000101fe    000001d8     tasks.obj (.text:xTaskIncrementTick)
                  000103d6    000001c0     printf-stdarg.obj (.text:tiny_print)
                  00010596    000001b6     rts430x_lc_ld_eabi.lib : memory.c.obj (.text:aligned_alloc)
                  0001074c    0000018c     tasks.obj (.text:xTaskResumeAll)
                  000108d8    00000184     heap_4.obj (.text:pvPortMalloc)
                  00010a5c    00000182     queue.obj (.text:xQueueReceive)
                  00010bde    0000015a     timers.obj (.text:prvProcessReceivedCommands)
                  00010d38    0000014c     rts430x_lc_ld_eabi.lib : memory.c.obj (.text:free)
                  00010e84    0000014c     tasks.obj (.text:xTaskRemoveFromEventList)
                  00010fd0    00000132     tasks.obj (.text:vTaskSwitchContext)
                  00011102    0000012c     tasks.obj (.text:prvInitialiseNewTask)
                  0001122e    000000fa     checkpoint.obj (.text:restore_nand)
                  00011328    000000fa     rts430x_lc_ld_eabi.lib : setvbuf.c.obj (.text:setvbuf)
                  00011422    000000f0     backup.obj (.text)
                  00011512    000000f0     printf-stdarg.obj (.text:printi)
                  00011602    000000e2     tasks.obj (.text:prvAddNewTaskToReadyList)
                  000116e4    000000de     queue.obj (.text:xQueueGenericReset)
                  000117c2    000000d0     tasks.obj (.text:xTaskPriorityDisinherit)
                  00011892    000000c6     heap_4.obj (.text:prvHeapInit)
                  00011958    000000c4     tasks.obj (.text:prvAddCurrentTaskToDelayedList)
                  00011a1c    000000c2     rts430x_lc_ld_eabi.lib : memory.c.obj (.text:split)
                  00011ade    000000a6     portext.obj (.text)
                  00011b84    000000a4     tasks.obj (.text:xTaskCheckForTimeOut)
                  00011c28    000000a0     queue.obj (.text:prvUnlockQueue)
                  00011cc8    0000009e     queue.obj (.text:prvCopyDataToQueue)
                  00011d66    0000009e     main.obj (.text:prvSetupHardware)
                  00011e04    0000009a     rts430x_lc_ld_eabi.lib : hostlseek.c.obj (.text:HOSTlseek)
                  00011e9e    0000009a     test.obj (.text:test_main)
                  00011f38    00000098     heap_4.obj (.text:vPortFree)
                  00011fd0    00000094     queue.obj (.text:xQueueGenericSendFromISR)
                  00012064    00000090     rts430x_lc_ld_eabi.lib : fputc.c.obj (.text:fputc)
                  000120f4    0000008a     tasks.obj (.text:xTaskCreate)
                  0001217e    00000086     rts430x_lc_ld_eabi.lib : _io_perm.c.obj (.text:__TI_wrt_ok)
                  00012204    00000086     printf-stdarg.obj (.text:prints)
                  0001228a    0000007e     queue.obj (.text:xQueueReceiveFromISR)
                  00012308    0000007a     timers.obj (.text:prvInsertTimerInActiveList)
                  00012382    0000007a     timers.obj (.text:prvProcessTimerOrBlockTask)
                  000123fc    00000078     rts430x_lc_ld_eabi.lib : autoinit.c.obj (.text:__TI_auto_init_nobinit_nopinit_hold_wdt:__TI_auto_init_nobinit_nopinit_hold_wdt)
                  00012474    00000076                            : copy_decompress_lzss.c.obj (.text:decompress:lzss:__TI_decompress_lzss)
                  000124ea    00000074                            : hostrename.c.obj (.text:HOSTrename)
                  0001255e    00000074                            : fclose.c.obj (.text:__TI_closefile)
                  000125d2    00000074                            : fseek.c.obj (.text:fseek)
                  00012646    00000072     gpio.obj (.text:GPIO_setAsPeripheralModuleFunctionInputPin)
                  000126b8    00000072     heap_4.obj (.text:prvInsertBlockIntoFreeList)
                  0001272a    00000070     rts430x_lc_ld_eabi.lib : hostopen.c.obj (.text:HOSTopen)
                  0001279a    0000006e     queue.obj (.text:xQueueGenericCreate)
                  00012808    0000006c     rts430x_lc_ld_eabi.lib : hostwrite.c.obj (.text:HOSTwrite)
                  00012874    0000006c     tasks.obj (.text:vTaskPlaceOnEventListRestricted)
                  000128e0    0000006a     rts430x_lc_ld_eabi.lib : hostread.c.obj (.text:HOSTread)
                  0001294a    00000066     cs.obj (.text:CS_initClockSignal)
                  000129b0    00000066     tasks.obj (.text:vTaskStartScheduler)
                  00012a16    00000062     rts430x_lc_ld_eabi.lib : getdevice.c.obj (.text:getdevice)
                  00012a78    00000062     tasks.obj (.text:prvInitialiseTaskLists)
                  00012ada    00000060     rts430x_lc_ld_eabi.lib : fflush.c.obj (.text:__TI_doflush)
                  00012b3a    0000005e     spi_nand.obj (.text:get_feature)
                  00012b98    0000005a     rts430x_lc_ld_eabi.lib : close.c.obj (.text:close)
                  00012bf2    0000005a     timers.obj (.text:prvCheckForValidListAndQueue)
                  00012c4c    0000005a     spi.obj (.text:spi_send_recv)
                  00012ca6    00000058     spi_nand.obj (.text:read_id)
                  00012cfe    00000058     rts430x_lc_ld_eabi.lib : div32u.asm.obj (.text)
                  00012d56    00000056     spi_nand.obj (.text:read_from_cache_x1)
                  00012dac    00000054     spi_nand.obj (.text:program_load_x1)
                  00012e00    00000054     list.obj (.text:vListInsert)
                  00012e54    00000052     timers.obj (.text:prvReloadTimer)
                  00012ea6    00000052     spi.obj (.text:spi_send)
                  00012ef8    00000050     tasks.obj (.text:prvCheckTasksWaitingTermination)
                  00012f48    00000050     spi.obj (.text:spi_recv)
                  00012f98    0000004e     rts430x_lc_ld_eabi.lib : hostclose.c.obj (.text:HOSTclose)
                  00012fe6    0000004e                            : strncpy.c.obj (.text:strncpy)
                  00013034    0000004e     queue.obj (.text:vQueueWaitForMessageRestricted)
                  00013082    0000004c     timers.obj (.text:prvProcessExpiredTimer)
                  000130ce    0000004c     timers.obj (.text:xTimerCreateTimerTask)
                  0001311a    0000004a     spi_nand.obj (.text:block_erase)
                  00013164    0000004a     rts430x_lc_ld_eabi.lib : exit.c.obj (.text:exit)
                  000131ae    0000004a     spi_nand.obj (.text:program_execute)
                  000131f8    00000046     rts430x_lc_ld_eabi.lib : hostunlink.c.obj (.text:HOSTunlink)
                  0001323e    00000046                            : memory.c.obj (.text:free_list_insert)
                  00013284    00000044     spi_nand.obj (.text:set_feature)
                  000132c8    0000003e     rts430x_lc_ld_eabi.lib : asr32.asm.obj (.text:l_asr_const)
                  00013306    0000003e                            : lsl32.asm.obj (.text:l_lsl_const)
                  00013344    0000003e                            : lseek.c.obj (.text:lseek)
                  00013382    0000003c                            : memcpy.c.obj (.text:memcpy)
                  000133be    0000003c                            : write.c.obj (.text:write)
                  000133fa    0000003a     cs.obj (.text:CS_turnOnLFXT)
                  00013434    0000003a     spi_nand.obj (.text:page_read)
                  0001346e    0000003a     list.obj (.text:uxListRemove)
                  000134a8    00000038     timers.obj (.text:prvSampleTimeNow)
                  000134e0    00000036     rts430x_lc_ld_eabi.lib : fopen.c.obj (.text:__TI_cleanup)
                  00013516    00000036                            : trgmsg.c.obj (.text:__TI_writemsg)
                  0001354c    00000036                            : getdevice.c.obj (.text:finddevice)
                  00013582    00000036     printf-stdarg.obj (.text:printchar)
                  000135b8    00000034     gpio.obj (.text:GPIO_setAsOutputPin)
                  000135ec    00000034     spi_nand.obj (.text:clear_all_blocks)
                  00013620    00000034     queue.obj (.text:prvCopyDataFromQueue)
                  00013654    00000034     test.obj (.text:validate)
                  00013688    00000032     rts430x_lc_ld_eabi.lib : trgmsg.c.obj (.text:__TI_readmsg)
                  000136ba    00000030                            : unlink.c.obj (.text:unlink)
                  000136ea    00000030     tasks.obj (.text:vTaskPlaceOnEventList)
                  0001371a    0000002e     timers.obj (.text:prvGetNextExpireTime)
                  00013748    0000002e     spi_nand.obj (.text:write_op)
                  00013776    0000002c     queue.obj (.text:prvIsQueueEmpty)
                  000137a2    0000002c     timers.obj (.text:prvSwitchTimerLists)
                  000137ce    0000002c     list.obj (.text:vListInitialise)
                  000137fa    0000002c     spi_nand.obj (.text:write_enable)
                  00013826    0000002a     rts430x_lc_ld_eabi.lib : memory.c.obj (.text:free_list_remove)
                  00013850    0000002a     main.obj (.text:main)
                  0001387a    0000002a     queue.obj (.text:prvInitialiseNewQueue)
                  000138a4    0000002a     checkpoint.obj (.text:vPortBackup)
                  000138ce    0000002a     spi_nand.obj (.text:write_disable)
                  000138f8    00000028     tasks.obj (.text:prvResetNextTaskUnblockTime)
                  00013920    00000028     tasks.obj (.text:xTaskGetTickCount)
                  00013948    00000026     main.obj (.text:vApplicationSetupTimerInterrupt)
                  0001396e    00000026     checkpoint.obj (.text:vPortRestore)
                  00013994    00000024     checkpoint.obj (.text:checkpoint)
                  000139b8    00000024     rts430x_lc_ld_eabi.lib : copy_zero_init.c.obj (.text:decompress:ZI:__TI_zero_init_nomemset:__TI_zero_init_nomemset)
                  000139dc    00000024     port.obj (.text:pxPortInitialiseStack)
                  00013a00    00000024     spi_nand.obj (.text:read_op)
                  00013a24    00000024     checkpoint.obj (.text:restore)
                  00013a48    00000022     spi_nand.obj (.text:check_ecc)
                  00013a6a    00000020     rts430x_lc_ld_eabi.lib : memset.c.obj (.text:memset)
                  00013a8a    0000001c     gpio.obj (.text:GPIO_setOutputHighOnPin)
                  00013aa6    0000001c     gpio.obj (.text:GPIO_setOutputLowOnPin)
                  00013ac2    0000001c     spi_nand.obj (.text:spi_nand_init)
                  00013ade    0000001c     rts430x_lc_ld_eabi.lib : strchr.c.obj (.text:strchr)
                  00013afa    0000001c                            : strcmp.c.obj (.text:strcmp)
                  00013b16    0000001a     spi_nand.obj (.text:erase_op)
                  00013b30    00000018     spi_nand.obj (.text:poll_for_oip)
                  00013b48    00000018     printf-stdarg.obj (.text:printf)
                  00013b60    00000018     rts430x_lc_ld_eabi.lib : mult16_f5hw.asm.obj (.text)
                  00013b78    00000018     tasks.obj (.text:xTaskGetSchedulerState)
                  00013b90    00000016     wdt_a.obj (.text:WDT_A_hold)
                  00013ba6    00000016     rts430x_lc_ld_eabi.lib : copy_decompress_none.c.obj (.text:decompress:none:__TI_decompress_none)
                  00013bbc    00000016                            : memory.c.obj (.text:heap_start)
                  00013bd2    00000016     tasks.obj (.text:prvDeleteTCB)
                  00013be8    00000016     tasks.obj (.text:prvIdleTask)
                  00013bfe    00000016     timers.obj (.text:prvTimerTask)
                  00013c14    00000016     rts430x_lc_ld_eabi.lib : div16u.asm.obj (.text)
                  00013c2a    00000016     test.obj (.text:set_input)
                  00013c40    00000014     spi_nand.obj (.text:enable_ecc)
                  00013c54    00000014     tasks.obj (.text:vTaskInternalSetTimeOutState)
                  00013c68    00000012     cs.obj (.text:CS_setDCOFreq)
                  00013c7a    00000012     cs.obj (.text:CS_setExternalClockSource)
                  00013c8c    00000012     rts430x_lc_ld_eabi.lib : strcpy.c.obj (.text:strcpy)
                  00013c9e    00000012                            : strlen.c.obj (.text:strlen)
                  00013cb0    00000010     spi_nand.obj (.text:unlock_block)
                  00013cc0    00000010     main_full.obj (.text:vConfigureTimerForRunTimeStats)
                  00013cd0    0000000c     main.obj (.text:_system_pre_init)
                  00013cdc    0000000c     rts430x_lc_ld_eabi.lib : memory.c.obj (.text:malloc)
                  00013ce8    0000000c     main.obj (.text:vApplicationIdleHook)
                  00013cf4    0000000a     spi_nand.obj (.text:cs_drive_high)
                  00013cfe    0000000a     spi_nand.obj (.text:cs_drive_low)
                  00013d08    0000000a     main.obj (.text:vApplicationMallocFailedHook)
                  00013d12    0000000a     main.obj (.text:vApplicationStackOverflowHook)
                  00013d1c    00000008     rts430x_lc_ld_eabi.lib : fputc.c.obj (.text:putchar)
                  00013d24    00000008     list.obj (.text:vListInitialiseItem)
                  00013d2c    00000006     pmm.obj (.text:PMM_unlockLPM5)
                  00013d32    00000006     rts430x_lc_ld_eabi.lib : exit.c.obj (.text:abort)
                  00013d38    00000006     checkpoint.obj (.text:checkpoint_nand)
                  00013d3e    00000006     tasks.obj (.text:vTaskMissedYield)
                  00013d44    00000006     tasks.obj (.text:vTaskSuspendAll)
                  00013d4a    00000002     rts430x_lc_ld_eabi.lib : _lock.c.obj (.text:_nop)
                  00013d4c    00000002                            : startup.c.obj (.text:_system_post_cinit)
                  00013d4e    00000002     main.obj (.text:vApplicationTickHook)

MODULE SUMMARY

       Module                       code    ro data   rw data
       ------                       ----    -------   -------
    ./
       checkpoint.obj               408     0         14404  
       main.obj                     284     10        14337  
       spi_nand.obj                 1014    2         0      
       printf-stdarg.obj            900     8         0      
       spi.obj                      252     0         0      
       backup.obj                   240     0         0      
    +--+----------------------------+-------+---------+---------+
       Total:                       3098    20        28741  
                                                             
    ./FreeRTOS_Source/
       tasks.obj                    3354    52        232    
       queue.obj                    1526    0         0      
       timers.obj                   1082    8         56     
       list.obj                     194     0         0      
    +--+----------------------------+-------+---------+---------+
       Total:                       6156    60        288    
                                                             
    ./FreeRTOS_Source/portable/CCS/MSP430X/
       portext.obj                  166     0         0      
       port.obj                     52      2         2      
    +--+----------------------------+-------+---------+---------+
       Total:                       218     2         2      
                                                             
    ./FreeRTOS_Source/portable/MemMang/
       heap_4.obj                   852     0         32     
    +--+----------------------------+-------+---------+---------+
       Total:                       852     0         32     
                                                             
    ./Full_Demo/
       serial.obj                   106     2         8      
       main_full.obj                36      2         12     
    +--+----------------------------+-------+---------+---------+
       Total:                       142     4         20     
                                                             
    ./driverlib/MSP430FR5xx_6xx/
       gpio.obj                     222     28        0      
       cs.obj                       196     0         8      
       wdt_a.obj                    22      0         0      
       pmm.obj                      6       0         0      
    +--+----------------------------+-------+---------+---------+
       Total:                       446     28        8      
                                                             
    ./test/
       test.obj                     738     228       4610   
    +--+----------------------------+-------+---------+---------+
       Total:                       738     228       4610   
                                                             
    /home/test/ti/ccs1040/ccs/tools/compiler/ti-cgt-msp430_20.2.5.LTS/lib/rts430x_lc_ld_eabi.lib
       memory.c.obj                 1110    0         6      
       trgmsg.c.obj                 104     0         288    
       defs.c.obj                   0       0         362    
       setvbuf.c.obj                250     0         0      
       host_device.c.obj            0       0         180    
       hostlseek.c.obj              154     0         0      
       fputc.c.obj                  152     0         0      
       getdevice.c.obj              152     0         0      
       _io_perm.c.obj               134     0         0      
       autoinit.c.obj               120     0         0      
       hostopen.c.obj               112     0         8      
       copy_decompress_lzss.c.obj   118     0         0      
       fclose.c.obj                 116     0         0      
       fseek.c.obj                  116     0         0      
       hostrename.c.obj             116     0         0      
       hostwrite.c.obj              108     0         0      
       hostread.c.obj               106     0         0      
       fflush.c.obj                 96      0         0      
       close.c.obj                  90      0         0      
       div32u.asm.obj               88      0         0      
       exit.c.obj                   80      0         2      
       hostclose.c.obj              78      0         0      
       strncpy.c.obj                78      0         0      
       hostunlink.c.obj             70      0         0      
       asr32.asm.obj                62      0         0      
       lseek.c.obj                  62      0         0      
       lsl32.asm.obj                62      0         0      
       memcpy.c.obj                 60      0         0      
       write.c.obj                  60      0         0      
       fopen.c.obj                  54      0         0      
       unlink.c.obj                 48      0         0      
       copy_zero_init.c.obj         36      0         0      
       memset.c.obj                 32      0         0      
       boot.c.obj                   28      2         0      
       strchr.c.obj                 28      0         0      
       strcmp.c.obj                 28      0         0      
       mult16_f5hw.asm.obj          24      0         0      
       copy_decompress_none.c.obj   22      0         0      
       div16u.asm.obj               22      0         0      
       strcpy.c.obj                 18      0         0      
       strlen.c.obj                 18      0         0      
       _lock.c.obj                  2       0         8      
       exit_gvars.c.obj             0       0         8      
       isr_trap.asm.obj             8       0         0      
       int18.asm.obj                0       2         0      
       int19.asm.obj                0       2         0      
       int20.asm.obj                0       2         0      
       int21.asm.obj                0       2         0      
       int22.asm.obj                0       2         0      
       int23.asm.obj                0       2         0      
       int24.asm.obj                0       2         0      
       int25.asm.obj                0       2         0      
       int26.asm.obj                0       2         0      
       int27.asm.obj                0       2         0      
       int28.asm.obj                0       2         0      
       int29.asm.obj                0       2         0      
       int30.asm.obj                0       2         0      
       int31.asm.obj                0       2         0      
       int32.asm.obj                0       2         0      
       int33.asm.obj                0       2         0      
       int34.asm.obj                0       2         0      
       int35.asm.obj                0       2         0      
       int36.asm.obj                0       2         0      
       int37.asm.obj                0       2         0      
       int38.asm.obj                0       2         0      
       int39.asm.obj                0       2         0      
       int41.asm.obj                0       2         0      
       int42.asm.obj                0       2         0      
       int43.asm.obj                0       2         0      
       int44.asm.obj                0       2         0      
       int46.asm.obj                0       2         0      
       int47.asm.obj                0       2         0      
       int49.asm.obj                0       2         0      
       int50.asm.obj                0       2         0      
       int51.asm.obj                0       2         0      
       int52.asm.obj                0       2         0      
       int53.asm.obj                0       2         0      
       int54.asm.obj                0       2         0      
       startup.c.obj                2       0         0      
    +--+----------------------------+-------+---------+---------+
       Total:                       4224    70        862    
                                                             
       Heap:                        0       0         1024   
       Stack:                       0       0         1024   
       Linker Generated:            0       121       0      
    +--+----------------------------+-------+---------+---------+
       Grand Total:                 15874   533       36611  


LINKER GENERATED COPY TABLES

__TI_cinit_table @ 0000c26c records: 2, size/record: 8, table size: 16
	.data: load addr=0000c202, load size=00000057 bytes, run addr=00001c00, run size=000001f8 bytes, compression=lzss
	.bss: load addr=0000c266, load size=00000006 bytes, run addr=00001df8, run size=000001a4 bytes, compression=zero_init


LINKER GENERATED HANDLER TABLE

__TI_handler_table @ 0000c25a records: 3, size/record: 4, table size: 12
	index: 0, handler: __TI_zero_init
	index: 1, handler: __TI_decompress_lzss
	index: 2, handler: __TI_decompress_none


GLOBAL SYMBOLS: SORTED ALPHABETICALLY BY Name 

address   name                                      
-------   ----                                      
00000800  ADC12CTL0                                 
00000801  ADC12CTL0_H                               
00000800  ADC12CTL0_L                               
00000802  ADC12CTL1                                 
00000803  ADC12CTL1_H                               
00000802  ADC12CTL1_L                               
00000804  ADC12CTL2                                 
00000805  ADC12CTL2_H                               
00000804  ADC12CTL2_L                               
00000806  ADC12CTL3                                 
00000807  ADC12CTL3_H                               
00000806  ADC12CTL3_L                               
0000080a  ADC12HI                                   
0000080b  ADC12HI_H                                 
0000080a  ADC12HI_L                                 
00000812  ADC12IER0                                 
00000813  ADC12IER0_H                               
00000812  ADC12IER0_L                               
00000814  ADC12IER1                                 
00000815  ADC12IER1_H                               
00000814  ADC12IER1_L                               
00000816  ADC12IER2                                 
00000817  ADC12IER2_H                               
00000816  ADC12IER2_L                               
0000080c  ADC12IFGR0                                
0000080d  ADC12IFGR0_H                              
0000080c  ADC12IFGR0_L                              
0000080e  ADC12IFGR1                                
0000080f  ADC12IFGR1_H                              
0000080e  ADC12IFGR1_L                              
00000810  ADC12IFGR2                                
00000811  ADC12IFGR2_H                              
00000810  ADC12IFGR2_L                              
00000818  ADC12IV                                   
00000819  ADC12IV_H                                 
00000818  ADC12IV_L                                 
00000808  ADC12LO                                   
00000809  ADC12LO_H                                 
00000808  ADC12LO_L                                 
00000820  ADC12MCTL0                                
00000821  ADC12MCTL0_H                              
00000820  ADC12MCTL0_L                              
00000822  ADC12MCTL1                                
00000834  ADC12MCTL10                               
00000835  ADC12MCTL10_H                             
00000834  ADC12MCTL10_L                             
00000836  ADC12MCTL11                               
00000837  ADC12MCTL11_H                             
00000836  ADC12MCTL11_L                             
00000838  ADC12MCTL12                               
00000839  ADC12MCTL12_H                             
00000838  ADC12MCTL12_L                             
0000083a  ADC12MCTL13                               
0000083b  ADC12MCTL13_H                             
0000083a  ADC12MCTL13_L                             
0000083c  ADC12MCTL14                               
0000083d  ADC12MCTL14_H                             
0000083c  ADC12MCTL14_L                             
0000083e  ADC12MCTL15                               
0000083f  ADC12MCTL15_H                             
0000083e  ADC12MCTL15_L                             
00000840  ADC12MCTL16                               
00000841  ADC12MCTL16_H                             
00000840  ADC12MCTL16_L                             
00000842  ADC12MCTL17                               
00000843  ADC12MCTL17_H                             
00000842  ADC12MCTL17_L                             
00000844  ADC12MCTL18                               
00000845  ADC12MCTL18_H                             
00000844  ADC12MCTL18_L                             
00000846  ADC12MCTL19                               
00000847  ADC12MCTL19_H                             
00000846  ADC12MCTL19_L                             
00000823  ADC12MCTL1_H                              
00000822  ADC12MCTL1_L                              
00000824  ADC12MCTL2                                
00000848  ADC12MCTL20                               
00000849  ADC12MCTL20_H                             
00000848  ADC12MCTL20_L                             
0000084a  ADC12MCTL21                               
0000084b  ADC12MCTL21_H                             
0000084a  ADC12MCTL21_L                             
0000084c  ADC12MCTL22                               
0000084d  ADC12MCTL22_H                             
0000084c  ADC12MCTL22_L                             
0000084e  ADC12MCTL23                               
0000084f  ADC12MCTL23_H                             
0000084e  ADC12MCTL23_L                             
00000850  ADC12MCTL24                               
00000851  ADC12MCTL24_H                             
00000850  ADC12MCTL24_L                             
00000852  ADC12MCTL25                               
00000853  ADC12MCTL25_H                             
00000852  ADC12MCTL25_L                             
00000854  ADC12MCTL26                               
00000855  ADC12MCTL26_H                             
00000854  ADC12MCTL26_L                             
00000856  ADC12MCTL27                               
00000857  ADC12MCTL27_H                             
00000856  ADC12MCTL27_L                             
00000858  ADC12MCTL28                               
00000859  ADC12MCTL28_H                             
00000858  ADC12MCTL28_L                             
0000085a  ADC12MCTL29                               
0000085b  ADC12MCTL29_H                             
0000085a  ADC12MCTL29_L                             
00000825  ADC12MCTL2_H                              
00000824  ADC12MCTL2_L                              
00000826  ADC12MCTL3                                
0000085c  ADC12MCTL30                               
0000085d  ADC12MCTL30_H                             
0000085c  ADC12MCTL30_L                             
0000085e  ADC12MCTL31                               
0000085f  ADC12MCTL31_H                             
0000085e  ADC12MCTL31_L                             
00000827  ADC12MCTL3_H                              
00000826  ADC12MCTL3_L                              
00000828  ADC12MCTL4                                
00000829  ADC12MCTL4_H                              
00000828  ADC12MCTL4_L                              
0000082a  ADC12MCTL5                                
0000082b  ADC12MCTL5_H                              
0000082a  ADC12MCTL5_L                              
0000082c  ADC12MCTL6                                
0000082d  ADC12MCTL6_H                              
0000082c  ADC12MCTL6_L                              
0000082e  ADC12MCTL7                                
0000082f  ADC12MCTL7_H                              
0000082e  ADC12MCTL7_L                              
00000830  ADC12MCTL8                                
00000831  ADC12MCTL8_H                              
00000830  ADC12MCTL8_L                              
00000832  ADC12MCTL9                                
00000833  ADC12MCTL9_H                              
00000832  ADC12MCTL9_L                              
00000860  ADC12MEM0                                 
00000861  ADC12MEM0_H                               
00000860  ADC12MEM0_L                               
00000862  ADC12MEM1                                 
00000874  ADC12MEM10                                
00000875  ADC12MEM10_H                              
00000874  ADC12MEM10_L                              
00000876  ADC12MEM11                                
00000877  ADC12MEM11_H                              
00000876  ADC12MEM11_L                              
00000878  ADC12MEM12                                
00000879  ADC12MEM12_H                              
00000878  ADC12MEM12_L                              
0000087a  ADC12MEM13                                
0000087b  ADC12MEM13_H                              
0000087a  ADC12MEM13_L                              
0000087c  ADC12MEM14                                
0000087d  ADC12MEM14_H                              
0000087c  ADC12MEM14_L                              
0000087e  ADC12MEM15                                
0000087f  ADC12MEM15_H                              
0000087e  ADC12MEM15_L                              
00000880  ADC12MEM16                                
00000881  ADC12MEM16_H                              
00000880  ADC12MEM16_L                              
00000882  ADC12MEM17                                
00000883  ADC12MEM17_H                              
00000882  ADC12MEM17_L                              
00000884  ADC12MEM18                                
00000885  ADC12MEM18_H                              
00000884  ADC12MEM18_L                              
00000886  ADC12MEM19                                
00000887  ADC12MEM19_H                              
00000886  ADC12MEM19_L                              
00000863  ADC12MEM1_H                               
00000862  ADC12MEM1_L                               
00000864  ADC12MEM2                                 
00000888  ADC12MEM20                                
00000889  ADC12MEM20_H                              
00000888  ADC12MEM20_L                              
0000088a  ADC12MEM21                                
0000088b  ADC12MEM21_H                              
0000088a  ADC12MEM21_L                              
0000088c  ADC12MEM22                                
0000088d  ADC12MEM22_H                              
0000088c  ADC12MEM22_L                              
0000088e  ADC12MEM23                                
0000088f  ADC12MEM23_H                              
0000088e  ADC12MEM23_L                              
00000890  ADC12MEM24                                
00000891  ADC12MEM24_H                              
00000890  ADC12MEM24_L                              
00000892  ADC12MEM25                                
00000893  ADC12MEM25_H                              
00000892  ADC12MEM25_L                              
00000894  ADC12MEM26                                
00000895  ADC12MEM26_H                              
00000894  ADC12MEM26_L                              
00000896  ADC12MEM27                                
00000897  ADC12MEM27_H                              
00000896  ADC12MEM27_L                              
00000898  ADC12MEM28                                
00000899  ADC12MEM28_H                              
00000898  ADC12MEM28_L                              
0000089a  ADC12MEM29                                
0000089b  ADC12MEM29_H                              
0000089a  ADC12MEM29_L                              
00000865  ADC12MEM2_H                               
00000864  ADC12MEM2_L                               
00000866  ADC12MEM3                                 
0000089c  ADC12MEM30                                
0000089d  ADC12MEM30_H                              
0000089c  ADC12MEM30_L                              
0000089e  ADC12MEM31                                
0000089f  ADC12MEM31_H                              
0000089e  ADC12MEM31_L                              
00000867  ADC12MEM3_H                               
00000866  ADC12MEM3_L                               
00000868  ADC12MEM4                                 
00000869  ADC12MEM4_H                               
00000868  ADC12MEM4_L                               
0000086a  ADC12MEM5                                 
0000086b  ADC12MEM5_H                               
0000086a  ADC12MEM5_L                               
0000086c  ADC12MEM6                                 
0000086d  ADC12MEM6_H                               
0000086c  ADC12MEM6_L                               
0000086e  ADC12MEM7                                 
0000086f  ADC12MEM7_H                               
0000086e  ADC12MEM7_L                               
00000870  ADC12MEM8                                 
00000871  ADC12MEM8_H                               
00000870  ADC12MEM8_L                               
00000872  ADC12MEM9                                 
00000873  ADC12MEM9_H                               
00000872  ADC12MEM9_L                               
000009c0  AESACTL0                                  
000009c1  AESACTL0_H                                
000009c0  AESACTL0_L                                
000009c2  AESACTL1                                  
000009c3  AESACTL1_H                                
000009c2  AESACTL1_L                                
000009c8  AESADIN                                   
000009c9  AESADIN_H                                 
000009c8  AESADIN_L                                 
000009ca  AESADOUT                                  
000009cb  AESADOUT_H                                
000009ca  AESADOUT_L                                
000009c6  AESAKEY                                   
000009c7  AESAKEY_H                                 
000009c6  AESAKEY_L                                 
000009c4  AESASTAT                                  
000009c5  AESASTAT_H                                
000009c4  AESASTAT_L                                
000009cc  AESAXDIN                                  
000009cd  AESAXDIN_H                                
000009cc  AESAXDIN_L                                
000009ce  AESAXIN                                   
000009cf  AESAXIN_H                                 
000009ce  AESAXIN_L                                 
000004be  BCD2BIN                                   
000004bf  BCD2BIN_H                                 
000004be  BCD2BIN_L                                 
000004bc  BIN2BCD                                   
000004bd  BIN2BCD_H                                 
000004bc  BIN2BCD_L                                 
00013d32  C$$EXIT                                   
00013548  C$$IO$$                                   
0000043e  CAPTIO0CTL                                
0000043f  CAPTIO0CTL_H                              
0000043e  CAPTIO0CTL_L                              
0000047e  CAPTIO1CTL                                
0000047f  CAPTIO1CTL_H                              
0000047e  CAPTIO1CTL_L                              
000008c0  CECTL0                                    
000008c1  CECTL0_H                                  
000008c0  CECTL0_L                                  
000008c2  CECTL1                                    
000008c3  CECTL1_H                                  
000008c2  CECTL1_L                                  
000008c4  CECTL2                                    
000008c5  CECTL2_H                                  
000008c4  CECTL2_L                                  
000008c6  CECTL3                                    
000008c7  CECTL3_H                                  
000008c6  CECTL3_L                                  
000008cc  CEINT                                     
000008cd  CEINT_H                                   
000008cc  CEINT_L                                   
000008ce  CEIV                                      
000008cf  CEIV_H                                    
000008ce  CEIV_L                                    
00000996  CRC16DIRBW0                               
00000997  CRC16DIRBW0_H                             
00000996  CRC16DIRBW0_L                             
00000990  CRC16DIW0                                 
00000991  CRC16DIW0_H                               
00000990  CRC16DIW0_L                               
00000998  CRC16INIRESW0                             
00000999  CRC16INIRESW0_H                           
00000998  CRC16INIRESW0_L                           
0000099e  CRC16RESRW0                               
0000099f  CRC16RESRW0_H                             
0000099e  CRC16RESRW0_L                             
00000986  CRC32DIRBW0                               
00000987  CRC32DIRBW0_H                             
00000986  CRC32DIRBW0_L                             
00000984  CRC32DIRBW1                               
00000985  CRC32DIRBW1_H                             
00000984  CRC32DIRBW1_L                             
00000980  CRC32DIW0                                 
00000981  CRC32DIW0_H                               
00000980  CRC32DIW0_L                               
00000982  CRC32DIW1                                 
00000983  CRC32DIW1_H                               
00000982  CRC32DIW1_L                               
00000988  CRC32INIRESW0                             
00000989  CRC32INIRESW0_H                           
00000988  CRC32INIRESW0_L                           
0000098a  CRC32INIRESW1                             
0000098b  CRC32INIRESW1_H                           
0000098a  CRC32INIRESW1_L                           
0000098e  CRC32RESRW0                               
0000098f  CRC32RESRW0_H                             
0000098e  CRC32RESRW0_L                             
0000098c  CRC32RESRW1                               
0000098d  CRC32RESRW1_H                             
0000098c  CRC32RESRW1_L                             
00000150  CRCDI                                     
00000152  CRCDIRB                                   
00000153  CRCDIRB_H                                 
00000152  CRCDIRB_L                                 
00000151  CRCDI_H                                   
00000150  CRCDI_L                                   
00000154  CRCINIRES                                 
00000155  CRCINIRES_H                               
00000154  CRCINIRES_L                               
00000156  CRCRESR                                   
00000157  CRCRESR_H                                 
00000156  CRCRESR_L                                 
00000160  CSCTL0                                    
00000161  CSCTL0_H                                  
00000160  CSCTL0_L                                  
00000162  CSCTL1                                    
00000163  CSCTL1_H                                  
00000162  CSCTL1_L                                  
00000164  CSCTL2                                    
00000165  CSCTL2_H                                  
00000164  CSCTL2_L                                  
00000166  CSCTL3                                    
00000167  CSCTL3_H                                  
00000166  CSCTL3_L                                  
00000168  CSCTL4                                    
00000169  CSCTL4_H                                  
00000168  CSCTL4_L                                  
0000016a  CSCTL5                                    
0000016b  CSCTL5_H                                  
0000016a  CSCTL5_L                                  
0000016c  CSCTL6                                    
0000016d  CSCTL6_H                                  
0000016c  CSCTL6_L                                  
0001294a  CS_initClockSignal                        
00013c68  CS_setDCOFreq                             
00013c7a  CS_setExternalClockSource                 
000133fa  CS_turnOnLFXT                             
00000510  DMA0CTL                                   
00000511  DMA0CTL_H                                 
00000510  DMA0CTL_L                                 
00000516  DMA0DA                                    
00000518  DMA0DAH                                   
00000516  DMA0DAL                                   
00000512  DMA0SA                                    
00000514  DMA0SAH                                   
00000512  DMA0SAL                                   
0000051a  DMA0SZ                                    
0000051b  DMA0SZ_H                                  
0000051a  DMA0SZ_L                                  
00000520  DMA1CTL                                   
00000521  DMA1CTL_H                                 
00000520  DMA1CTL_L                                 
00000526  DMA1DA                                    
00000528  DMA1DAH                                   
00000526  DMA1DAL                                   
00000522  DMA1SA                                    
00000524  DMA1SAH                                   
00000522  DMA1SAL                                   
0000052a  DMA1SZ                                    
0000052b  DMA1SZ_H                                  
0000052a  DMA1SZ_L                                  
00000530  DMA2CTL                                   
00000531  DMA2CTL_H                                 
00000530  DMA2CTL_L                                 
00000536  DMA2DA                                    
00000538  DMA2DAH                                   
00000536  DMA2DAL                                   
00000532  DMA2SA                                    
00000534  DMA2SAH                                   
00000532  DMA2SAL                                   
0000053a  DMA2SZ                                    
0000053b  DMA2SZ_H                                  
0000053a  DMA2SZ_L                                  
00000540  DMA3CTL                                   
00000541  DMA3CTL_H                                 
00000540  DMA3CTL_L                                 
00000546  DMA3DA                                    
00000548  DMA3DAH                                   
00000546  DMA3DAL                                   
00000542  DMA3SA                                    
00000544  DMA3SAH                                   
00000542  DMA3SAL                                   
0000054a  DMA3SZ                                    
0000054b  DMA3SZ_H                                  
0000054a  DMA3SZ_L                                  
00000550  DMA4CTL                                   
00000551  DMA4CTL_H                                 
00000550  DMA4CTL_L                                 
00000556  DMA4DA                                    
00000558  DMA4DAH                                   
00000556  DMA4DAL                                   
00000552  DMA4SA                                    
00000554  DMA4SAH                                   
00000552  DMA4SAL                                   
0000055a  DMA4SZ                                    
0000055b  DMA4SZ_H                                  
0000055a  DMA4SZ_L                                  
00000560  DMA5CTL                                   
00000561  DMA5CTL_H                                 
00000560  DMA5CTL_L                                 
00000566  DMA5DA                                    
00000568  DMA5DAH                                   
00000566  DMA5DAL                                   
00000562  DMA5SA                                    
00000564  DMA5SAH                                   
00000562  DMA5SAL                                   
0000056a  DMA5SZ                                    
0000056b  DMA5SZ_H                                  
0000056a  DMA5SZ_L                                  
00000500  DMACTL0                                   
00000501  DMACTL0_H                                 
00000500  DMACTL0_L                                 
00000502  DMACTL1                                   
00000503  DMACTL1_H                                 
00000502  DMACTL1_L                                 
00000504  DMACTL2                                   
00000505  DMACTL2_H                                 
00000504  DMACTL2_L                                 
00000508  DMACTL4                                   
00000509  DMACTL4_H                                 
00000508  DMACTL4_L                                 
0000050e  DMAIV                                     
0000050f  DMAIV_H                                   
0000050e  DMAIV_L                                   
00000140  FRCTL0                                    
00000141  FRCTL0_H                                  
00000140  FRCTL0_L                                  
00000144  GCCTL0                                    
00000145  GCCTL0_H                                  
00000144  GCCTL0_L                                  
00000146  GCCTL1                                    
00000147  GCCTL1_H                                  
00000146  GCCTL1_L                                  
000135b8  GPIO_setAsOutputPin                       
00012646  GPIO_setAsPeripheralModuleFunctionInputPin
00013a8a  GPIO_setOutputHighOnPin                   
00013aa6  GPIO_setOutputLowOnPin                    
00012f98  HOSTclose                                 
00011e04  HOSTlseek                                 
0001272a  HOSTopen                                  
000128e0  HOSTread                                  
000124ea  HOSTrename                                
000131f8  HOSTunlink                                
00012808  HOSTwrite                                 
00000a80  LEACAP                                    
00000a82  LEACAPH                                   
00000a80  LEACAPL                                   
00000a98  LEACMA                                    
00000a9a  LEACMAH                                   
00000a98  LEACMAL                                   
00000a9c  LEACMCTL                                  
00000a9e  LEACMCTLH                                 
00000a9c  LEACMCTLL                                 
00000aa8  LEACMDSTAT                                
00000aaa  LEACMDSTATH                               
00000aa8  LEACMDSTATL                               
00000a84  LEACNF0                                   
00000a86  LEACNF0H                                  
00000a84  LEACNF0L                                  
00000a88  LEACNF1                                   
00000a8a  LEACNF1H                                  
00000a88  LEACNF1L                                  
00000a8c  LEACNF2                                   
00000a8e  LEACNF2H                                  
00000a8c  LEACNF2L                                  
00000ab4  LEADSTSTAT                                
00000ab6  LEADSTSTATH                               
00000ab4  LEADSTSTATL                               
00000af4  LEAIE                                     
00000af6  LEAIEH                                    
00000af4  LEAIEL                                    
00000af8  LEAIFG                                    
00000afa  LEAIFGH                                   
00000af8  LEAIFGL                                   
00000af0  LEAIFGSET                                 
00000af2  LEAIFGSETH                                
00000af0  LEAIFGSETL                                
00000afc  LEAIV                                     
00000afe  LEAIVH                                    
00000afc  LEAIVL                                    
00000a90  LEAMB                                     
00000a92  LEAMBH                                    
00000a90  LEAMBL                                    
00000a94  LEAMT                                     
00000a96  LEAMTH                                    
00000a94  LEAMTL                                    
00000ad0  LEAPMCB                                   
00000ad2  LEAPMCBH                                  
00000ad0  LEAPMCBL                                  
00000ac0  LEAPMCTL                                  
00000ac2  LEAPMCTLH                                 
00000ac0  LEAPMCTLL                                 
00000ac4  LEAPMDST                                  
00000ac6  LEAPMDSTH                                 
00000ac4  LEAPMDSTL                                 
00000acc  LEAPMS0                                   
00000ace  LEAPMS0H                                  
00000acc  LEAPMS0L                                  
00000ac8  LEAPMS1                                   
00000aca  LEAPMS1H                                  
00000ac8  LEAPMS1L                                  
00000ab0  LEAS0STAT                                 
00000ab2  LEAS0STATH                                
00000ab0  LEAS0STATL                                
00000aac  LEAS1STAT                                 
00000aae  LEAS1STATH                                
00000aac  LEAS1STATL                                
000004c4  MAC                                       
000004da  MAC32H                                    
000004db  MAC32H_H                                  
000004da  MAC32H_L                                  
000004d8  MAC32L                                    
000004d9  MAC32L_H                                  
000004d8  MAC32L_L                                  
000004c6  MACS                                      
000004de  MACS32H                                   
000004df  MACS32H_H                                 
000004de  MACS32H_L                                 
000004dc  MACS32L                                   
000004dd  MACS32L_H                                 
000004dc  MACS32L_L                                 
000004c7  MACS_H                                    
000004c6  MACS_L                                    
000004c5  MAC_H                                     
000004c4  MAC_L                                     
000005a0  MPUCTL0                                   
000005a1  MPUCTL0_H                                 
000005a0  MPUCTL0_L                                 
000005a2  MPUCTL1                                   
000005a3  MPUCTL1_H                                 
000005a2  MPUCTL1_L                                 
000005aa  MPUIPC0                                   
000005ab  MPUIPC0_H                                 
000005aa  MPUIPC0_L                                 
000005ae  MPUIPSEGB1                                
000005af  MPUIPSEGB1_H                              
000005ae  MPUIPSEGB1_L                              
000005ac  MPUIPSEGB2                                
000005ad  MPUIPSEGB2_H                              
000005ac  MPUIPSEGB2_L                              
000005a8  MPUSAM                                    
000005a9  MPUSAM_H                                  
000005a8  MPUSAM_L                                  
000005a6  MPUSEGB1                                  
000005a7  MPUSEGB1_H                                
000005a6  MPUSEGB1_L                                
000005a4  MPUSEGB2                                  
000005a5  MPUSEGB2_H                                
000005a4  MPUSEGB2_L                                
000004c0  MPY                                       
000004ec  MPY32CTL0                                 
000004ed  MPY32CTL0_H                               
000004ec  MPY32CTL0_L                               
000004d2  MPY32H                                    
000004d3  MPY32H_H                                  
000004d2  MPY32H_L                                  
000004d0  MPY32L                                    
000004d1  MPY32L_H                                  
000004d0  MPY32L_L                                  
000004c2  MPYS                                      
000004d6  MPYS32H                                   
000004d7  MPYS32H_H                                 
000004d6  MPYS32H_L                                 
000004d4  MPYS32L                                   
000004d5  MPYS32L_H                                 
000004d4  MPYS32L_L                                 
000004c3  MPYS_H                                    
000004c2  MPYS_L                                    
000004c1  MPY_H                                     
000004c0  MPY_L                                     
000004c8  OP2                                       
000004e2  OP2H                                      
000004e3  OP2H_H                                    
000004e2  OP2H_L                                    
000004e0  OP2L                                      
000004e1  OP2L_H                                    
000004e0  OP2L_L                                    
000004c9  OP2_H                                     
000004c8  OP2_L                                     
00000204  P1DIR                                     
0000021a  P1IE                                      
00000218  P1IES                                     
0000021c  P1IFG                                     
00000200  P1IN                                      
0000020e  P1IV                                      
0000020f  P1IV_H                                    
0000020e  P1IV_L                                    
00000202  P1OUT                                     
00000206  P1REN                                     
0000020a  P1SEL0                                    
0000020c  P1SEL1                                    
00000216  P1SELC                                    
00000205  P2DIR                                     
0000021b  P2IE                                      
00000219  P2IES                                     
0000021d  P2IFG                                     
00000201  P2IN                                      
0000021e  P2IV                                      
0000021f  P2IV_H                                    
0000021e  P2IV_L                                    
00000203  P2OUT                                     
00000207  P2REN                                     
0000020b  P2SEL0                                    
0000020d  P2SEL1                                    
00000217  P2SELC                                    
00000224  P3DIR                                     
0000023a  P3IE                                      
00000238  P3IES                                     
0000023c  P3IFG                                     
00000220  P3IN                                      
0000022e  P3IV                                      
0000022f  P3IV_H                                    
0000022e  P3IV_L                                    
00000222  P3OUT                                     
00000226  P3REN                                     
0000022a  P3SEL0                                    
0000022c  P3SEL1                                    
00000236  P3SELC                                    
00000225  P4DIR                                     
0000023b  P4IE                                      
00000239  P4IES                                     
0000023d  P4IFG                                     
00000221  P4IN                                      
0000023e  P4IV                                      
0000023f  P4IV_H                                    
0000023e  P4IV_L                                    
00000223  P4OUT                                     
00000227  P4REN                                     
0000022b  P4SEL0                                    
0000022d  P4SEL1                                    
00000237  P4SELC                                    
00000244  P5DIR                                     
0000025a  P5IE                                      
00000258  P5IES                                     
0000025c  P5IFG                                     
00000240  P5IN                                      
0000024e  P5IV                                      
0000024f  P5IV_H                                    
0000024e  P5IV_L                                    
00000242  P5OUT                                     
00000246  P5REN                                     
0000024a  P5SEL0                                    
0000024c  P5SEL1                                    
00000256  P5SELC                                    
00000245  P6DIR                                     
0000025b  P6IE                                      
00000259  P6IES                                     
0000025d  P6IFG                                     
00000241  P6IN                                      
0000025e  P6IV                                      
0000025f  P6IV_H                                    
0000025e  P6IV_L                                    
00000243  P6OUT                                     
00000247  P6REN                                     
0000024b  P6SEL0                                    
0000024d  P6SEL1                                    
00000257  P6SELC                                    
00000264  P7DIR                                     
0000027a  P7IE                                      
00000278  P7IES                                     
0000027c  P7IFG                                     
00000260  P7IN                                      
0000026e  P7IV                                      
0000026f  P7IV_H                                    
0000026e  P7IV_L                                    
00000262  P7OUT                                     
00000266  P7REN                                     
0000026a  P7SEL0                                    
0000026c  P7SEL1                                    
00000276  P7SELC                                    
00000265  P8DIR                                     
0000027b  P8IE                                      
00000279  P8IES                                     
0000027d  P8IFG                                     
00000261  P8IN                                      
0000027e  P8IV                                      
0000027f  P8IV_H                                    
0000027e  P8IV_L                                    
00000263  P8OUT                                     
00000267  P8REN                                     
0000026b  P8SEL0                                    
0000026d  P8SEL1                                    
00000277  P8SELC                                    
00000284  P9DIR                                     
0000029a  P9IE                                      
00000298  P9IES                                     
0000029c  P9IFG                                     
00000280  P9IN                                      
0000028e  P9IV                                      
0000028f  P9IV_H                                    
0000028e  P9IV_L                                    
00000282  P9OUT                                     
00000286  P9REN                                     
0000028a  P9SEL0                                    
0000028c  P9SEL1                                    
00000296  P9SELC                                    
00000204  PADIR                                     
00000205  PADIR_H                                   
00000204  PADIR_L                                   
0000021a  PAIE                                      
00000218  PAIES                                     
00000219  PAIES_H                                   
00000218  PAIES_L                                   
0000021b  PAIE_H                                    
0000021a  PAIE_L                                    
0000021c  PAIFG                                     
0000021d  PAIFG_H                                   
0000021c  PAIFG_L                                   
00000200  PAIN                                      
00000201  PAIN_H                                    
00000200  PAIN_L                                    
00000202  PAOUT                                     
00000203  PAOUT_H                                   
00000202  PAOUT_L                                   
00000206  PAREN                                     
00000207  PAREN_H                                   
00000206  PAREN_L                                   
0000020a  PASEL0                                    
0000020b  PASEL0_H                                  
0000020a  PASEL0_L                                  
0000020c  PASEL1                                    
0000020d  PASEL1_H                                  
0000020c  PASEL1_L                                  
00000216  PASELC                                    
[...]
00000986  CRC32DIRBW0                               
00000986  CRC32DIRBW0_L                             
00000987  CRC32DIRBW0_H                             
00000988  CRC32INIRESW0                             
00000988  CRC32INIRESW0_L                           
00000989  CRC32INIRESW0_H                           
0000098a  CRC32INIRESW1                             
0000098a  CRC32INIRESW1_L                           
0000098b  CRC32INIRESW1_H                           
0000098c  CRC32RESRW1                               
0000098c  CRC32RESRW1_L                             
0000098d  CRC32RESRW1_H                             
0000098e  CRC32RESRW0                               
0000098e  CRC32RESRW0_L                             
0000098f  CRC32RESRW0_H                             
00000990  CRC16DIW0                                 
00000990  CRC16DIW0_L                               
00000991  CRC16DIW0_H                               
00000996  CRC16DIRBW0                               
00000996  CRC16DIRBW0_L                             
00000997  CRC16DIRBW0_H                             
00000998  CRC16INIRESW0                             
00000998  CRC16INIRESW0_L                           
00000999  CRC16INIRESW0_H                           
0000099e  CRC16RESRW0                               
0000099e  CRC16RESRW0_L                             
0000099f  CRC16RESRW0_H                             
000009c0  AESACTL0                                  
000009c0  AESACTL0_L                                
000009c1  AESACTL0_H                                
000009c2  AESACTL1                                  
000009c2  AESACTL1_L                                
000009c3  AESACTL1_H                                
000009c4  AESASTAT                                  
000009c4  AESASTAT_L                                
000009c5  AESASTAT_H                                
000009c6  AESAKEY                                   
000009c6  AESAKEY_L                                 
000009c7  AESAKEY_H                                 
000009c8  AESADIN                                   
000009c8  AESADIN_L                                 
000009c9  AESADIN_H                                 
000009ca  AESADOUT                                  
000009ca  AESADOUT_L                                
000009cb  AESADOUT_H                                
000009cc  AESAXDIN                                  
000009cc  AESAXDIN_L                                
000009cd  AESAXDIN_H                                
000009ce  AESAXIN                                   
000009ce  AESAXIN_L                                 
000009cf  AESAXIN_H                                 
00000a80  LEACAP                                    
00000a80  LEACAPL                                   
00000a82  LEACAPH                                   
00000a84  LEACNF0                                   
00000a84  LEACNF0L                                  
00000a86  LEACNF0H                                  
00000a88  LEACNF1                                   
00000a88  LEACNF1L                                  
00000a8a  LEACNF1H                                  
00000a8c  LEACNF2                                   
00000a8c  LEACNF2L                                  
00000a8e  LEACNF2H                                  
00000a90  LEAMB                                     
00000a90  LEAMBL                                    
00000a92  LEAMBH                                    
00000a94  LEAMT                                     
00000a94  LEAMTL                                    
00000a96  LEAMTH                                    
00000a98  LEACMA                                    
00000a98  LEACMAL                                   
00000a9a  LEACMAH                                   
00000a9c  LEACMCTL                                  
00000a9c  LEACMCTLL                                 
00000a9e  LEACMCTLH                                 
00000aa8  LEACMDSTAT                                
00000aa8  LEACMDSTATL                               
00000aaa  LEACMDSTATH                               
00000aac  LEAS1STAT                                 
00000aac  LEAS1STATL                                
00000aae  LEAS1STATH                                
00000ab0  LEAS0STAT                                 
00000ab0  LEAS0STATL                                
00000ab2  LEAS0STATH                                
00000ab4  LEADSTSTAT                                
00000ab4  LEADSTSTATL                               
00000ab6  LEADSTSTATH                               
00000ac0  LEAPMCTL                                  
00000ac0  LEAPMCTLL                                 
00000ac2  LEAPMCTLH                                 
00000ac4  LEAPMDST                                  
00000ac4  LEAPMDSTL                                 
00000ac6  LEAPMDSTH                                 
00000ac8  LEAPMS1                                   
00000ac8  LEAPMS1L                                  
00000aca  LEAPMS1H                                  
00000acc  LEAPMS0                                   
00000acc  LEAPMS0L                                  
00000ace  LEAPMS0H                                  
00000ad0  LEAPMCB                                   
00000ad0  LEAPMCBL                                  
00000ad2  LEAPMCBH                                  
00000af0  LEAIFGSET                                 
00000af0  LEAIFGSETL                                
00000af2  LEAIFGSETH                                
00000af4  LEAIE                                     
00000af4  LEAIEL                                    
00000af6  LEAIEH                                    
00000af8  LEAIFG                                    
00000af8  LEAIFGL                                   
00000afa  LEAIFGH                                   
00000afc  LEAIV                                     
00000afc  LEAIVL                                    
00000afe  LEAIVH                                    
00001c00  __data__                                  
00001c00  _ftable                                   
00001cc8  _device                                   
00001d40  _stream                                   
00001d7c  pxCurrentTCB                              
00001dc0  usRegTest1LoopCounter                     
00001dc2  usRegTest2LoopCounter                     
00001dc4  ulRunTimeCounterOverflows                 
00001de0  __TI_cleanup_ptr                          
00001de4  __TI_dtors_ptr                            
00001de8  _lock                                     
00001dec  _unlock                                   
00001df0  usCriticalNesting                         
00001df2  __TI_ft_end                               
00001df4  __TI_enable_exit_profile_output           
00001df8  __TI_tmpnams                              
00001df8  __bss__                                   
00001df8  __dataEnd__                               
00001f90  parmbuf                                   
00001f9c  __bssEnd__                                
00002800  __stack__                                 
00002800  _stack                                    
00002c00  __STACK_END                               
00002c00  __stackEnd__                              
00004000  fram_rw_start                             
00004000  heap_buffer                               
00007800  ucHeap                                    
0000b000  input                                     
0000b800  shutdown_test                             
0000b801  undo_log_ptr                              
0000b802  backuped                                  
0000b804  _CIOBUF_                                  
0000b924  _sys_memory                               
0000c000  fram_ipe_end                              
0000c000  fram_ipe_start                            
0000c000  fram_rx_start                             
0000c000  prvUSCI_A0_ISR                            
0000c06a  _c_int00_noargs                           
0000c086  v4RunTimeStatsTimerOverflow               
0000c09a  vTickISREntry                             
0000c0aa  __TI_ISR_TRAP                             
0000c1fe  uxTopUsedPriority                         
0000c25a  __TI_Handler_Table_Base                   
0000c266  __TI_Handler_Table_Limit                  
0000c26c  __TI_CINIT_Base                           
0000c27c  __TI_CINIT_Limit                          
0000ffb4  __TI_int18                                
0000ffb6  __TI_int19                                
0000ffb8  __TI_int20                                
0000ffba  __TI_int21                                
0000ffbc  __TI_int22                                
0000ffbe  __TI_int23                                
0000ffc0  __TI_int24                                
0000ffc2  __TI_int25                                
0000ffc4  __TI_int26                                
0000ffc6  __TI_int27                                
0000ffc8  __TI_int28                                
0000ffca  __TI_int29                                
0000ffcc  __TI_int30                                
0000ffce  __TI_int31                                
0000ffd0  __TI_int32                                
0000ffd2  __TI_int33                                
0000ffd4  __TI_int34                                
0000ffd6  __TI_int35                                
0000ffd8  __TI_int36                                
0000ffda  __TI_int37                                
0000ffdc  __TI_int38                                
0000ffde  __TI_int39                                
0000ffe0  __TI_int40                                
0000ffe2  __TI_int41                                
0000ffe4  __TI_int42                                
0000ffe6  __TI_int43                                
0000ffe8  __TI_int44                                
0000ffea  __TI_int45                                
0000ffec  __TI_int46                                
0000ffee  __TI_int47                                
0000fff0  __TI_int48                                
0000fff2  __TI_int49                                
0000fff4  __TI_int50                                
0000fff6  __TI_int51                                
0000fff8  __TI_int52                                
0000fffa  __TI_int53                                
0000fffc  __TI_int54                                
0000fffe  _reset_vector                             
000101fe  xTaskIncrementTick                        
00010596  aligned_alloc                             
00010596  memalign                                  
0001074c  xTaskResumeAll                            
000108d8  pvPortMalloc                              
00010a5c  xQueueReceive                             
00010d38  free                                      
00010e84  xTaskRemoveFromEventList                  
00010fd0  vTaskSwitchContext                        
0001122e  restore_nand                              
00011328  setvbuf                                   
00011422  vPortBackupASM                            
0001148c  vPortRestoreASM                           
000114f4  vPortShutdown                             
000114f4  vPortShutdownASM                          
000116e4  xQueueGenericReset                        
000117c2  xTaskPriorityDisinherit                   
00011ade  vPortPreemptiveTickISR                    
00011b0e  vPortCooperativeTickISR                   
00011b3a  vPortYield                                
00011b6a  xPortStartScheduler                       
00011b84  xTaskCheckForTimeOut                      
00011e04  HOSTlseek                                 
00011e9e  test_main                                 
00011f38  vPortFree                                 
00011fd0  xQueueGenericSendFromISR                  
00012064  fputc                                     
00012064  putc                                      
000120f4  xTaskCreate                               
0001217e  __TI_wrt_ok                               
0001228a  xQueueReceiveFromISR                      
000123fc  __TI_auto_init_nobinit_nopinit_hold_wdt   
00012474  __TI_decompress_lzss                      
000124ea  HOSTrename                                
0001255e  __TI_closefile                            
000125d2  fseek                                     
00012646  GPIO_setAsPeripheralModuleFunctionInputPin
0001272a  HOSTopen                                  
0001279a  xQueueGenericCreate                       
00012808  HOSTwrite                                 
00012874  vTaskPlaceOnEventListRestricted           
000128e0  HOSTread                                  
0001294a  CS_initClockSignal                        
000129b0  vTaskStartScheduler                       
00012a16  getdevice                                 
00012ada  __TI_doflush                              
00012b3a  get_feature                               
00012b98  close                                     
00012c4c  spi_send_recv                             
00012ca6  read_id                                   
00012cfe  __mspabi_divul                            
00012cfe  __mspabi_remul                            
00012d56  read_from_cache_x1                        
00012dac  program_load_x1                           
00012e00  vListInsert                               
00012ea6  spi_send                                  
00012f48  spi_recv                                  
00012f98  HOSTclose                                 
00012fe6  strncpy                                   
00013034  vQueueWaitForMessageRestricted            
000130ce  xTimerCreateTimerTask                     
0001311a  block_erase                               
00013164  exit                                      
000131ae  program_execute                           
000131f8  HOSTunlink                                
00013284  set_feature                               
000132c8  __mspabi_sral_15                          
000132cc  __mspabi_sral_14                          
000132d0  __mspabi_sral_13                          
000132d4  __mspabi_sral_12                          
000132d8  __mspabi_sral_11                          
000132dc  __mspabi_sral_10                          
000132e0  __mspabi_sral_9                           
000132e4  __mspabi_sral_8                           
000132e8  __mspabi_sral_7                           
000132ec  __mspabi_sral_6                           
000132f0  __mspabi_sral_5                           
000132f4  __mspabi_sral_4                           
000132f8  __mspabi_sral_3                           
000132fc  __mspabi_sral_2                           
00013300  __mspabi_sral_1                           
00013306  __mspabi_slll_15                          
0001330a  __mspabi_slll_14                          
0001330e  __mspabi_slll_13                          
00013312  __mspabi_slll_12                          
00013316  __mspabi_slll_11                          
0001331a  __mspabi_slll_10                          
0001331e  __mspabi_slll_9                           
00013322  __mspabi_slll_8                           
00013326  __mspabi_slll_7                           
0001332a  __mspabi_slll_6                           
0001332e  __mspabi_slll_5                           
00013332  __mspabi_slll_4                           
00013336  __mspabi_slll_3                           
0001333a  __mspabi_slll_2                           
0001333e  __mspabi_slll_1                           
00013344  lseek                                     
00013382  memcpy                                    
000133be  write                                     
000133fa  CS_turnOnLFXT                             
00013434  page_read                                 
0001346e  uxListRemove                              
000134e0  __TI_cleanup                              
00013516  __TI_writemsg                             
00013548  C$$IO$$                                   
0001354c  finddevice                                
000135b8  GPIO_setAsOutputPin                       
000135ec  clear_all_blocks                          
00013688  __TI_readmsg                              
000136ba  remove                                    
000136ba  unlink                                    
000136ea  vTaskPlaceOnEventList                     
00013748  write_op                                  
000137ce  vListInitialise                           
000137fa  write_enable                              
00013850  main                                      
000138a4  vPortBackup                               
000138ce  write_disable                             
00013920  xTaskGetTickCount                         
00013948  vApplicationSetupTimerInterrupt           
00013948  vPortSetupTimerInterrupt                  
0001396e  vPortRestore                              
00013994  checkpoint                                
000139b8  __TI_zero_init_nomemset                   
000139dc  pxPortInitialiseStack                     
00013a00  read_op                                   
00013a24  restore                                   
00013a48  check_ecc                                 
00013a6a  memset                                    
00013a8a  GPIO_setOutputHighOnPin                   
00013aa6  GPIO_setOutputLowOnPin                    
00013ac2  spi_nand_init                             
00013ade  strchr                                    
00013afa  strcmp                                    
00013b16  erase_op                                  
00013b30  poll_for_oip                              
00013b48  printf                                    
00013b60  __mspabi_mpyi_f5hw                        
00013b78  xTaskGetSchedulerState                    
00013b90  WDT_A_hold                                
00013ba6  __TI_decompress_none                      
00013c14  __mspabi_divu                             
00013c14  __mspabi_remu                             
00013c40  enable_ecc                                
00013c54  vTaskInternalSetTimeOutState              
00013c68  CS_setDCOFreq                             
00013c7a  CS_setExternalClockSource                 
00013c8c  strcpy                                    
00013c9e  strlen                                    
00013cb0  unlock_block                              
00013cc0  vConfigureTimerForRunTimeStats            
00013cd0  _system_pre_init                          
00013cdc  malloc                                    
00013ce8  vApplicationIdleHook                      
00013cf4  cs_drive_high                             
00013cfe  cs_drive_low                              
00013d08  vApplicationMallocFailedHook              
00013d12  vApplicationStackOverflowHook             
00013d1c  putchar                                   
00013d24  vListInitialiseItem                       
00013d2c  PMM_unlockLPM5                            
00013d32  C$$EXIT                                   
00013d32  abort                                     
00013d38  checkpoint_nand                           
00013d3e  vTaskMissedYield                          
00013d44  vTaskSuspendAll                           
00013d4a  _nop                                      
00013d4c  _system_post_cinit                        
00013d4e  vApplicationTickHook                      
00013d50  output                                    
00014550  undo_log                                  
00014750  reg_buffer                                
00014788  pc_buffer                                 
0001478c  sp_buffer                                 
00014790  ret_buffer                                
ffffffff  __TI_pprof_out_hndl                       
ffffffff  __TI_prof_data_size                       
ffffffff  __TI_prof_data_start                      
ffffffff  __c_args__                                

[1807 symbols]
