<?xml version="1.0" encoding="ISO-8859-1" ?>
<link_info>
   <banner>MSP430 Linker Unix v20.2.5.LTS</banner>
   <copyright>Copyright (c) 2003-2018 Texas Instruments Incorporated</copyright>
   <link_time>0x6549f90a</link_time>
   <link_errors>0x0</link_errors>
   <output_file>RTOSDemo.out</output_file>
   <entry_point>
      <name>_c_int00_noargs</name>
      <address>0x5086</address>
   </entry_point>
   <input_file_list>
      <input_file id="fl-2">
         <path>./</path>
         <kind>object</kind>
         <file>LEDs.obj</file>
         <name>LEDs.obj</name>
      </input_file>
      <input_file id="fl-3">
         <path>./</path>
         <kind>object</kind>
         <file>backup.obj</file>
         <name>backup.obj</name>
      </input_file>
      <input_file id="fl-4">
         <path>./</path>
         <kind>object</kind>
         <file>main.obj</file>
         <name>main.obj</name>
      </input_file>
      <input_file id="fl-5">
         <path>./</path>
         <kind>object</kind>
         <file>my_timer.obj</file>
         <name>my_timer.obj</name>
      </input_file>
      <input_file id="fl-6">
         <path>./</path>
         <kind>object</kind>
         <file>printf-stdarg.obj</file>
         <name>printf-stdarg.obj</name>
      </input_file>
      <input_file id="fl-7">
         <path>./</path>
         <kind>object</kind>
         <file>spi.obj</file>
         <name>spi.obj</name>
      </input_file>
      <input_file id="fl-8">
         <path>./</path>
         <kind>object</kind>
         <file>spi_nand.obj</file>
         <name>spi_nand.obj</name>
      </input_file>
      <input_file id="fl-9">
         <path>./Blinky_Demo/</path>
         <kind>object</kind>
         <file>main_blinky.obj</file>
         <name>main_blinky.obj</name>
      </input_file>
      <input_file id="fl-a">
         <path>./CCS_Only/</path>
         <kind>object</kind>
         <file>RegTest.obj</file>
         <name>RegTest.obj</name>
      </input_file>
      <input_file id="fl-b">
         <path>./FreeRTOS_Source/</path>
         <kind>object</kind>
         <file>croutine.obj</file>
         <name>croutine.obj</name>
      </input_file>
      <input_file id="fl-c">
         <path>./FreeRTOS_Source/</path>
         <kind>object</kind>
         <file>event_groups.obj</file>
         <name>event_groups.obj</name>
      </input_file>
      <input_file id="fl-d">
         <path>./FreeRTOS_Source/</path>
         <kind>object</kind>
         <file>list.obj</file>
         <name>list.obj</name>
      </input_file>
      <input_file id="fl-e">
         <path>./FreeRTOS_Source/</path>
         <kind>object</kind>
         <file>queue.obj</file>
         <name>queue.obj</name>
      </input_file>
      <input_file id="fl-f">
         <path>./FreeRTOS_Source/</path>
         <kind>object</kind>
         <file>stream_buffer.obj</file>
         <name>stream_buffer.obj</name>
      </input_file>
      <input_file id="fl-10">
         <path>./FreeRTOS_Source/</path>
         <kind>object</kind>
         <file>tasks.obj</file>
         <name>tasks.obj</name>
      </input_file>
      <input_file id="fl-11">
         <path>./FreeRTOS_Source/</path>
         <kind>object</kind>
         <file>timers.obj</file>
         <name>timers.obj</name>
      </input_file>
      <input_file id="fl-12">
         <path>./FreeRTOS_Source/portable/CCS/MSP430X/</path>
         <kind>object</kind>
         <file>port.obj</file>
         <name>port.obj</name>
      </input_file>
      <input_file id="fl-13">
         <path>./FreeRTOS_Source/portable/CCS/MSP430X/</path>
         <kind>object</kind>
         <file>portext.obj</file>
         <name>portext.obj</name>
      </input_file>
      <input_file id="fl-14">
         <path>./FreeRTOS_Source/portable/MemMang/</path>
         <kind>object</kind>
         <file>heap_4.obj</file>
         <name>heap_4.obj</name>
      </input_file>
      <input_file id="fl-15">
         <path>./Full_Demo/FreeRTOS+CLI/</path>
         <kind>object</kind>
         <file>FreeRTOS_CLI.obj</file>
         <name>FreeRTOS_CLI.obj</name>
      </input_file>
      <input_file id="fl-16">
         <path>./Full_Demo/</path>
         <kind>object</kind>
         <file>Sample-CLI-commands.obj</file>
         <name>Sample-CLI-commands.obj</name>
      </input_file>
      <input_file id="fl-17">
         <path>./Full_Demo/</path>
         <kind>object</kind>
         <file>UARTCommandConsole.obj</file>
         <name>UARTCommandConsole.obj</name>
      </input_file>
      <input_file id="fl-18">
         <path>./Full_Demo/</path>
         <kind>object</kind>
         <file>main_full.obj</file>
         <name>main_full.obj</name>
      </input_file>
      <input_file id="fl-19">
         <path>./Full_Demo/</path>
         <kind>object</kind>
         <file>serial.obj</file>
         <name>serial.obj</name>
      </input_file>
      <input_file id="fl-1a">
         <path>./Full_Demo/Standard_Demo_Tasks/</path>
         <kind>object</kind>
         <file>EventGroupsDemo.obj</file>
         <name>EventGroupsDemo.obj</name>
      </input_file>
      <input_file id="fl-1b">
         <path>./Full_Demo/Standard_Demo_Tasks/</path>
         <kind>object</kind>
         <file>GenQTest.obj</file>
         <name>GenQTest.obj</name>
      </input_file>
      <input_file id="fl-1c">
         <path>./Full_Demo/Standard_Demo_Tasks/</path>
         <kind>object</kind>
         <file>TaskNotify.obj</file>
         <name>TaskNotify.obj</name>
      </input_file>
      <input_file id="fl-1d">
         <path>./Full_Demo/Standard_Demo_Tasks/</path>
         <kind>object</kind>
         <file>blocktim.obj</file>
         <name>blocktim.obj</name>
      </input_file>
      <input_file id="fl-1e">
         <path>./Full_Demo/Standard_Demo_Tasks/</path>
         <kind>object</kind>
         <file>countsem.obj</file>
         <name>countsem.obj</name>
      </input_file>
      <input_file id="fl-1f">
         <path>./Full_Demo/Standard_Demo_Tasks/</path>
         <kind>object</kind>
         <file>dynamic.obj</file>
         <name>dynamic.obj</name>
      </input_file>
      <input_file id="fl-20">
         <path>./Full_Demo/Standard_Demo_Tasks/</path>
         <kind>object</kind>
         <file>recmutex.obj</file>
         <name>recmutex.obj</name>
      </input_file>
      <input_file id="fl-21">
         <path>./driverlib/MSP430FR5xx_6xx/</path>
         <kind>object</kind>
         <file>adc12_b.obj</file>
         <name>adc12_b.obj</name>
      </input_file>
      <input_file id="fl-22">
         <path>./driverlib/MSP430FR5xx_6xx/</path>
         <kind>object</kind>
         <file>aes256.obj</file>
         <name>aes256.obj</name>
      </input_file>
      <input_file id="fl-23">
         <path>./driverlib/MSP430FR5xx_6xx/</path>
         <kind>object</kind>
         <file>comp_e.obj</file>
         <name>comp_e.obj</name>
      </input_file>
      <input_file id="fl-24">
         <path>./driverlib/MSP430FR5xx_6xx/</path>
         <kind>object</kind>
         <file>crc.obj</file>
         <name>crc.obj</name>
      </input_file>
      <input_file id="fl-25">
         <path>./driverlib/MSP430FR5xx_6xx/</path>
         <kind>object</kind>
         <file>crc32.obj</file>
         <name>crc32.obj</name>
      </input_file>
      <input_file id="fl-26">
         <path>./driverlib/MSP430FR5xx_6xx/</path>
         <kind>object</kind>
         <file>cs.obj</file>
         <name>cs.obj</name>
      </input_file>
      <input_file id="fl-27">
         <path>./driverlib/MSP430FR5xx_6xx/</path>
         <kind>object</kind>
         <file>dma.obj</file>
         <name>dma.obj</name>
      </input_file>
      <input_file id="fl-28">
         <path>./driverlib/MSP430FR5xx_6xx/</path>
         <kind>object</kind>
         <file>esi.obj</file>
         <name>esi.obj</name>
      </input_file>
      <input_file id="fl-29">
         <path>./driverlib/MSP430FR5xx_6xx/</path>
         <kind>object</kind>
         <file>eusci_a_spi.obj</file>
         <name>eusci_a_spi.obj</name>
      </input_file>
      <input_file id="fl-2a">
         <path>./driverlib/MSP430FR5xx_6xx/</path>
         <kind>object</kind>
         <file>eusci_a_uart.obj</file>
         <name>eusci_a_uart.obj</name>
      </input_file>
      <input_file id="fl-2b">
         <path>./driverlib/MSP430FR5xx_6xx/</path>
         <kind>object</kind>
         <file>eusci_b_i2c.obj</file>
         <name>eusci_b_i2c.obj</name>
      </input_file>
      <input_file id="fl-2c">
         <path>./driverlib/MSP430FR5xx_6xx/</path>
         <kind>object</kind>
         <file>eusci_b_spi.obj</file>
         <name>eusci_b_spi.obj</name>
      </input_file>
      <input_file id="fl-2d">
         <path>./driverlib/MSP430FR5xx_6xx/</path>
         <kind>object</kind>
         <file>framctl.obj</file>
         <name>framctl.obj</name>
      </input_file>
      <input_file id="fl-2e">
         <path>./driverlib/MSP430FR5xx_6xx/</path>
         <kind>object</kind>
         <file>gpio.obj</file>
         <name>gpio.obj</name>
      </input_file>
      <input_file id="fl-2f">
         <path>./driverlib/MSP430FR5xx_6xx/</path>
         <kind>object</kind>
         <file>lcd_c.obj</file>
         <name>lcd_c.obj</name>
      </input_file>
      <input_file id="fl-30">
         <path>./driverlib/MSP430FR5xx_6xx/</path>
         <kind>object</kind>
         <file>mpu.obj</file>
         <name>mpu.obj</name>
      </input_file>
      <input_file id="fl-31">
         <path>./driverlib/MSP430FR5xx_6xx/</path>
         <kind>object</kind>
         <file>mpy32.obj</file>
         <name>mpy32.obj</name>
      </input_file>
      <input_file id="fl-32">
         <path>./driverlib/MSP430FR5xx_6xx/</path>
         <kind>object</kind>
         <file>pmm.obj</file>
         <name>pmm.obj</name>
      </input_file>
      <input_file id="fl-33">
         <path>./driverlib/MSP430FR5xx_6xx/</path>
         <kind>object</kind>
         <file>ram.obj</file>
         <name>ram.obj</name>
      </input_file>
      <input_file id="fl-34">
         <path>./driverlib/MSP430FR5xx_6xx/</path>
         <kind>object</kind>
         <file>ref_a.obj</file>
         <name>ref_a.obj</name>
      </input_file>
      <input_file id="fl-35">
         <path>./driverlib/MSP430FR5xx_6xx/</path>
         <kind>object</kind>
         <file>rtc_b.obj</file>
         <name>rtc_b.obj</name>
      </input_file>
      <input_file id="fl-36">
         <path>./driverlib/MSP430FR5xx_6xx/</path>
         <kind>object</kind>
         <file>rtc_c.obj</file>
         <name>rtc_c.obj</name>
      </input_file>
      <input_file id="fl-37">
         <path>./driverlib/MSP430FR5xx_6xx/</path>
         <kind>object</kind>
         <file>sfr.obj</file>
         <name>sfr.obj</name>
      </input_file>
      <input_file id="fl-38">
         <path>./driverlib/MSP430FR5xx_6xx/</path>
         <kind>object</kind>
         <file>sysctl.obj</file>
         <name>sysctl.obj</name>
      </input_file>
      <input_file id="fl-39">
         <path>./driverlib/MSP430FR5xx_6xx/</path>
         <kind>object</kind>
         <file>timer_a.obj</file>
         <name>timer_a.obj</name>
      </input_file>
      <input_file id="fl-3a">
         <path>./driverlib/MSP430FR5xx_6xx/</path>
         <kind>object</kind>
         <file>timer_b.obj</file>
         <name>timer_b.obj</name>
      </input_file>
      <input_file id="fl-3b">
         <path>./driverlib/MSP430FR5xx_6xx/</path>
         <kind>object</kind>
         <file>tlv.obj</file>
         <name>tlv.obj</name>
      </input_file>
      <input_file id="fl-3c">
         <path>./driverlib/MSP430FR5xx_6xx/</path>
         <kind>object</kind>
         <file>wdt_a.obj</file>
         <name>wdt_a.obj</name>
      </input_file>
      <input_file id="fl-3d">
         <path>./test/</path>
         <kind>object</kind>
         <file>benchmark.obj</file>
         <name>benchmark.obj</name>
      </input_file>
      <input_file id="fl-3e">
         <path>./test/</path>
         <kind>object</kind>
         <file>test.obj</file>
         <name>test.obj</name>
      </input_file>
      <input_file id="fl-44">
         <kind>object</kind>
         <file>&lt;internal&gt;</file>
         <name>&lt;internal&gt;</name>
      </input_file>
      <input_file id="fl-5f">
         <path>/home/teliao/ti/ccs1040/ccs/tools/compiler/ti-cgt-msp430_20.2.5.LTS/lib/</path>
         <kind>archive</kind>
         <file>rts430x_lc_ld_eabi.lib</file>
         <name>copy_decompress_lzss.c.obj</name>
      </input_file>
      <input_file id="fl-60">
         <path>/home/teliao/ti/ccs1040/ccs/tools/compiler/ti-cgt-msp430_20.2.5.LTS/lib/</path>
         <kind>archive</kind>
         <file>rts430x_lc_ld_eabi.lib</file>
         <name>copy_decompress_none.c.obj</name>
      </input_file>
      <input_file id="fl-61">
         <path>/home/teliao/ti/ccs1040/ccs/tools/compiler/ti-cgt-msp430_20.2.5.LTS/lib/</path>
         <kind>archive</kind>
         <file>rts430x_lc_ld_eabi.lib</file>
         <name>int18.asm.obj</name>
      </input_file>
      <input_file id="fl-62">
         <path>/home/teliao/ti/ccs1040/ccs/tools/compiler/ti-cgt-msp430_20.2.5.LTS/lib/</path>
         <kind>archive</kind>
         <file>rts430x_lc_ld_eabi.lib</file>
         <name>isr_trap.asm.obj</name>
      </input_file>
      <input_file id="fl-63">
         <path>/home/teliao/ti/ccs1040/ccs/tools/compiler/ti-cgt-msp430_20.2.5.LTS/lib/</path>
         <kind>archive</kind>
         <file>rts430x_lc_ld_eabi.lib</file>
         <name>int19.asm.obj</name>
      </input_file>
      <input_file id="fl-64">
         <path>/home/teliao/ti/ccs1040/ccs/tools/compiler/ti-cgt-msp430_20.2.5.LTS/lib/</path>
         <kind>archive</kind>
         <file>rts430x_lc_ld_eabi.lib</file>
         <name>int20.asm.obj</name>
      </input_file>
      <input_file id="fl-65">
         <path>/home/teliao/ti/ccs1040/ccs/tools/compiler/ti-cgt-msp430_20.2.5.LTS/lib/</path>
         <kind>archive</kind>
         <file>rts430x_lc_ld_eabi.lib</file>
         <name>int21.asm.obj</name>
      </input_file>
      <input_file id="fl-66">
         <path>/home/teliao/ti/ccs1040/ccs/tools/compiler/ti-cgt-msp430_20.2.5.LTS/lib/</path>
         <kind>archive</kind>
         <file>rts430x_lc_ld_eabi.lib</file>
         <name>int22.asm.obj</name>
      </input_file>
      <input_file id="fl-67">
         <path>/home/teliao/ti/ccs1040/ccs/tools/compiler/ti-cgt-msp430_20.2.5.LTS/lib/</path>
         <kind>archive</kind>
         <file>rts430x_lc_ld_eabi.lib</file>
         <name>int23.asm.obj</name>
      </input_file>
      <input_file id="fl-68">
         <path>/home/teliao/ti/ccs1040/ccs/tools/compiler/ti-cgt-msp430_20.2.5.LTS/lib/</path>
         <kind>archive</kind>
         <file>rts430x_lc_ld_eabi.lib</file>
         <name>int24.asm.obj</name>
      </input_file>
      <input_file id="fl-69">
         <path>/home/teliao/ti/ccs1040/ccs/tools/compiler/ti-cgt-msp430_20.2.5.LTS/lib/</path>
         <kind>archive</kind>
         <file>rts430x_lc_ld_eabi.lib</file>
         <name>int25.asm.obj</name>
      </input_file>
      <input_file id="fl-6a">
         <path>/home/teliao/ti/ccs1040/ccs/tools/compiler/ti-cgt-msp430_20.2.5.LTS/lib/</path>
         <kind>archive</kind>
         <file>rts430x_lc_ld_eabi.lib</file>
         <name>int26.asm.obj</name>
      </input_file>
      <input_file id="fl-6b">
         <path>/home/teliao/ti/ccs1040/ccs/tools/compiler/ti-cgt-msp430_20.2.5.LTS/lib/</path>
         <kind>archive</kind>
         <file>rts430x_lc_ld_eabi.lib</file>
         <name>int27.asm.obj</name>
      </input_file>
      <input_file id="fl-6c">
         <path>/home/teliao/ti/ccs1040/ccs/tools/compiler/ti-cgt-msp430_20.2.5.LTS/lib/</path>
         <kind>archive</kind>
         <file>rts430x_lc_ld_eabi.lib</file>
         <name>int28.asm.obj</name>
      </input_file>
      <input_file id="fl-6d">
         <path>/home/teliao/ti/ccs1040/ccs/tools/compiler/ti-cgt-msp430_20.2.5.LTS/lib/</path>
         <kind>archive</kind>
         <file>rts430x_lc_ld_eabi.lib</file>
         <name>int29.asm.obj</name>
      </input_file>
      <input_file id="fl-6e">
         <path>/home/teliao/ti/ccs1040/ccs/tools/compiler/ti-cgt-msp430_20.2.5.LTS/lib/</path>
         <kind>archive</kind>
         <file>rts430x_lc_ld_eabi.lib</file>
         <name>int30.asm.obj</name>
      </input_file>
      <input_file id="fl-6f">
         <path>/home/teliao/ti/ccs1040/ccs/tools/compiler/ti-cgt-msp430_20.2.5.LTS/lib/</path>
         <kind>archive</kind>
         <file>rts430x_lc_ld_eabi.lib</file>
         <name>int31.asm.obj</name>
      </input_file>
      <input_file id="fl-70">
         <path>/home/teliao/ti/ccs1040/ccs/tools/compiler/ti-cgt-msp430_20.2.5.LTS/lib/</path>
         <kind>archive</kind>
         <file>rts430x_lc_ld_eabi.lib</file>
         <name>int32.asm.obj</name>
      </input_file>
      <input_file id="fl-71">
         <path>/home/teliao/ti/ccs1040/ccs/tools/compiler/ti-cgt-msp430_20.2.5.LTS/lib/</path>
         <kind>archive</kind>
         <file>rts430x_lc_ld_eabi.lib</file>
         <name>int33.asm.obj</name>
      </input_file>
      <input_file id="fl-72">
         <path>/home/teliao/ti/ccs1040/ccs/tools/compiler/ti-cgt-msp430_20.2.5.LTS/lib/</path>
         <kind>archive</kind>
         <file>rts430x_lc_ld_eabi.lib</file>
         <name>int34.asm.obj</name>
      </input_file>
      <input_file id="fl-73">
         <path>/home/teliao/ti/ccs1040/ccs/tools/compiler/ti-cgt-msp430_20.2.5.LTS/lib/</path>
         <kind>archive</kind>
         <file>rts430x_lc_ld_eabi.lib</file>
         <name>int35.asm.obj</name>
      </input_file>
      <input_file id="fl-74">
         <path>/home/teliao/ti/ccs1040/ccs/tools/compiler/ti-cgt-msp430_20.2.5.LTS/lib/</path>
         <kind>archive</kind>
         <file>rts430x_lc_ld_eabi.lib</file>
         <name>int36.asm.obj</name>
      </input_file>
      <input_file id="fl-75">
         <path>/home/teliao/ti/ccs1040/ccs/tools/compiler/ti-cgt-msp430_20.2.5.LTS/lib/</path>
         <kind>archive</kind>
         <file>rts430x_lc_ld_eabi.lib</file>
         <name>int38.asm.obj</name>
      </input_file>
      <input_file id="fl-76">
         <path>/home/teliao/ti/ccs1040/ccs/tools/compiler/ti-cgt-msp430_20.2.5.LTS/lib/</path>
         <kind>archive</kind>
         <file>rts430x_lc_ld_eabi.lib</file>
         <name>int39.asm.obj</name>
      </input_file>
      <input_file id="fl-77">
         <path>/home/teliao/ti/ccs1040/ccs/tools/compiler/ti-cgt-msp430_20.2.5.LTS/lib/</path>
         <kind>archive</kind>
         <file>rts430x_lc_ld_eabi.lib</file>
         <name>int41.asm.obj</name>
      </input_file>
      <input_file id="fl-78">
         <path>/home/teliao/ti/ccs1040/ccs/tools/compiler/ti-cgt-msp430_20.2.5.LTS/lib/</path>
         <kind>archive</kind>
         <file>rts430x_lc_ld_eabi.lib</file>
         <name>int42.asm.obj</name>
      </input_file>
      <input_file id="fl-79">
         <path>/home/teliao/ti/ccs1040/ccs/tools/compiler/ti-cgt-msp430_20.2.5.LTS/lib/</path>
         <kind>archive</kind>
         <file>rts430x_lc_ld_eabi.lib</file>
         <name>int43.asm.obj</name>
      </input_file>
      <input_file id="fl-7a">
         <path>/home/teliao/ti/ccs1040/ccs/tools/compiler/ti-cgt-msp430_20.2.5.LTS/lib/</path>
         <kind>archive</kind>
         <file>rts430x_lc_ld_eabi.lib</file>
         <name>int44.asm.obj</name>
      </input_file>
      <input_file id="fl-7b">
         <path>/home/teliao/ti/ccs1040/ccs/tools/compiler/ti-cgt-msp430_20.2.5.LTS/lib/</path>
         <kind>archive</kind>
         <file>rts430x_lc_ld_eabi.lib</file>
         <name>int46.asm.obj</name>
      </input_file>
      <input_file id="fl-7c">
         <path>/home/teliao/ti/ccs1040/ccs/tools/compiler/ti-cgt-msp430_20.2.5.LTS/lib/</path>
         <kind>archive</kind>
         <file>rts430x_lc_ld_eabi.lib</file>
         <name>int47.asm.obj</name>
      </input_file>
      <input_file id="fl-7d">
         <path>/home/teliao/ti/ccs1040/ccs/tools/compiler/ti-cgt-msp430_20.2.5.LTS/lib/</path>
         <kind>archive</kind>
         <file>rts430x_lc_ld_eabi.lib</file>
         <name>int49.asm.obj</name>
      </input_file>
      <input_file id="fl-7e">
         <path>/home/teliao/ti/ccs1040/ccs/tools/compiler/ti-cgt-msp430_20.2.5.LTS/lib/</path>
         <kind>archive</kind>
         <file>rts430x_lc_ld_eabi.lib</file>
         <name>int50.asm.obj</name>
      </input_file>
      <input_file id="fl-7f">
         <path>/home/teliao/ti/ccs1040/ccs/tools/compiler/ti-cgt-msp430_20.2.5.LTS/lib/</path>
         <kind>archive</kind>
         <file>rts430x_lc_ld_eabi.lib</file>
         <name>int51.asm.obj</name>
      </input_file>
      <input_file id="fl-80">
         <path>/home/teliao/ti/ccs1040/ccs/tools/compiler/ti-cgt-msp430_20.2.5.LTS/lib/</path>
         <kind>archive</kind>
         <file>rts430x_lc_ld_eabi.lib</file>
         <name>int52.asm.obj</name>
      </input_file>
      <input_file id="fl-81">
         <path>/home/teliao/ti/ccs1040/ccs/tools/compiler/ti-cgt-msp430_20.2.5.LTS/lib/</path>
         <kind>archive</kind>
         <file>rts430x_lc_ld_eabi.lib</file>
         <name>int53.asm.obj</name>
      </input_file>
      <input_file id="fl-82">
         <path>/home/teliao/ti/ccs1040/ccs/tools/compiler/ti-cgt-msp430_20.2.5.LTS/lib/</path>
         <kind>archive</kind>
         <file>rts430x_lc_ld_eabi.lib</file>
         <name>int54.asm.obj</name>
      </input_file>
      <input_file id="fl-83">
         <path>/home/teliao/ti/ccs1040/ccs/tools/compiler/ti-cgt-msp430_20.2.5.LTS/lib/</path>
         <kind>archive</kind>
         <file>rts430x_lc_ld_eabi.lib</file>
         <name>copy_zero_init.c.obj</name>
      </input_file>
      <input_file id="fl-84">
         <path>/home/teliao/ti/ccs1040/ccs/tools/compiler/ti-cgt-msp430_20.2.5.LTS/lib/</path>
         <kind>archive</kind>
         <file>rts430x_lc_ld_eabi.lib</file>
         <name>divd.c.obj</name>
      </input_file>
      <input_file id="fl-85">
         <path>/home/teliao/ti/ccs1040/ccs/tools/compiler/ti-cgt-msp430_20.2.5.LTS/lib/</path>
         <kind>archive</kind>
         <file>rts430x_lc_ld_eabi.lib</file>
         <name>frcdivd.c.obj</name>
      </input_file>
      <input_file id="fl-86">
         <path>/home/teliao/ti/ccs1040/ccs/tools/compiler/ti-cgt-msp430_20.2.5.LTS/lib/</path>
         <kind>archive</kind>
         <file>rts430x_lc_ld_eabi.lib</file>
         <name>div16s.asm.obj</name>
      </input_file>
      <input_file id="fl-87">
         <path>/home/teliao/ti/ccs1040/ccs/tools/compiler/ti-cgt-msp430_20.2.5.LTS/lib/</path>
         <kind>archive</kind>
         <file>rts430x_lc_ld_eabi.lib</file>
         <name>div32s.asm.obj</name>
      </input_file>
      <input_file id="fl-88">
         <path>/home/teliao/ti/ccs1040/ccs/tools/compiler/ti-cgt-msp430_20.2.5.LTS/lib/</path>
         <kind>archive</kind>
         <file>rts430x_lc_ld_eabi.lib</file>
         <name>div16u.asm.obj</name>
      </input_file>
      <input_file id="fl-89">
         <path>/home/teliao/ti/ccs1040/ccs/tools/compiler/ti-cgt-msp430_20.2.5.LTS/lib/</path>
         <kind>archive</kind>
         <file>rts430x_lc_ld_eabi.lib</file>
         <name>div32u.asm.obj</name>
      </input_file>
      <input_file id="fl-8a">
         <path>/home/teliao/ti/ccs1040/ccs/tools/compiler/ti-cgt-msp430_20.2.5.LTS/lib/</path>
         <kind>archive</kind>
         <file>rts430x_lc_ld_eabi.lib</file>
         <name>fixdul.c.obj</name>
      </input_file>
      <input_file id="fl-8b">
         <path>/home/teliao/ti/ccs1040/ccs/tools/compiler/ti-cgt-msp430_20.2.5.LTS/lib/</path>
         <kind>archive</kind>
         <file>rts430x_lc_ld_eabi.lib</file>
         <name>fltuld.c.obj</name>
      </input_file>
      <input_file id="fl-8c">
         <path>/home/teliao/ti/ccs1040/ccs/tools/compiler/ti-cgt-msp430_20.2.5.LTS/lib/</path>
         <kind>archive</kind>
         <file>rts430x_lc_ld_eabi.lib</file>
         <name>mpyd.c.obj</name>
      </input_file>
      <input_file id="fl-8d">
         <path>/home/teliao/ti/ccs1040/ccs/tools/compiler/ti-cgt-msp430_20.2.5.LTS/lib/</path>
         <kind>archive</kind>
         <file>rts430x_lc_ld_eabi.lib</file>
         <name>frcmpyd.c.obj</name>
      </input_file>
      <input_file id="fl-8e">
         <path>/home/teliao/ti/ccs1040/ccs/tools/compiler/ti-cgt-msp430_20.2.5.LTS/lib/</path>
         <kind>archive</kind>
         <file>rts430x_lc_ld_eabi.lib</file>
         <name>mult16.asm.obj</name>
      </input_file>
      <input_file id="fl-8f">
         <path>/home/teliao/ti/ccs1040/ccs/tools/compiler/ti-cgt-msp430_20.2.5.LTS/lib/</path>
         <kind>archive</kind>
         <file>rts430x_lc_ld_eabi.lib</file>
         <name>mult16_f5hw.asm.obj</name>
      </input_file>
      <input_file id="fl-90">
         <path>/home/teliao/ti/ccs1040/ccs/tools/compiler/ti-cgt-msp430_20.2.5.LTS/lib/</path>
         <kind>archive</kind>
         <file>rts430x_lc_ld_eabi.lib</file>
         <name>mult32.asm.obj</name>
      </input_file>
      <input_file id="fl-91">
         <path>/home/teliao/ti/ccs1040/ccs/tools/compiler/ti-cgt-msp430_20.2.5.LTS/lib/</path>
         <kind>archive</kind>
         <file>rts430x_lc_ld_eabi.lib</file>
         <name>mult32_f5hw.asm.obj</name>
      </input_file>
      <input_file id="fl-92">
         <path>/home/teliao/ti/ccs1040/ccs/tools/compiler/ti-cgt-msp430_20.2.5.LTS/lib/</path>
         <kind>archive</kind>
         <file>rts430x_lc_ld_eabi.lib</file>
         <name>mult64.asm.obj</name>
      </input_file>
      <input_file id="fl-93">
         <path>/home/teliao/ti/ccs1040/ccs/tools/compiler/ti-cgt-msp430_20.2.5.LTS/lib/</path>
         <kind>archive</kind>
         <file>rts430x_lc_ld_eabi.lib</file>
         <name>mult64_f5hw.asm.obj</name>
      </input_file>
      <input_file id="fl-94">
         <path>/home/teliao/ti/ccs1040/ccs/tools/compiler/ti-cgt-msp430_20.2.5.LTS/lib/</path>
         <kind>archive</kind>
         <file>rts430x_lc_ld_eabi.lib</file>
         <name>mult1632_f5hw.asm.obj</name>
      </input_file>
      <input_file id="fl-95">
         <path>/home/teliao/ti/ccs1040/ccs/tools/compiler/ti-cgt-msp430_20.2.5.LTS/lib/</path>
         <kind>archive</kind>
         <file>rts430x_lc_ld_eabi.lib</file>
         <name>mult3264_f5hw.asm.obj</name>
      </input_file>
      <input_file id="fl-96">
         <path>/home/teliao/ti/ccs1040/ccs/tools/compiler/ti-cgt-msp430_20.2.5.LTS/lib/</path>
         <kind>archive</kind>
         <file>rts430x_lc_ld_eabi.lib</file>
         <name>mult1632.asm.obj</name>
      </input_file>
      <input_file id="fl-97">
         <path>/home/teliao/ti/ccs1040/ccs/tools/compiler/ti-cgt-msp430_20.2.5.LTS/lib/</path>
         <kind>archive</kind>
         <file>rts430x_lc_ld_eabi.lib</file>
         <name>mult3264.asm.obj</name>
      </input_file>
      <input_file id="fl-98">
         <path>/home/teliao/ti/ccs1040/ccs/tools/compiler/ti-cgt-msp430_20.2.5.LTS/lib/</path>
         <kind>archive</kind>
         <file>rts430x_lc_ld_eabi.lib</file>
         <name>lsl16.asm.obj</name>
      </input_file>
      <input_file id="fl-99">
         <path>/home/teliao/ti/ccs1040/ccs/tools/compiler/ti-cgt-msp430_20.2.5.LTS/lib/</path>
         <kind>archive</kind>
         <file>rts430x_lc_ld_eabi.lib</file>
         <name>lsl32.asm.obj</name>
      </input_file>
      <input_file id="fl-9a">
         <path>/home/teliao/ti/ccs1040/ccs/tools/compiler/ti-cgt-msp430_20.2.5.LTS/lib/</path>
         <kind>archive</kind>
         <file>rts430x_lc_ld_eabi.lib</file>
         <name>lsl64.c.obj</name>
      </input_file>
      <input_file id="fl-9b">
         <path>/home/teliao/ti/ccs1040/ccs/tools/compiler/ti-cgt-msp430_20.2.5.LTS/lib/</path>
         <kind>archive</kind>
         <file>rts430x_lc_ld_eabi.lib</file>
         <name>asr16.asm.obj</name>
      </input_file>
      <input_file id="fl-9c">
         <path>/home/teliao/ti/ccs1040/ccs/tools/compiler/ti-cgt-msp430_20.2.5.LTS/lib/</path>
         <kind>archive</kind>
         <file>rts430x_lc_ld_eabi.lib</file>
         <name>asr32.asm.obj</name>
      </input_file>
      <input_file id="fl-9d">
         <path>/home/teliao/ti/ccs1040/ccs/tools/compiler/ti-cgt-msp430_20.2.5.LTS/lib/</path>
         <kind>archive</kind>
         <file>rts430x_lc_ld_eabi.lib</file>
         <name>lsr32.asm.obj</name>
      </input_file>
      <input_file id="fl-9e">
         <path>/home/teliao/ti/ccs1040/ccs/tools/compiler/ti-cgt-msp430_20.2.5.LTS/lib/</path>
         <kind>archive</kind>
         <file>rts430x_lc_ld_eabi.lib</file>
         <name>lsr64.c.obj</name>
      </input_file>
      <input_file id="fl-9f">
         <path>/home/teliao/ti/ccs1040/ccs/tools/compiler/ti-cgt-msp430_20.2.5.LTS/lib/</path>
         <kind>archive</kind>
         <file>rts430x_lc_ld_eabi.lib</file>
         <name>boot.c.obj</name>
      </input_file>
      <input_file id="fl-a0">
         <path>/home/teliao/ti/ccs1040/ccs/tools/compiler/ti-cgt-msp430_20.2.5.LTS/lib/</path>
         <kind>archive</kind>
         <file>rts430x_lc_ld_eabi.lib</file>
         <name>mpu_init.c.obj</name>
      </input_file>
      <input_file id="fl-a1">
         <path>/home/teliao/ti/ccs1040/ccs/tools/compiler/ti-cgt-msp430_20.2.5.LTS/lib/</path>
         <kind>archive</kind>
         <file>rts430x_lc_ld_eabi.lib</file>
         <name>args_main.c.obj</name>
      </input_file>
      <input_file id="fl-a2">
         <path>/home/teliao/ti/ccs1040/ccs/tools/compiler/ti-cgt-msp430_20.2.5.LTS/lib/</path>
         <kind>archive</kind>
         <file>rts430x_lc_ld_eabi.lib</file>
         <name>autoinit.c.obj</name>
      </input_file>
      <input_file id="fl-a3">
         <path>/home/teliao/ti/ccs1040/ccs/tools/compiler/ti-cgt-msp430_20.2.5.LTS/lib/</path>
         <kind>archive</kind>
         <file>rts430x_lc_ld_eabi.lib</file>
         <name>startup.c.obj</name>
      </input_file>
      <input_file id="fl-a4">
         <path>/home/teliao/ti/ccs1040/ccs/tools/compiler/ti-cgt-msp430_20.2.5.LTS/lib/</path>
         <kind>archive</kind>
         <file>rts430x_lc_ld_eabi.lib</file>
         <name>cpy_tbl.c.obj</name>
      </input_file>
      <input_file id="fl-a5">
         <path>/home/teliao/ti/ccs1040/ccs/tools/compiler/ti-cgt-msp430_20.2.5.LTS/lib/</path>
         <kind>archive</kind>
         <file>rts430x_lc_ld_eabi.lib</file>
         <name>exit.c.obj</name>
      </input_file>
      <input_file id="fl-a6">
         <path>/home/teliao/ti/ccs1040/ccs/tools/compiler/ti-cgt-msp430_20.2.5.LTS/lib/</path>
         <kind>archive</kind>
         <file>rts430x_lc_ld_eabi.lib</file>
         <name>exit_gvars.c.obj</name>
      </input_file>
      <input_file id="fl-a7">
         <path>/home/teliao/ti/ccs1040/ccs/tools/compiler/ti-cgt-msp430_20.2.5.LTS/lib/</path>
         <kind>archive</kind>
         <file>rts430x_lc_ld_eabi.lib</file>
         <name>_lock.c.obj</name>
      </input_file>
      <input_file id="fl-a8">
         <path>/home/teliao/ti/ccs1040/ccs/tools/compiler/ti-cgt-msp430_20.2.5.LTS/lib/</path>
         <kind>archive</kind>
         <file>rts430x_lc_ld_eabi.lib</file>
         <name>memcpy.c.obj</name>
      </input_file>
      <input_file id="fl-a9">
         <path>/home/teliao/ti/ccs1040/ccs/tools/compiler/ti-cgt-msp430_20.2.5.LTS/lib/</path>
         <kind>archive</kind>
         <file>rts430x_lc_ld_eabi.lib</file>
         <name>memset.c.obj</name>
      </input_file>
      <input_file id="fl-aa">
         <path>/home/teliao/ti/ccs1040/ccs/tools/compiler/ti-cgt-msp430_20.2.5.LTS/lib/</path>
         <kind>archive</kind>
         <file>rts430x_lc_ld_eabi.lib</file>
         <name>fputc.c.obj</name>
      </input_file>
      <input_file id="fl-ab">
         <path>/home/teliao/ti/ccs1040/ccs/tools/compiler/ti-cgt-msp430_20.2.5.LTS/lib/</path>
         <kind>archive</kind>
         <file>rts430x_lc_ld_eabi.lib</file>
         <name>fflush.c.obj</name>
      </input_file>
      <input_file id="fl-ac">
         <path>/home/teliao/ti/ccs1040/ccs/tools/compiler/ti-cgt-msp430_20.2.5.LTS/lib/</path>
         <kind>archive</kind>
         <file>rts430x_lc_ld_eabi.lib</file>
         <name>defs.c.obj</name>
      </input_file>
      <input_file id="fl-ad">
         <path>/home/teliao/ti/ccs1040/ccs/tools/compiler/ti-cgt-msp430_20.2.5.LTS/lib/</path>
         <kind>archive</kind>
         <file>rts430x_lc_ld_eabi.lib</file>
         <name>_io_perm.c.obj</name>
      </input_file>
      <input_file id="fl-ae">
         <path>/home/teliao/ti/ccs1040/ccs/tools/compiler/ti-cgt-msp430_20.2.5.LTS/lib/</path>
         <kind>archive</kind>
         <file>rts430x_lc_ld_eabi.lib</file>
         <name>fseek.c.obj</name>
      </input_file>
      <input_file id="fl-af">
         <path>/home/teliao/ti/ccs1040/ccs/tools/compiler/ti-cgt-msp430_20.2.5.LTS/lib/</path>
         <kind>archive</kind>
         <file>rts430x_lc_ld_eabi.lib</file>
         <name>lseek.c.obj</name>
      </input_file>
      <input_file id="fl-b0">
         <path>/home/teliao/ti/ccs1040/ccs/tools/compiler/ti-cgt-msp430_20.2.5.LTS/lib/</path>
         <kind>archive</kind>
         <file>rts430x_lc_ld_eabi.lib</file>
         <name>host_device.c.obj</name>
      </input_file>
      <input_file id="fl-b1">
         <path>/home/teliao/ti/ccs1040/ccs/tools/compiler/ti-cgt-msp430_20.2.5.LTS/lib/</path>
         <kind>archive</kind>
         <file>rts430x_lc_ld_eabi.lib</file>
         <name>hostclose.c.obj</name>
      </input_file>
      <input_file id="fl-b2">
         <path>/home/teliao/ti/ccs1040/ccs/tools/compiler/ti-cgt-msp430_20.2.5.LTS/lib/</path>
         <kind>archive</kind>
         <file>rts430x_lc_ld_eabi.lib</file>
         <name>hostlseek.c.obj</name>
      </input_file>
      <input_file id="fl-b3">
         <path>/home/teliao/ti/ccs1040/ccs/tools/compiler/ti-cgt-msp430_20.2.5.LTS/lib/</path>
         <kind>archive</kind>
         <file>rts430x_lc_ld_eabi.lib</file>
         <name>hostopen.c.obj</name>
      </input_file>
      <input_file id="fl-b4">
         <path>/home/teliao/ti/ccs1040/ccs/tools/compiler/ti-cgt-msp430_20.2.5.LTS/lib/</path>
         <kind>archive</kind>
         <file>rts430x_lc_ld_eabi.lib</file>
         <name>hostread.c.obj</name>
      </input_file>
      <input_file id="fl-b5">
         <path>/home/teliao/ti/ccs1040/ccs/tools/compiler/ti-cgt-msp430_20.2.5.LTS/lib/</path>
         <kind>archive</kind>
         <file>rts430x_lc_ld_eabi.lib</file>
         <name>hostrename.c.obj</name>
      </input_file>
      <input_file id="fl-b6">
         <path>/home/teliao/ti/ccs1040/ccs/tools/compiler/ti-cgt-msp430_20.2.5.LTS/lib/</path>
         <kind>archive</kind>
         <file>rts430x_lc_ld_eabi.lib</file>
         <name>hostunlink.c.obj</name>
      </input_file>
      <input_file id="fl-b7">
         <path>/home/teliao/ti/ccs1040/ccs/tools/compiler/ti-cgt-msp430_20.2.5.LTS/lib/</path>
         <kind>archive</kind>
         <file>rts430x_lc_ld_eabi.lib</file>
         <name>hostwrite.c.obj</name>
      </input_file>
      <input_file id="fl-b8">
         <path>/home/teliao/ti/ccs1040/ccs/tools/compiler/ti-cgt-msp430_20.2.5.LTS/lib/</path>
         <kind>archive</kind>
         <file>rts430x_lc_ld_eabi.lib</file>
         <name>trgmsg.c.obj</name>
      </input_file>
      <input_file id="fl-b9">
         <path>/home/teliao/ti/ccs1040/ccs/tools/compiler/ti-cgt-msp430_20.2.5.LTS/lib/</path>
         <kind>archive</kind>
         <file>rts430x_lc_ld_eabi.lib</file>
         <name>setvbuf.c.obj</name>
      </input_file>
      <input_file id="fl-ba">
         <path>/home/teliao/ti/ccs1040/ccs/tools/compiler/ti-cgt-msp430_20.2.5.LTS/lib/</path>
         <kind>archive</kind>
         <file>rts430x_lc_ld_eabi.lib</file>
         <name>fopen.c.obj</name>
      </input_file>
      <input_file id="fl-bb">
         <path>/home/teliao/ti/ccs1040/ccs/tools/compiler/ti-cgt-msp430_20.2.5.LTS/lib/</path>
         <kind>archive</kind>
         <file>rts430x_lc_ld_eabi.lib</file>
         <name>fclose.c.obj</name>
      </input_file>
      <input_file id="fl-bc">
         <path>/home/teliao/ti/ccs1040/ccs/tools/compiler/ti-cgt-msp430_20.2.5.LTS/lib/</path>
         <kind>archive</kind>
         <file>rts430x_lc_ld_eabi.lib</file>
         <name>close.c.obj</name>
      </input_file>
      <input_file id="fl-bd">
         <path>/home/teliao/ti/ccs1040/ccs/tools/compiler/ti-cgt-msp430_20.2.5.LTS/lib/</path>
         <kind>archive</kind>
         <file>rts430x_lc_ld_eabi.lib</file>
         <name>memory.c.obj</name>
      </input_file>
      <input_file id="fl-be">
         <path>/home/teliao/ti/ccs1040/ccs/tools/compiler/ti-cgt-msp430_20.2.5.LTS/lib/</path>
         <kind>archive</kind>
         <file>rts430x_lc_ld_eabi.lib</file>
         <name>open.c.obj</name>
      </input_file>
      <input_file id="fl-bf">
         <path>/home/teliao/ti/ccs1040/ccs/tools/compiler/ti-cgt-msp430_20.2.5.LTS/lib/</path>
         <kind>archive</kind>
         <file>rts430x_lc_ld_eabi.lib</file>
         <name>getdevice.c.obj</name>
      </input_file>
      <input_file id="fl-c0">
         <path>/home/teliao/ti/ccs1040/ccs/tools/compiler/ti-cgt-msp430_20.2.5.LTS/lib/</path>
         <kind>archive</kind>
         <file>rts430x_lc_ld_eabi.lib</file>
         <name>remove.c.obj</name>
      </input_file>
      <input_file id="fl-c1">
         <path>/home/teliao/ti/ccs1040/ccs/tools/compiler/ti-cgt-msp430_20.2.5.LTS/lib/</path>
         <kind>archive</kind>
         <file>rts430x_lc_ld_eabi.lib</file>
         <name>strchr.c.obj</name>
      </input_file>
      <input_file id="fl-c2">
         <path>/home/teliao/ti/ccs1040/ccs/tools/compiler/ti-cgt-msp430_20.2.5.LTS/lib/</path>
         <kind>archive</kind>
         <file>rts430x_lc_ld_eabi.lib</file>
         <name>strcmp.c.obj</name>
      </input_file>
      <input_file id="fl-c3">
         <path>/home/teliao/ti/ccs1040/ccs/tools/compiler/ti-cgt-msp430_20.2.5.LTS/lib/</path>
         <kind>archive</kind>
         <file>rts430x_lc_ld_eabi.lib</file>
         <name>strcpy.c.obj</name>
      </input_file>
      <input_file id="fl-c4">
         <path>/home/teliao/ti/ccs1040/ccs/tools/compiler/ti-cgt-msp430_20.2.5.LTS/lib/</path>
         <kind>archive</kind>
         <file>rts430x_lc_ld_eabi.lib</file>
         <name>strlen.c.obj</name>
      </input_file>
      <input_file id="fl-c5">
         <path>/home/teliao/ti/ccs1040/ccs/tools/compiler/ti-cgt-msp430_20.2.5.LTS/lib/</path>
         <kind>archive</kind>
         <file>rts430x_lc_ld_eabi.lib</file>
         <name>strncat.c.obj</name>
      </input_file>
      <input_file id="fl-c6">
         <path>/home/teliao/ti/ccs1040/ccs/tools/compiler/ti-cgt-msp430_20.2.5.LTS/lib/</path>
         <kind>archive</kind>
         <file>rts430x_lc_ld_eabi.lib</file>
         <name>strncmp.c.obj</name>
      </input_file>
      <input_file id="fl-c7">
         <path>/home/teliao/ti/ccs1040/ccs/tools/compiler/ti-cgt-msp430_20.2.5.LTS/lib/</path>
         <kind>archive</kind>
         <file>rts430x_lc_ld_eabi.lib</file>
         <name>strncpy.c.obj</name>
      </input_file>
      <input_file id="fl-c8">
         <path>/home/teliao/ti/ccs1040/ccs/tools/compiler/ti-cgt-msp430_20.2.5.LTS/lib/</path>
         <kind>archive</kind>
         <file>rts430x_lc_ld_eabi.lib</file>
         <name>unlink.c.obj</name>
      </input_file>
      <input_file id="fl-c9">
         <path>/home/teliao/ti/ccs1040/ccs/tools/compiler/ti-cgt-msp430_20.2.5.LTS/lib/</path>
         <kind>archive</kind>
         <file>rts430x_lc_ld_eabi.lib</file>
         <name>write.c.obj</name>
      </input_file>
   </input_file_list>
   <object_component_list>
      <object_component id="oc-a95">
         <name>.TI.persistent:input</name>
         <load_address>0x4000</load_address>
         <run_address>0x4000</run_address>
         <size>0x800</size>
         <input_file_ref idref="fl-3d"/>
      </object_component>
      <object_component id="oc-754">
         <name>.TI.persistent</name>
         <load_address>0x4800</load_address>
         <run_address>0x4800</run_address>
         <size>0x4</size>
         <input_file_ref idref="fl-5"/>
      </object_component>
      <object_component id="oc-d04">
         <name>.cio</name>
         <load_address>0x4804</load_address>
         <run_address>0x4804</run_address>
         <size>0x120</size>
         <input_file_ref idref="fl-b8"/>
      </object_component>
      <object_component id="oc-6cb">
         <name>.sysmem</name>
         <load_address>0x4924</load_address>
         <run_address>0x4924</run_address>
         <size>0x8</size>
         <input_file_ref idref="fl-bd"/>
      </object_component>
      <object_component id="oc-dcd">
         <name>.sysmem</name>
         <load_address>0x4924</load_address>
         <run_address>0x4924</run_address>
         <size>0x0</size>
      </object_component>
      <object_component id="oc-dcb">
         <name>.cinit..data.load</name>
         <load_address>0x51ca</load_address>
         <run_address>0x51ca</run_address>
         <size>0x57</size>
      </object_component>
      <object_component id="oc-dc8">
         <name>__TI_handler_table</name>
         <load_address>0x5222</load_address>
         <run_address>0x5222</run_address>
         <size>0xc</size>
      </object_component>
      <object_component id="oc-dca">
         <name>.cinit..bss.load</name>
         <load_address>0x522e</load_address>
         <run_address>0x522e</run_address>
         <size>0x6</size>
      </object_component>
      <object_component id="oc-dc9">
         <name>__TI_cinit_table</name>
         <load_address>0x5234</load_address>
         <run_address>0x5234</run_address>
         <size>0x10</size>
      </object_component>
      <object_component id="oc-d57">
         <name>.binit</name>
         <load_address>0x4000</load_address>
         <run_address>0x4000</run_address>
         <size>0x0</size>
      </object_component>
      <object_component id="oc-6fd">
         <name>.text:_isr:prvUSCI_A0_ISR</name>
         <load_address>0x5000</load_address>
         <run_address>0x5000</run_address>
         <size>0x6a</size>
         <input_file_ref idref="fl-19"/>
      </object_component>
      <object_component id="oc-6eb">
         <name>.text:_isr:A2_ISR</name>
         <load_address>0x506a</load_address>
         <run_address>0x506a</run_address>
         <size>0x1c</size>
         <input_file_ref idref="fl-5"/>
      </object_component>
      <object_component id="oc-715">
         <name>.text:_isr:_c_int00_noargs</name>
         <load_address>0x5086</load_address>
         <run_address>0x5086</run_address>
         <size>0x1c</size>
         <input_file_ref idref="fl-9f"/>
      </object_component>
      <object_component id="oc-6f7">
         <name>.text:_isr:vTickISREntry</name>
         <load_address>0x50a2</load_address>
         <run_address>0x50a2</run_address>
         <size>0x10</size>
         <input_file_ref idref="fl-12"/>
      </object_component>
      <object_component id="oc-6f1">
         <name>.text:_isr:A1_ISR</name>
         <load_address>0x50b2</load_address>
         <run_address>0x50b2</run_address>
         <size>0xc</size>
         <input_file_ref idref="fl-5"/>
      </object_component>
      <object_component id="oc-6e6">
         <name>.text:_isr:__TI_ISR_TRAP</name>
         <load_address>0x50be</load_address>
         <run_address>0x50be</run_address>
         <size>0x8</size>
         <input_file_ref idref="fl-62"/>
      </object_component>
      <object_component id="oc-9ba">
         <name>.const:.string</name>
         <load_address>0x50c6</load_address>
         <run_address>0x50c6</run_address>
         <size>0xa6</size>
         <input_file_ref idref="fl-3e"/>
      </object_component>
      <object_component id="oc-aad">
         <name>.const:.string</name>
         <load_address>0x516c</load_address>
         <run_address>0x516c</run_address>
         <size>0x2e</size>
         <input_file_ref idref="fl-3d"/>
      </object_component>
      <object_component id="oc-992">
         <name>.const:GPIO_PORT_TO_BASE</name>
         <load_address>0x519a</load_address>
         <run_address>0x519a</run_address>
         <size>0x1c</size>
         <input_file_ref idref="fl-2e"/>
      </object_component>
      <object_component id="oc-8f4">
         <name>.const:$P$T0$1</name>
         <load_address>0x51b6</load_address>
         <run_address>0x51b6</run_address>
         <size>0xa</size>
         <input_file_ref idref="fl-5"/>
      </object_component>
      <object_component id="oc-b07">
         <name>.const:.string</name>
         <load_address>0x51c0</load_address>
         <run_address>0x51c0</run_address>
         <size>0x8</size>
         <input_file_ref idref="fl-6"/>
      </object_component>
      <object_component id="oc-b46">
         <name>.const:$P$T1$1</name>
         <load_address>0x51c8</load_address>
         <run_address>0x51c8</run_address>
         <size>0x1</size>
         <input_file_ref idref="fl-8"/>
      </object_component>
      <object_component id="oc-b2a">
         <name>.const:$P$T5$3</name>
         <load_address>0x51c9</load_address>
         <run_address>0x51c9</run_address>
         <size>0x1</size>
         <input_file_ref idref="fl-8"/>
      </object_component>
      <object_component id="oc-ad8">
         <name>.text:__TI_frcdivd</name>
         <load_address>0x10000</load_address>
         <run_address>0x10000</run_address>
         <size>0x466</size>
         <input_file_ref idref="fl-85"/>
      </object_component>
      <object_component id="oc-9ae">
         <name>.text:__mspabi_mpyd</name>
         <load_address>0x10466</load_address>
         <run_address>0x10466</run_address>
         <size>0x298</size>
         <input_file_ref idref="fl-8c"/>
      </object_component>
      <object_component id="oc-a4b">
         <name>.text:__mspabi_divd</name>
         <load_address>0x106fe</load_address>
         <run_address>0x106fe</run_address>
         <size>0x222</size>
         <input_file_ref idref="fl-84"/>
      </object_component>
      <object_component id="oc-7c5">
         <name>.text:xTaskIncrementTick</name>
         <load_address>0x10920</load_address>
         <run_address>0x10920</run_address>
         <size>0x1d8</size>
         <input_file_ref idref="fl-10"/>
      </object_component>
      <object_component id="oc-a6a">
         <name>.text:tiny_print</name>
         <load_address>0x10af8</load_address>
         <run_address>0x10af8</run_address>
         <size>0x1c0</size>
         <input_file_ref idref="fl-6"/>
      </object_component>
      <object_component id="oc-c63">
         <name>.text:aligned_alloc</name>
         <load_address>0x10cb8</load_address>
         <run_address>0x10cb8</run_address>
         <size>0x1b6</size>
         <input_file_ref idref="fl-bd"/>
      </object_component>
      <object_component id="oc-a52">
         <name>.text:__TI_frcmpyd</name>
         <load_address>0x10e6e</load_address>
         <run_address>0x10e6e</run_address>
         <size>0x164</size>
         <input_file_ref idref="fl-8d"/>
      </object_component>
      <object_component id="oc-c1d">
         <name>.text:free</name>
         <load_address>0x10fd2</load_address>
         <run_address>0x10fd2</run_address>
         <size>0x14c</size>
         <input_file_ref idref="fl-bd"/>
      </object_component>
      <object_component id="oc-7e5">
         <name>.text:xTaskRemoveFromEventList</name>
         <load_address>0x1111e</load_address>
         <run_address>0x1111e</run_address>
         <size>0x14c</size>
         <input_file_ref idref="fl-10"/>
      </object_component>
      <object_component id="oc-7cb">
         <name>.text:vTaskSwitchContext</name>
         <load_address>0x1126a</load_address>
         <run_address>0x1126a</run_address>
         <size>0x132</size>
         <input_file_ref idref="fl-10"/>
      </object_component>
      <object_component id="oc-c04">
         <name>.text:setvbuf</name>
         <load_address>0x1139c</load_address>
         <run_address>0x1139c</run_address>
         <size>0xfa</size>
         <input_file_ref idref="fl-b9"/>
      </object_component>
      <object_component id="oc-b01">
         <name>.text:printi</name>
         <load_address>0x11496</load_address>
         <run_address>0x11496</run_address>
         <size>0xf0</size>
         <input_file_ref idref="fl-6"/>
      </object_component>
      <object_component id="oc-91c">
         <name>.text:nand_read_write_perf</name>
         <load_address>0x11586</load_address>
         <run_address>0x11586</run_address>
         <size>0xd6</size>
         <input_file_ref idref="fl-3e"/>
      </object_component>
      <object_component id="oc-891">
         <name>.text:xTaskPriorityDisinherit</name>
         <load_address>0x1165c</load_address>
         <run_address>0x1165c</run_address>
         <size>0xd0</size>
         <input_file_ref idref="fl-10"/>
      </object_component>
      <object_component id="oc-caf">
         <name>.text:split</name>
         <load_address>0x1172c</load_address>
         <run_address>0x1172c</run_address>
         <size>0xc2</size>
         <input_file_ref idref="fl-bd"/>
      </object_component>
      <object_component id="oc-9a8">
         <name>.text:fram_latency_read</name>
         <load_address>0x117ee</load_address>
         <run_address>0x117ee</run_address>
         <size>0xba</size>
         <input_file_ref idref="fl-3d"/>
      </object_component>
      <object_component id="oc-9c1">
         <name>.text:fram_latency_write</name>
         <load_address>0x118a8</load_address>
         <run_address>0x118a8</run_address>
         <size>0xb6</size>
         <input_file_ref idref="fl-3d"/>
      </object_component>
      <object_component id="oc-916">
         <name>.text:fram_read_write_perf</name>
         <load_address>0x1195e</load_address>
         <run_address>0x1195e</run_address>
         <size>0xb6</size>
         <input_file_ref idref="fl-3e"/>
      </object_component>
      <object_component id="oc-759">
         <name>.text</name>
         <load_address>0x11a14</load_address>
         <run_address>0x11a14</run_address>
         <size>0xa6</size>
         <input_file_ref idref="fl-13"/>
      </object_component>
      <object_component id="oc-7df">
         <name>.text:prvCopyDataToQueue</name>
         <load_address>0x11aba</load_address>
         <run_address>0x11aba</run_address>
         <size>0x9e</size>
         <input_file_ref idref="fl-e"/>
      </object_component>
      <object_component id="oc-802">
         <name>.text:prvSetupHardware</name>
         <load_address>0x11b58</load_address>
         <run_address>0x11b58</run_address>
         <size>0x9e</size>
         <input_file_ref idref="fl-4"/>
      </object_component>
      <object_component id="oc-c8e">
         <name>.text:HOSTlseek</name>
         <load_address>0x11bf6</load_address>
         <run_address>0x11bf6</run_address>
         <size>0x9a</size>
         <input_file_ref idref="fl-b2"/>
      </object_component>
      <object_component id="oc-9db">
         <name>.text:nand_latency_read</name>
         <load_address>0x11c90</load_address>
         <run_address>0x11c90</run_address>
         <size>0x98</size>
         <input_file_ref idref="fl-3d"/>
      </object_component>
      <object_component id="oc-9e1">
         <name>.text:nand_latency_write</name>
         <load_address>0x11d28</load_address>
         <run_address>0x11d28</run_address>
         <size>0x98</size>
         <input_file_ref idref="fl-3d"/>
      </object_component>
      <object_component id="oc-762">
         <name>.text:xQueueGenericSendFromISR</name>
         <load_address>0x11dc0</load_address>
         <run_address>0x11dc0</run_address>
         <size>0x94</size>
         <input_file_ref idref="fl-e"/>
      </object_component>
      <object_component id="oc-bc8">
         <name>.text:fputc</name>
         <load_address>0x11e54</load_address>
         <run_address>0x11e54</run_address>
         <size>0x90</size>
         <input_file_ref idref="fl-aa"/>
      </object_component>
      <object_component id="oc-9d5">
         <name>.text:nand_test</name>
         <load_address>0x11ee4</load_address>
         <run_address>0x11ee4</run_address>
         <size>0x90</size>
         <input_file_ref idref="fl-3d"/>
      </object_component>
      <object_component id="oc-be2">
         <name>.text:__TI_wrt_ok</name>
         <load_address>0x11f74</load_address>
         <run_address>0x11f74</run_address>
         <size>0x86</size>
         <input_file_ref idref="fl-ad"/>
      </object_component>
      <object_component id="oc-afb">
         <name>.text:prints</name>
         <load_address>0x11ffa</load_address>
         <run_address>0x11ffa</run_address>
         <size>0x86</size>
         <input_file_ref idref="fl-6"/>
      </object_component>
      <object_component id="oc-a45">
         <name>.text:__mspabi_fltuld</name>
         <load_address>0x12080</load_address>
         <run_address>0x12080</run_address>
         <size>0x80</size>
         <input_file_ref idref="fl-8b"/>
      </object_component>
      <object_component id="oc-768">
         <name>.text:xQueueReceiveFromISR</name>
         <load_address>0x12100</load_address>
         <run_address>0x12100</run_address>
         <size>0x7e</size>
         <input_file_ref idref="fl-e"/>
      </object_component>
      <object_component id="oc-83f">
         <name>.text:__TI_auto_init_nobinit_nopinit_hold_wdt:__TI_auto_init_nobinit_nopinit_hold_wdt</name>
         <load_address>0x1217e</load_address>
         <run_address>0x1217e</run_address>
         <size>0x78</size>
         <input_file_ref idref="fl-a2"/>
      </object_component>
      <object_component id="oc-84">
         <name>.text:decompress:lzss:__TI_decompress_lzss</name>
         <load_address>0x121f6</load_address>
         <run_address>0x121f6</run_address>
         <size>0x76</size>
         <input_file_ref idref="fl-5f"/>
      </object_component>
      <object_component id="oc-c9a">
         <name>.text:HOSTrename</name>
         <load_address>0x1226c</load_address>
         <run_address>0x1226c</run_address>
         <size>0x74</size>
         <input_file_ref idref="fl-b5"/>
      </object_component>
      <object_component id="oc-c6a">
         <name>.text:__TI_closefile</name>
         <load_address>0x122e0</load_address>
         <run_address>0x122e0</run_address>
         <size>0x74</size>
         <input_file_ref idref="fl-bb"/>
      </object_component>
      <object_component id="oc-bfe">
         <name>.text:fseek</name>
         <load_address>0x12354</load_address>
         <run_address>0x12354</run_address>
         <size>0x74</size>
         <input_file_ref idref="fl-ae"/>
      </object_component>
      <object_component id="oc-8c9">
         <name>.text:GPIO_setAsPeripheralModuleFunctionInputPin</name>
         <load_address>0x123c8</load_address>
         <run_address>0x123c8</run_address>
         <size>0x72</size>
         <input_file_ref idref="fl-2e"/>
      </object_component>
      <object_component id="oc-c76">
         <name>.text:HOSTopen</name>
         <load_address>0x1243a</load_address>
         <run_address>0x1243a</run_address>
         <size>0x70</size>
         <input_file_ref idref="fl-b3"/>
      </object_component>
      <object_component id="oc-c88">
         <name>.text:HOSTwrite</name>
         <load_address>0x124aa</load_address>
         <run_address>0x124aa</run_address>
         <size>0x6c</size>
         <input_file_ref idref="fl-b7"/>
      </object_component>
      <object_component id="oc-c82">
         <name>.text:HOSTread</name>
         <load_address>0x12516</load_address>
         <run_address>0x12516</run_address>
         <size>0x6a</size>
         <input_file_ref idref="fl-b4"/>
      </object_component>
      <object_component id="oc-9b4">
         <name>.text:__mspabi_fixdul</name>
         <load_address>0x12580</load_address>
         <run_address>0x12580</run_address>
         <size>0x68</size>
         <input_file_ref idref="fl-8a"/>
      </object_component>
      <object_component id="oc-8db">
         <name>.text:CS_initClockSignal</name>
         <load_address>0x125e8</load_address>
         <run_address>0x125e8</run_address>
         <size>0x66</size>
         <input_file_ref idref="fl-26"/>
      </object_component>
      <object_component id="oc-cf6">
         <name>.text:getdevice</name>
         <load_address>0x1264e</load_address>
         <run_address>0x1264e</run_address>
         <size>0x62</size>
         <input_file_ref idref="fl-bf"/>
      </object_component>
      <object_component id="oc-be8">
         <name>.text:__TI_doflush</name>
         <load_address>0x126b0</load_address>
         <run_address>0x126b0</run_address>
         <size>0x60</size>
         <input_file_ref idref="fl-ab"/>
      </object_component>
      <object_component id="oc-bd5">
         <name>.text:get_feature</name>
         <load_address>0x12710</load_address>
         <run_address>0x12710</run_address>
         <size>0x5e</size>
         <input_file_ref idref="fl-8"/>
      </object_component>
      <object_component id="oc-ae6">
         <name>.text:__mpyll</name>
         <load_address>0x1276e</load_address>
         <run_address>0x1276e</run_address>
         <size>0x5c</size>
         <input_file_ref idref="fl-93"/>
      </object_component>
      <object_component id="oc-cb6">
         <name>.text:close</name>
         <load_address>0x127ca</load_address>
         <run_address>0x127ca</run_address>
         <size>0x5a</size>
         <input_file_ref idref="fl-bc"/>
      </object_component>
      <object_component id="oc-b22">
         <name>.text:spi_send_recv</name>
         <load_address>0x12824</load_address>
         <run_address>0x12824</run_address>
         <size>0x5a</size>
         <input_file_ref idref="fl-7"/>
      </object_component>
      <object_component id="oc-a76">
         <name>.text:read_id</name>
         <load_address>0x1287e</load_address>
         <run_address>0x1287e</run_address>
         <size>0x58</size>
         <input_file_ref idref="fl-8"/>
      </object_component>
      <object_component id="oc-b62">
         <name>.text:read_from_cache_x1</name>
         <load_address>0x128d6</load_address>
         <run_address>0x128d6</run_address>
         <size>0x56</size>
         <input_file_ref idref="fl-8"/>
      </object_component>
      <object_component id="oc-b4d">
         <name>.text:program_load_x1</name>
         <load_address>0x1292c</load_address>
         <run_address>0x1292c</run_address>
         <size>0x54</size>
         <input_file_ref idref="fl-8"/>
      </object_component>
      <object_component id="oc-b9f">
         <name>.text:spi_send</name>
         <load_address>0x12980</load_address>
         <run_address>0x12980</run_address>
         <size>0x52</size>
         <input_file_ref idref="fl-7"/>
      </object_component>
      <object_component id="oc-8f7">
         <name>.text:Timer_A_initContinuousMode</name>
         <load_address>0x129d2</load_address>
         <run_address>0x129d2</run_address>
         <size>0x50</size>
         <input_file_ref idref="fl-39"/>
      </object_component>
      <object_component id="oc-bb9">
         <name>.text:spi_recv</name>
         <load_address>0x12a22</load_address>
         <run_address>0x12a22</run_address>
         <size>0x50</size>
         <input_file_ref idref="fl-7"/>
      </object_component>
      <object_component id="oc-c7c">
         <name>.text:HOSTclose</name>
         <load_address>0x12a72</load_address>
         <run_address>0x12a72</run_address>
         <size>0x4e</size>
         <input_file_ref idref="fl-b1"/>
      </object_component>
      <object_component id="oc-d20">
         <name>.text:strncpy</name>
         <load_address>0x12ac0</load_address>
         <run_address>0x12ac0</run_address>
         <size>0x4e</size>
         <input_file_ref idref="fl-c7"/>
      </object_component>
      <object_component id="oc-b6a">
         <name>.text:block_erase</name>
         <load_address>0x12b0e</load_address>
         <run_address>0x12b0e</run_address>
         <size>0x4a</size>
         <input_file_ref idref="fl-8"/>
      </object_component>
      <object_component id="oc-821">
         <name>.text:exit</name>
         <load_address>0x12b58</load_address>
         <run_address>0x12b58</run_address>
         <size>0x4a</size>
         <input_file_ref idref="fl-a5"/>
      </object_component>
      <object_component id="oc-b53">
         <name>.text:program_execute</name>
         <load_address>0x12ba2</load_address>
         <run_address>0x12ba2</run_address>
         <size>0x4a</size>
         <input_file_ref idref="fl-8"/>
      </object_component>
      <object_component id="oc-c94">
         <name>.text:HOSTunlink</name>
         <load_address>0x12bec</load_address>
         <run_address>0x12bec</run_address>
         <size>0x46</size>
         <input_file_ref idref="fl-b6"/>
      </object_component>
      <object_component id="oc-c5c">
         <name>.text:free_list_insert</name>
         <load_address>0x12c32</load_address>
         <run_address>0x12c32</run_address>
         <size>0x46</size>
         <input_file_ref idref="fl-bd"/>
      </object_component>
      <object_component id="oc-b2d">
         <name>.text:set_feature</name>
         <load_address>0x12c78</load_address>
         <run_address>0x12c78</run_address>
         <size>0x44</size>
         <input_file_ref idref="fl-8"/>
      </object_component>
      <object_component id="oc-808">
         <name>.text:timer_init</name>
         <load_address>0x12cbc</load_address>
         <run_address>0x12cbc</run_address>
         <size>0x42</size>
         <input_file_ref idref="fl-5"/>
      </object_component>
      <object_component id="oc-aa7">
         <name>.text:validate</name>
         <load_address>0x12cfe</load_address>
         <run_address>0x12cfe</run_address>
         <size>0x42</size>
         <input_file_ref idref="fl-3d"/>
      </object_component>
      <object_component id="oc-935">
         <name>.text:l_asr_const</name>
         <load_address>0x12d40</load_address>
         <run_address>0x12d40</run_address>
         <size>0x3e</size>
         <input_file_ref idref="fl-9c"/>
      </object_component>
      <object_component id="oc-a5f">
         <name>.text:l_lsl_const</name>
         <load_address>0x12d7e</load_address>
         <run_address>0x12d7e</run_address>
         <size>0x3e</size>
         <input_file_ref idref="fl-99"/>
      </object_component>
      <object_component id="oc-ad1">
         <name>.text:l_lsr_const</name>
         <load_address>0x12dbc</load_address>
         <run_address>0x12dbc</run_address>
         <size>0x3e</size>
         <input_file_ref idref="fl-9d"/>
      </object_component>
      <object_component id="oc-c15">
         <name>.text:lseek</name>
         <load_address>0x12dfa</load_address>
         <run_address>0x12dfa</run_address>
         <size>0x3e</size>
         <input_file_ref idref="fl-af"/>
      </object_component>
      <object_component id="oc-6d9">
         <name>.text:memcpy</name>
         <load_address>0x12e38</load_address>
         <run_address>0x12e38</run_address>
         <size>0x3c</size>
         <input_file_ref idref="fl-a8"/>
      </object_component>
      <object_component id="oc-bee">
         <name>.text:write</name>
         <load_address>0x12e74</load_address>
         <run_address>0x12e74</run_address>
         <size>0x3c</size>
         <input_file_ref idref="fl-c9"/>
      </object_component>
      <object_component id="oc-8e1">
         <name>.text:CS_turnOnLFXT</name>
         <load_address>0x12eb0</load_address>
         <run_address>0x12eb0</run_address>
         <size>0x3a</size>
         <input_file_ref idref="fl-26"/>
      </object_component>
      <object_component id="oc-ae0">
         <name>.text:__mspabi_sllll</name>
         <load_address>0x12eea</load_address>
         <run_address>0x12eea</run_address>
         <size>0x3a</size>
         <input_file_ref idref="fl-9a"/>
      </object_component>
      <object_component id="oc-af0">
         <name>.text:__mspabi_srlll</name>
         <load_address>0x12f24</load_address>
         <run_address>0x12f24</run_address>
         <size>0x3a</size>
         <input_file_ref idref="fl-9e"/>
      </object_component>
      <object_component id="oc-b5c">
         <name>.text:page_read</name>
         <load_address>0x12f5e</load_address>
         <run_address>0x12f5e</run_address>
         <size>0x3a</size>
         <input_file_ref idref="fl-8"/>
      </object_component>
      <object_component id="oc-988">
         <name>.text:uxListRemove</name>
         <load_address>0x12f98</load_address>
         <run_address>0x12f98</run_address>
         <size>0x3a</size>
         <input_file_ref idref="fl-d"/>
      </object_component>
      <object_component id="oc-c29">
         <name>.text:__TI_cleanup</name>
         <load_address>0x12fd2</load_address>
         <run_address>0x12fd2</run_address>
         <size>0x36</size>
         <input_file_ref idref="fl-ba"/>
      </object_component>
      <object_component id="oc-cd0">
         <name>.text:__TI_writemsg</name>
         <load_address>0x13008</load_address>
         <run_address>0x13008</run_address>
         <size>0x36</size>
         <input_file_ref idref="fl-b8"/>
      </object_component>
      <object_component id="oc-d26">
         <name>.text:finddevice</name>
         <load_address>0x1303e</load_address>
         <run_address>0x1303e</run_address>
         <size>0x36</size>
         <input_file_ref idref="fl-bf"/>
      </object_component>
      <object_component id="oc-b08">
         <name>.text:printchar</name>
         <load_address>0x13074</load_address>
         <run_address>0x13074</run_address>
         <size>0x36</size>
         <input_file_ref idref="fl-6"/>
      </object_component>
      <object_component id="oc-8c3">
         <name>.text:GPIO_setAsOutputPin</name>
         <load_address>0x130aa</load_address>
         <run_address>0x130aa</run_address>
         <size>0x34</size>
         <input_file_ref idref="fl-2e"/>
      </object_component>
      <object_component id="oc-a82">
         <name>.text:clear_all_blocks</name>
         <load_address>0x130de</load_address>
         <run_address>0x130de</run_address>
         <size>0x34</size>
         <input_file_ref idref="fl-8"/>
      </object_component>
      <object_component id="oc-7f2">
         <name>.text:prvCopyDataFromQueue</name>
         <load_address>0x13112</load_address>
         <run_address>0x13112</run_address>
         <size>0x34</size>
         <input_file_ref idref="fl-e"/>
      </object_component>
      <object_component id="oc-ac7">
         <name>.text:Timer_A_getCounterValue</name>
         <load_address>0x13146</load_address>
         <run_address>0x13146</run_address>
         <size>0x32</size>
         <input_file_ref idref="fl-39"/>
      </object_component>
      <object_component id="oc-cd6">
         <name>.text:__TI_readmsg</name>
         <load_address>0x13178</load_address>
         <run_address>0x13178</run_address>
         <size>0x32</size>
         <input_file_ref idref="fl-b8"/>
      </object_component>
      <object_component id="oc-a3f">
         <name>.text:get_elasped_time</name>
         <load_address>0x131aa</load_address>
         <run_address>0x131aa</run_address>
         <size>0x30</size>
         <input_file_ref idref="fl-5"/>
      </object_component>
      <object_component id="oc-cbd">
         <name>.text:unlink</name>
         <load_address>0x131da</load_address>
         <run_address>0x131da</run_address>
         <size>0x30</size>
         <input_file_ref idref="fl-c8"/>
      </object_component>
      <object_component id="oc-a98">
         <name>.text:write_op</name>
         <load_address>0x1320a</load_address>
         <run_address>0x1320a</run_address>
         <size>0x2e</size>
         <input_file_ref idref="fl-8"/>
      </object_component>
      <object_component id="oc-aeb">
         <name>.text:__mpyull</name>
         <load_address>0x13238</load_address>
         <run_address>0x13238</run_address>
         <size>0x2c</size>
         <input_file_ref idref="fl-95"/>
      </object_component>
      <object_component id="oc-b39">
         <name>.text:write_enable</name>
         <load_address>0x13264</load_address>
         <run_address>0x13264</run_address>
         <size>0x2c</size>
         <input_file_ref idref="fl-8"/>
      </object_component>
      <object_component id="oc-c56">
         <name>.text:free_list_remove</name>
         <load_address>0x13290</load_address>
         <run_address>0x13290</run_address>
         <size>0x2a</size>
         <input_file_ref idref="fl-bd"/>
      </object_component>
      <object_component id="oc-a8f">
         <name>.text:set_input</name>
         <load_address>0x132ba</load_address>
         <run_address>0x132ba</run_address>
         <size>0x2a</size>
         <input_file_ref idref="fl-3d"/>
      </object_component>
      <object_component id="oc-b3f">
         <name>.text:write_disable</name>
         <load_address>0x132e4</load_address>
         <run_address>0x132e4</run_address>
         <size>0x2a</size>
         <input_file_ref idref="fl-8"/>
      </object_component>
      <object_component id="oc-86d">
         <name>.text:prvResetNextTaskUnblockTime</name>
         <load_address>0x1330e</load_address>
         <run_address>0x1330e</run_address>
         <size>0x28</size>
         <input_file_ref idref="fl-10"/>
      </object_component>
      <object_component id="oc-7d1">
         <name>.text:vApplicationSetupTimerInterrupt</name>
         <load_address>0x13336</load_address>
         <run_address>0x13336</run_address>
         <size>0x26</size>
         <input_file_ref idref="fl-4"/>
      </object_component>
      <object_component id="oc-703">
         <name>.text:decompress:ZI:__TI_zero_init_nomemset:__TI_zero_init_nomemset</name>
         <load_address>0x1335c</load_address>
         <run_address>0x1335c</run_address>
         <size>0x24</size>
         <input_file_ref idref="fl-83"/>
      </object_component>
      <object_component id="oc-aa1">
         <name>.text:read_op</name>
         <load_address>0x13380</load_address>
         <run_address>0x13380</run_address>
         <size>0x24</size>
         <input_file_ref idref="fl-8"/>
      </object_component>
      <object_component id="oc-b75">
         <name>.text</name>
         <load_address>0x133a4</load_address>
         <run_address>0x133a4</run_address>
         <size>0x24</size>
         <input_file_ref idref="fl-91"/>
      </object_component>
      <object_component id="oc-bb2">
         <name>.text:check_ecc</name>
         <load_address>0x133c8</load_address>
         <run_address>0x133c8</run_address>
         <size>0x22</size>
         <input_file_ref idref="fl-8"/>
      </object_component>
      <object_component id="oc-b16">
         <name>.text:memset</name>
         <load_address>0x133ea</load_address>
         <run_address>0x133ea</run_address>
         <size>0x20</size>
         <input_file_ref idref="fl-a9"/>
      </object_component>
      <object_component id="oc-8ed">
         <name>.text:GPIO_setOutputHighOnPin</name>
         <load_address>0x1340a</load_address>
         <run_address>0x1340a</run_address>
         <size>0x1c</size>
         <input_file_ref idref="fl-2e"/>
      </object_component>
      <object_component id="oc-b92">
         <name>.text:GPIO_setOutputLowOnPin</name>
         <load_address>0x13426</load_address>
         <run_address>0x13426</run_address>
         <size>0x1c</size>
         <input_file_ref idref="fl-2e"/>
      </object_component>
      <object_component id="oc-9cf">
         <name>.text:spi_nand_init</name>
         <load_address>0x13442</load_address>
         <run_address>0x13442</run_address>
         <size>0x1c</size>
         <input_file_ref idref="fl-8"/>
      </object_component>
      <object_component id="oc-d1a">
         <name>.text:strchr</name>
         <load_address>0x1345e</load_address>
         <run_address>0x1345e</run_address>
         <size>0x1c</size>
         <input_file_ref idref="fl-c1"/>
      </object_component>
      <object_component id="oc-d41">
         <name>.text:strcmp</name>
         <load_address>0x1347a</load_address>
         <run_address>0x1347a</run_address>
         <size>0x1c</size>
         <input_file_ref idref="fl-c2"/>
      </object_component>
      <object_component id="oc-aae">
         <name>.text:erase_op</name>
         <load_address>0x13496</load_address>
         <run_address>0x13496</run_address>
         <size>0x1a</size>
         <input_file_ref idref="fl-8"/>
      </object_component>
      <object_component id="oc-787">
         <name>.text:main</name>
         <load_address>0x134b0</load_address>
         <run_address>0x134b0</run_address>
         <size>0x1a</size>
         <input_file_ref idref="fl-4"/>
      </object_component>
      <object_component id="oc-bab">
         <name>.text:poll_for_oip</name>
         <load_address>0x134ca</load_address>
         <run_address>0x134ca</run_address>
         <size>0x18</size>
         <input_file_ref idref="fl-8"/>
      </object_component>
      <object_component id="oc-9bb">
         <name>.text:printf</name>
         <load_address>0x134e2</load_address>
         <run_address>0x134e2</run_address>
         <size>0x18</size>
         <input_file_ref idref="fl-6"/>
      </object_component>
      <object_component id="oc-873">
         <name>.text</name>
         <load_address>0x134fa</load_address>
         <run_address>0x134fa</run_address>
         <size>0x18</size>
         <input_file_ref idref="fl-8f"/>
      </object_component>
      <object_component id="oc-7fb">
         <name>.text:WDT_A_hold</name>
         <load_address>0x13512</load_address>
         <run_address>0x13512</run_address>
         <size>0x16</size>
         <input_file_ref idref="fl-3c"/>
      </object_component>
      <object_component id="oc-8a">
         <name>.text:decompress:none:__TI_decompress_none</name>
         <load_address>0x13528</load_address>
         <run_address>0x13528</run_address>
         <size>0x16</size>
         <input_file_ref idref="fl-60"/>
      </object_component>
      <object_component id="oc-c50">
         <name>.text:heap_start</name>
         <load_address>0x1353e</load_address>
         <run_address>0x1353e</run_address>
         <size>0x16</size>
         <input_file_ref idref="fl-bd"/>
      </object_component>
      <object_component id="oc-b83">
         <name>.text</name>
         <load_address>0x13554</load_address>
         <run_address>0x13554</run_address>
         <size>0x16</size>
         <input_file_ref idref="fl-88"/>
      </object_component>
      <object_component id="oc-80e">
         <name>.text:timer_start</name>
         <load_address>0x1356a</load_address>
         <run_address>0x1356a</run_address>
         <size>0x16</size>
         <input_file_ref idref="fl-5"/>
      </object_component>
      <object_component id="oc-a88">
         <name>.text:enable_ecc</name>
         <load_address>0x13580</load_address>
         <run_address>0x13580</run_address>
         <size>0x14</size>
         <input_file_ref idref="fl-8"/>
      </object_component>
      <object_component id="oc-a36">
         <name>.text:get_current_tick</name>
         <load_address>0x13594</load_address>
         <run_address>0x13594</run_address>
         <size>0x14</size>
         <input_file_ref idref="fl-5"/>
      </object_component>
      <object_component id="oc-8cf">
         <name>.text:CS_setDCOFreq</name>
         <load_address>0x135a8</load_address>
         <run_address>0x135a8</run_address>
         <size>0x12</size>
         <input_file_ref idref="fl-26"/>
      </object_component>
      <object_component id="oc-8d5">
         <name>.text:CS_setExternalClockSource</name>
         <load_address>0x135ba</load_address>
         <run_address>0x135ba</run_address>
         <size>0x12</size>
         <input_file_ref idref="fl-26"/>
      </object_component>
      <object_component id="oc-ce7">
         <name>.text:strcpy</name>
         <load_address>0x135cc</load_address>
         <run_address>0x135cc</run_address>
         <size>0x12</size>
         <input_file_ref idref="fl-c3"/>
      </object_component>
      <object_component id="oc-cca">
         <name>.text:strlen</name>
         <load_address>0x135de</load_address>
         <run_address>0x135de</run_address>
         <size>0x12</size>
         <input_file_ref idref="fl-c4"/>
      </object_component>
      <object_component id="oc-a64">
         <name>.text:l_lsr</name>
         <load_address>0x135f0</load_address>
         <run_address>0x135f0</run_address>
         <size>0x10</size>
         <input_file_ref idref="fl-9d"/>
      </object_component>
      <object_component id="oc-a7c">
         <name>.text:unlock_block</name>
         <load_address>0x13600</load_address>
         <run_address>0x13600</run_address>
         <size>0x10</size>
         <input_file_ref idref="fl-8"/>
      </object_component>
      <object_component id="oc-781">
         <name>.text:_system_pre_init</name>
         <load_address>0x13610</load_address>
         <run_address>0x13610</run_address>
         <size>0xc</size>
         <input_file_ref idref="fl-4"/>
      </object_component>
      <object_component id="oc-c23">
         <name>.text:malloc</name>
         <load_address>0x1361c</load_address>
         <run_address>0x1361c</run_address>
         <size>0xc</size>
         <input_file_ref idref="fl-bd"/>
      </object_component>
      <object_component id="oc-9c9">
         <name>.text:cs_drive_high</name>
         <load_address>0x13628</load_address>
         <run_address>0x13628</run_address>
         <size>0xa</size>
         <input_file_ref idref="fl-8"/>
      </object_component>
      <object_component id="oc-b1c">
         <name>.text:cs_drive_low</name>
         <load_address>0x13632</load_address>
         <run_address>0x13632</run_address>
         <size>0xa</size>
         <input_file_ref idref="fl-8"/>
      </object_component>
      <object_component id="oc-814">
         <name>.text:test_main</name>
         <load_address>0x1363c</load_address>
         <run_address>0x1363c</run_address>
         <size>0xa</size>
         <input_file_ref idref="fl-3e"/>
      </object_component>
      <object_component id="oc-888">
         <name>.text:vApplicationStackOverflowHook</name>
         <load_address>0x13646</load_address>
         <run_address>0x13646</run_address>
         <size>0xa</size>
         <input_file_ref idref="fl-4"/>
      </object_component>
      <object_component id="oc-b89">
         <name>.text:putchar</name>
         <load_address>0x13650</load_address>
         <run_address>0x13650</run_address>
         <size>0x8</size>
         <input_file_ref idref="fl-aa"/>
      </object_component>
      <object_component id="oc-8e7">
         <name>.text:PMM_unlockLPM5</name>
         <load_address>0x13658</load_address>
         <run_address>0x13658</run_address>
         <size>0x6</size>
         <input_file_ref idref="fl-32"/>
      </object_component>
      <object_component id="oc-909">
         <name>.text:Timer_A_clear</name>
         <load_address>0x1365e</load_address>
         <run_address>0x1365e</run_address>
         <size>0x6</size>
         <input_file_ref idref="fl-39"/>
      </object_component>
      <object_component id="oc-8fd">
[...]
      </symbol>
      <symbol id="sm-bb9">
         <name>__TI_int49</name>
         <value>0xfff2</value>
         <object_component_ref idref="oc-af"/>
      </symbol>
      <symbol id="sm-bbc">
         <name>__TI_int50</name>
         <value>0xfff4</value>
         <object_component_ref idref="oc-b0"/>
      </symbol>
      <symbol id="sm-bbf">
         <name>__TI_int51</name>
         <value>0xfff6</value>
         <object_component_ref idref="oc-b1"/>
      </symbol>
      <symbol id="sm-bc2">
         <name>__TI_int52</name>
         <value>0xfff8</value>
         <object_component_ref idref="oc-b2"/>
      </symbol>
      <symbol id="sm-bc5">
         <name>__TI_int53</name>
         <value>0xfffa</value>
         <object_component_ref idref="oc-b3"/>
      </symbol>
      <symbol id="sm-bc8">
         <name>__TI_int54</name>
         <value>0xfffc</value>
         <object_component_ref idref="oc-b4"/>
      </symbol>
      <symbol id="sm-bdb">
         <name>__TI_zero_init_nomemset</name>
         <value>0x1335c</value>
         <object_component_ref idref="oc-703"/>
      </symbol>
      <symbol id="sm-c01">
         <name>__mspabi_divd</name>
         <value>0x106fe</value>
         <object_component_ref idref="oc-a4b"/>
      </symbol>
      <symbol id="sm-c1c">
         <name>__TI_frcdivd</name>
         <value>0x10000</value>
         <object_component_ref idref="oc-ad8"/>
      </symbol>
      <symbol id="sm-c28">
         <name>__mspabi_remu</name>
         <value>0x13554</value>
         <object_component_ref idref="oc-b83"/>
      </symbol>
      <symbol id="sm-c29">
         <name>__mspabi_divu</name>
         <value>0x13554</value>
         <object_component_ref idref="oc-b83"/>
      </symbol>
      <symbol id="sm-c3a">
         <name>__mspabi_fixdul</name>
         <value>0x12580</value>
         <object_component_ref idref="oc-9b4"/>
      </symbol>
      <symbol id="sm-c4f">
         <name>__mspabi_fltuld</name>
         <value>0x12080</value>
         <object_component_ref idref="oc-a45"/>
      </symbol>
      <symbol id="sm-c75">
         <name>__mspabi_mpyd</name>
         <value>0x10466</value>
         <object_component_ref idref="oc-9ae"/>
      </symbol>
      <symbol id="sm-c80">
         <name>__TI_frcmpyd</name>
         <value>0x10e6e</value>
         <object_component_ref idref="oc-a52"/>
      </symbol>
      <symbol id="sm-c89">
         <name>__mspabi_mpyi_f5hw</name>
         <value>0x134fa</value>
         <object_component_ref idref="oc-873"/>
      </symbol>
      <symbol id="sm-c92">
         <name>__mspabi_mpyl_f5hw</name>
         <value>0x133a4</value>
         <object_component_ref idref="oc-b75"/>
      </symbol>
      <symbol id="sm-c9b">
         <name>__mspabi_mpyll_f5hw</name>
         <value>0x1276e</value>
         <object_component_ref idref="oc-ae6"/>
      </symbol>
      <symbol id="sm-ca4">
         <name>__mspabi_mpyull_f5hw</name>
         <value>0x13238</value>
         <object_component_ref idref="oc-aeb"/>
      </symbol>
      <symbol id="sm-caf">
         <name>__mspabi_slll_9</name>
         <value>0x12d96</value>
         <object_component_ref idref="oc-a5f"/>
      </symbol>
      <symbol id="sm-cb0">
         <name>__mspabi_slll_8</name>
         <value>0x12d9a</value>
         <object_component_ref idref="oc-a5f"/>
      </symbol>
      <symbol id="sm-cb1">
         <name>__mspabi_slll_7</name>
         <value>0x12d9e</value>
         <object_component_ref idref="oc-a5f"/>
      </symbol>
      <symbol id="sm-cb2">
         <name>__mspabi_slll_6</name>
         <value>0x12da2</value>
         <object_component_ref idref="oc-a5f"/>
      </symbol>
      <symbol id="sm-cb3">
         <name>__mspabi_slll_5</name>
         <value>0x12da6</value>
         <object_component_ref idref="oc-a5f"/>
      </symbol>
      <symbol id="sm-cb4">
         <name>__mspabi_slll_4</name>
         <value>0x12daa</value>
         <object_component_ref idref="oc-a5f"/>
      </symbol>
      <symbol id="sm-cb5">
         <name>__mspabi_slll_3</name>
         <value>0x12dae</value>
         <object_component_ref idref="oc-a5f"/>
      </symbol>
      <symbol id="sm-cb6">
         <name>__mspabi_slll_2</name>
         <value>0x12db2</value>
         <object_component_ref idref="oc-a5f"/>
      </symbol>
      <symbol id="sm-cb7">
         <name>__mspabi_slll_1</name>
         <value>0x12db6</value>
         <object_component_ref idref="oc-a5f"/>
      </symbol>
      <symbol id="sm-cb8">
         <name>__mspabi_slll_15</name>
         <value>0x12d7e</value>
         <object_component_ref idref="oc-a5f"/>
      </symbol>
      <symbol id="sm-cb9">
         <name>__mspabi_slll_14</name>
         <value>0x12d82</value>
         <object_component_ref idref="oc-a5f"/>
      </symbol>
      <symbol id="sm-cba">
         <name>__mspabi_slll_13</name>
         <value>0x12d86</value>
         <object_component_ref idref="oc-a5f"/>
      </symbol>
      <symbol id="sm-cbb">
         <name>__mspabi_slll_12</name>
         <value>0x12d8a</value>
         <object_component_ref idref="oc-a5f"/>
      </symbol>
      <symbol id="sm-cbc">
         <name>__mspabi_slll_11</name>
         <value>0x12d8e</value>
         <object_component_ref idref="oc-a5f"/>
      </symbol>
      <symbol id="sm-cbd">
         <name>__mspabi_slll_10</name>
         <value>0x12d92</value>
         <object_component_ref idref="oc-a5f"/>
      </symbol>
      <symbol id="sm-cca">
         <name>__mspabi_sllll</name>
         <value>0x12eea</value>
         <object_component_ref idref="oc-ae0"/>
      </symbol>
      <symbol id="sm-cd3">
         <name>__mspabi_sral_15</name>
         <value>0x12d40</value>
         <object_component_ref idref="oc-935"/>
      </symbol>
      <symbol id="sm-cd4">
         <name>__mspabi_sral_14</name>
         <value>0x12d44</value>
         <object_component_ref idref="oc-935"/>
      </symbol>
      <symbol id="sm-cd5">
         <name>__mspabi_sral_13</name>
         <value>0x12d48</value>
         <object_component_ref idref="oc-935"/>
      </symbol>
      <symbol id="sm-cd6">
         <name>__mspabi_sral_12</name>
         <value>0x12d4c</value>
         <object_component_ref idref="oc-935"/>
      </symbol>
      <symbol id="sm-cd7">
         <name>__mspabi_sral_11</name>
         <value>0x12d50</value>
         <object_component_ref idref="oc-935"/>
      </symbol>
      <symbol id="sm-cd8">
         <name>__mspabi_sral_10</name>
         <value>0x12d54</value>
         <object_component_ref idref="oc-935"/>
      </symbol>
      <symbol id="sm-cd9">
         <name>__mspabi_sral_8</name>
         <value>0x12d5c</value>
         <object_component_ref idref="oc-935"/>
      </symbol>
      <symbol id="sm-cda">
         <name>__mspabi_sral_9</name>
         <value>0x12d58</value>
         <object_component_ref idref="oc-935"/>
      </symbol>
      <symbol id="sm-cdb">
         <name>__mspabi_sral_6</name>
         <value>0x12d64</value>
         <object_component_ref idref="oc-935"/>
      </symbol>
      <symbol id="sm-cdc">
         <name>__mspabi_sral_7</name>
         <value>0x12d60</value>
         <object_component_ref idref="oc-935"/>
      </symbol>
      <symbol id="sm-cdd">
         <name>__mspabi_sral_4</name>
         <value>0x12d6c</value>
         <object_component_ref idref="oc-935"/>
      </symbol>
      <symbol id="sm-cde">
         <name>__mspabi_sral_5</name>
         <value>0x12d68</value>
         <object_component_ref idref="oc-935"/>
      </symbol>
      <symbol id="sm-cdf">
         <name>__mspabi_sral_2</name>
         <value>0x12d74</value>
         <object_component_ref idref="oc-935"/>
      </symbol>
      <symbol id="sm-ce0">
         <name>__mspabi_sral_3</name>
         <value>0x12d70</value>
         <object_component_ref idref="oc-935"/>
      </symbol>
      <symbol id="sm-ce1">
         <name>__mspabi_sral_1</name>
         <value>0x12d78</value>
         <object_component_ref idref="oc-935"/>
      </symbol>
      <symbol id="sm-cf1">
         <name>__mspabi_srll_8</name>
         <value>0x12dd8</value>
         <object_component_ref idref="oc-ad1"/>
      </symbol>
      <symbol id="sm-cf2">
         <name>__mspabi_srll_9</name>
         <value>0x12dd4</value>
         <object_component_ref idref="oc-ad1"/>
      </symbol>
      <symbol id="sm-cf3">
         <name>__mspabi_srll_6</name>
         <value>0x12de0</value>
         <object_component_ref idref="oc-ad1"/>
      </symbol>
      <symbol id="sm-cf4">
         <name>__mspabi_srll_7</name>
         <value>0x12ddc</value>
         <object_component_ref idref="oc-ad1"/>
      </symbol>
      <symbol id="sm-cf5">
         <name>__mspabi_srll_4</name>
         <value>0x12de8</value>
         <object_component_ref idref="oc-ad1"/>
      </symbol>
      <symbol id="sm-cf6">
         <name>__mspabi_srll_5</name>
         <value>0x12de4</value>
         <object_component_ref idref="oc-ad1"/>
      </symbol>
      <symbol id="sm-cf7">
         <name>__mspabi_srll_2</name>
         <value>0x12df0</value>
         <object_component_ref idref="oc-ad1"/>
      </symbol>
      <symbol id="sm-cf8">
         <name>__mspabi_srll_3</name>
         <value>0x12dec</value>
         <object_component_ref idref="oc-ad1"/>
      </symbol>
      <symbol id="sm-cf9">
         <name>__mspabi_srll_1</name>
         <value>0x12df4</value>
         <object_component_ref idref="oc-ad1"/>
      </symbol>
      <symbol id="sm-cfa">
         <name>__mspabi_srll_15</name>
         <value>0x12dbc</value>
         <object_component_ref idref="oc-ad1"/>
      </symbol>
      <symbol id="sm-cfb">
         <name>__mspabi_srll_14</name>
         <value>0x12dc0</value>
         <object_component_ref idref="oc-ad1"/>
      </symbol>
      <symbol id="sm-cfc">
         <name>__mspabi_srll_13</name>
         <value>0x12dc4</value>
         <object_component_ref idref="oc-ad1"/>
      </symbol>
      <symbol id="sm-cfd">
         <name>__mspabi_srll_12</name>
         <value>0x12dc8</value>
         <object_component_ref idref="oc-ad1"/>
      </symbol>
      <symbol id="sm-cfe">
         <name>__mspabi_srll_11</name>
         <value>0x12dcc</value>
         <object_component_ref idref="oc-ad1"/>
      </symbol>
      <symbol id="sm-cff">
         <name>__mspabi_srll_10</name>
         <value>0x12dd0</value>
         <object_component_ref idref="oc-ad1"/>
      </symbol>
      <symbol id="sm-d00">
         <name>__mspabi_srll</name>
         <value>0x135f0</value>
         <object_component_ref idref="oc-a64"/>
      </symbol>
      <symbol id="sm-d0d">
         <name>__mspabi_srlll</name>
         <value>0x12f24</value>
         <object_component_ref idref="oc-af0"/>
      </symbol>
      <symbol id="sm-d1d">
         <name>_stack</name>
         <value>0x2800</value>
         <object_component_ref idref="oc-6c7"/>
      </symbol>
      <symbol id="sm-d1e">
         <name>_c_int00_noargs</name>
         <value>0x5086</value>
         <object_component_ref idref="oc-715"/>
      </symbol>
      <symbol id="sm-d1f">
         <name>_reset_vector</name>
         <value>0xfffe</value>
         <object_component_ref idref="oc-6ca"/>
      </symbol>
      <symbol id="sm-d43">
         <name>__TI_auto_init_nobinit_nopinit_hold_wdt</name>
         <value>0x1217e</value>
         <object_component_ref idref="oc-83f"/>
      </symbol>
      <symbol id="sm-d4c">
         <name>_system_post_cinit</name>
         <value>0x13678</value>
         <object_component_ref idref="oc-93a"/>
      </symbol>
      <symbol id="sm-d6a">
         <name>C$$EXIT</name>
         <value>0x13670</value>
         <object_component_ref idref="oc-81b"/>
      </symbol>
      <symbol id="sm-d6b">
         <name>abort</name>
         <value>0x13670</value>
         <object_component_ref idref="oc-81b"/>
      </symbol>
      <symbol id="sm-d6c">
         <name>__TI_enable_exit_profile_output</name>
         <value>0x1dd0</value>
         <object_component_ref idref="oc-924"/>
      </symbol>
      <symbol id="sm-d6d">
         <name>exit</name>
         <value>0x12b58</value>
         <object_component_ref idref="oc-821"/>
      </symbol>
      <symbol id="sm-d7c">
         <name>__TI_dtors_ptr</name>
         <value>0x1dc0</value>
         <object_component_ref idref="oc-92a"/>
      </symbol>
      <symbol id="sm-d7d">
         <name>__TI_cleanup_ptr</name>
         <value>0x1dbc</value>
         <object_component_ref idref="oc-92d"/>
      </symbol>
      <symbol id="sm-d93">
         <name>_nop</name>
         <value>0x13676</value>
         <object_component_ref idref="oc-9ea"/>
      </symbol>
      <symbol id="sm-d94">
         <name>_lock</name>
         <value>0x1dc4</value>
         <object_component_ref idref="oc-927"/>
      </symbol>
      <symbol id="sm-d95">
         <name>_unlock</name>
         <value>0x1dc8</value>
         <object_component_ref idref="oc-930"/>
      </symbol>
      <symbol id="sm-da4">
         <name>memcpy</name>
         <value>0x12e38</value>
         <object_component_ref idref="oc-6d9"/>
      </symbol>
      <symbol id="sm-db3">
         <name>memset</name>
         <value>0x133ea</value>
         <object_component_ref idref="oc-b16"/>
      </symbol>
      <symbol id="sm-dd2">
         <name>putc</name>
         <value>0x11e54</value>
         <object_component_ref idref="oc-bc8"/>
      </symbol>
      <symbol id="sm-dd3">
         <name>fputc</name>
         <value>0x11e54</value>
         <object_component_ref idref="oc-bc8"/>
      </symbol>
      <symbol id="sm-dd4">
         <name>putchar</name>
         <value>0x13650</value>
         <object_component_ref idref="oc-b89"/>
      </symbol>
      <symbol id="sm-de5">
         <name>__TI_doflush</name>
         <value>0x126b0</value>
         <object_component_ref idref="oc-be8"/>
      </symbol>
      <symbol id="sm-df5">
         <name>__TI_tmpnams</name>
         <value>0x1dd4</value>
      </symbol>
      <symbol id="sm-df6">
         <name>_ftable</name>
         <value>0x1c00</value>
         <object_component_ref idref="oc-bc5"/>
      </symbol>
      <symbol id="sm-df7">
         <name>__TI_ft_end</name>
         <value>0x1dce</value>
         <object_component_ref idref="oc-c70"/>
      </symbol>
      <symbol id="sm-e0f">
         <name>__TI_wrt_ok</name>
         <value>0x11f74</value>
         <object_component_ref idref="oc-be2"/>
      </symbol>
      <symbol id="sm-e24">
         <name>fseek</name>
         <value>0x12354</value>
         <object_component_ref idref="oc-bfe"/>
      </symbol>
      <symbol id="sm-e37">
         <name>lseek</name>
         <value>0x12dfa</value>
         <object_component_ref idref="oc-c15"/>
      </symbol>
      <symbol id="sm-e46">
         <name>_stream</name>
         <value>0x1d40</value>
         <object_component_ref idref="oc-c0e"/>
      </symbol>
      <symbol id="sm-e47">
         <name>_device</name>
         <value>0x1cc8</value>
         <object_component_ref idref="oc-c3a"/>
      </symbol>
      <symbol id="sm-e53">
         <name>HOSTclose</name>
         <value>0x12a72</value>
         <object_component_ref idref="oc-c7c"/>
      </symbol>
      <symbol id="sm-e5f">
         <name>HOSTlseek</name>
         <value>0x11bf6</value>
         <object_component_ref idref="oc-c8e"/>
      </symbol>
      <symbol id="sm-e6d">
         <name>parmbuf</name>
         <value>0x1ef0</value>
      </symbol>
      <symbol id="sm-e6e">
         <name>HOSTopen</name>
         <value>0x1243a</value>
         <object_component_ref idref="oc-c76"/>
      </symbol>
      <symbol id="sm-e7b">
         <name>HOSTread</name>
         <value>0x12516</value>
         <object_component_ref idref="oc-c82"/>
      </symbol>
      <symbol id="sm-e87">
         <name>HOSTrename</name>
         <value>0x1226c</value>
         <object_component_ref idref="oc-c9a"/>
      </symbol>
      <symbol id="sm-e93">
         <name>HOSTunlink</name>
         <value>0x12bec</value>
         <object_component_ref idref="oc-c94"/>
      </symbol>
      <symbol id="sm-ea0">
         <name>HOSTwrite</name>
         <value>0x124aa</value>
         <object_component_ref idref="oc-c88"/>
      </symbol>
      <symbol id="sm-ebe">
         <name>__TI_readmsg</name>
         <value>0x13178</value>
         <object_component_ref idref="oc-cd6"/>
      </symbol>
      <symbol id="sm-ebf">
         <name>C$$IO$$</name>
         <value>0x1303a</value>
         <object_component_ref idref="oc-cd0"/>
      </symbol>
      <symbol id="sm-ec0">
         <name>_CIOBUF_</name>
         <value>0x4804</value>
         <object_component_ref idref="oc-d04"/>
      </symbol>
      <symbol id="sm-ec1">
         <name>__TI_writemsg</name>
         <value>0x13008</value>
         <object_component_ref idref="oc-cd0"/>
      </symbol>
      <symbol id="sm-eda">
         <name>setvbuf</name>
         <value>0x1139c</value>
         <object_component_ref idref="oc-c04"/>
      </symbol>
      <symbol id="sm-eeb">
         <name>__TI_cleanup</name>
         <value>0x12fd2</value>
         <object_component_ref idref="oc-c29"/>
      </symbol>
      <symbol id="sm-efc">
         <name>__TI_closefile</name>
         <value>0x122e0</value>
         <object_component_ref idref="oc-c6a"/>
      </symbol>
      <symbol id="sm-f0e">
         <name>close</name>
         <value>0x127ca</value>
         <object_component_ref idref="oc-cb6"/>
      </symbol>
      <symbol id="sm-f94">
         <name>_sys_memory</name>
         <value>0x4924</value>
         <object_component_ref idref="oc-6cb"/>
      </symbol>
      <symbol id="sm-f95">
         <name>free</name>
         <value>0x10fd2</value>
         <object_component_ref idref="oc-c1d"/>
      </symbol>
      <symbol id="sm-f96">
         <name>memalign</name>
         <value>0x10cb8</value>
         <object_component_ref idref="oc-c63"/>
      </symbol>
      <symbol id="sm-f97">
         <name>malloc</name>
         <value>0x1361c</value>
         <object_component_ref idref="oc-c23"/>
      </symbol>
      <symbol id="sm-f98">
         <name>aligned_alloc</name>
         <value>0x10cb8</value>
         <object_component_ref idref="oc-c63"/>
      </symbol>
      <symbol id="sm-fbd">
         <name>finddevice</name>
         <value>0x1303e</value>
         <object_component_ref idref="oc-d26"/>
      </symbol>
      <symbol id="sm-fbe">
         <name>getdevice</name>
         <value>0x1264e</value>
         <object_component_ref idref="oc-cf6"/>
      </symbol>
      <symbol id="sm-fce">
         <name>strchr</name>
         <value>0x1345e</value>
         <object_component_ref idref="oc-d1a"/>
      </symbol>
      <symbol id="sm-fdc">
         <name>strcmp</name>
         <value>0x1347a</value>
         <object_component_ref idref="oc-d41"/>
      </symbol>
      <symbol id="sm-fe9">
         <name>strcpy</name>
         <value>0x135cc</value>
         <object_component_ref idref="oc-ce7"/>
      </symbol>
      <symbol id="sm-ff6">
         <name>strlen</name>
         <value>0x135de</value>
         <object_component_ref idref="oc-cca"/>
      </symbol>
      <symbol id="sm-1009">
         <name>strncpy</name>
         <value>0x12ac0</value>
         <object_component_ref idref="oc-d20"/>
      </symbol>
      <symbol id="sm-1015">
         <name>unlink</name>
         <value>0x131da</value>
         <object_component_ref idref="oc-cbd"/>
      </symbol>
      <symbol id="sm-1023">
         <name>write</name>
         <value>0x12e74</value>
         <object_component_ref idref="oc-bee"/>
      </symbol>
      <symbol id="sm-1028">
         <name>vPortSetupTimerInterrupt</name>
         <value>0x13336</value>
      </symbol>
      <symbol id="sm-1029">
         <name>remove</name>
         <value>0x131da</value>
      </symbol>
   </symbol_table>
   <title>Link successful</title>
</link_info>
