******************************************************************************
                  MSP430 Linker PC v20.2.5                     
******************************************************************************
>> Linked Mon Apr  1 11:48:24 2024

OUTPUT FILE NAME:   <RTOSDemo.out>
ENTRY POINT SYMBOL: "_c_int00_noargs"  address: 00004898


MEMORY CONFIGURATION

         name            origin    length      used     unused   attr    fill
----------------------  --------  ---------  --------  --------  ----  --------
  TINYRAM               0000000a   00000016  00000000  00000016  RWIX
  BSL                   00001000   00000800  00000000  00000800  RWIX
  INFOD                 00001800   00000080  00000000  00000080  RWIX
  INFOC                 00001880   00000080  00000000  00000080  RWIX
  INFOB                 00001900   00000080  00000000  00000080  RWIX
  INFOA                 00001980   00000080  00000000  00000080  RWIX
  RAM                   00001c00   00001000  000007a4  0000085c  RWIX
  LEARAM                00002c00   00000ec8  00000000  00000ec8  RWIX
  LEASTACK              00003ac8   00000138  00000000  00000138  RWIX
  FRAM                  00004000   0000bf80  00000a4e  0000b532  RWIX
  JTAGSIGNATURE         0000ff80   00000004  00000004  00000000  RWIX  ffff 
  BSLSIGNATURE          0000ff84   00000004  00000004  00000000  RWIX  ffff 
  IPESIGNATURE          0000ff88   00000008  00000008  00000000  RWIX  ffff 
  INT00                 0000ff90   00000002  00000000  00000002  RWIX
  INT01                 0000ff92   00000002  00000000  00000002  RWIX
  INT02                 0000ff94   00000002  00000000  00000002  RWIX
  INT03                 0000ff96   00000002  00000000  00000002  RWIX
  INT04                 0000ff98   00000002  00000000  00000002  RWIX
  INT05                 0000ff9a   00000002  00000000  00000002  RWIX
  INT06                 0000ff9c   00000002  00000000  00000002  RWIX
  INT07                 0000ff9e   00000002  00000000  00000002  RWIX
  INT08                 0000ffa0   00000002  00000000  00000002  RWIX
  INT09                 0000ffa2   00000002  00000000  00000002  RWIX
  INT10                 0000ffa4   00000002  00000000  00000002  RWIX
  INT11                 0000ffa6   00000002  00000000  00000002  RWIX
  INT12                 0000ffa8   00000002  00000000  00000002  RWIX
  INT13                 0000ffaa   00000002  00000000  00000002  RWIX
  INT14                 0000ffac   00000002  00000000  00000002  RWIX
  INT15                 0000ffae   00000002  00000000  00000002  RWIX
  INT16                 0000ffb0   00000002  00000000  00000002  RWIX
  INT17                 0000ffb2   00000002  00000000  00000002  RWIX
  INT18                 0000ffb4   00000002  00000002  00000000  RWIX
  INT19                 0000ffb6   00000002  00000002  00000000  RWIX
  INT20                 0000ffb8   00000002  00000002  00000000  RWIX
  INT21                 0000ffba   00000002  00000002  00000000  RWIX
  INT22                 0000ffbc   00000002  00000002  00000000  RWIX
  INT23                 0000ffbe   00000002  00000002  00000000  RWIX
  INT24                 0000ffc0   00000002  00000002  00000000  RWIX
  INT25                 0000ffc2   00000002  00000002  00000000  RWIX
  INT26                 0000ffc4   00000002  00000002  00000000  RWIX
  INT27                 0000ffc6   00000002  00000002  00000000  RWIX
  INT28                 0000ffc8   00000002  00000002  00000000  RWIX
  INT29                 0000ffca   00000002  00000002  00000000  RWIX
  INT30                 0000ffcc   00000002  00000002  00000000  RWIX
  INT31                 0000ffce   00000002  00000002  00000000  RWIX
  INT32                 0000ffd0   00000002  00000002  00000000  RWIX
  INT33                 0000ffd2   00000002  00000002  00000000  RWIX
  INT34                 0000ffd4   00000002  00000002  00000000  RWIX
  INT35                 0000ffd6   00000002  00000002  00000000  RWIX
  INT36                 0000ffd8   00000002  00000002  00000000  RWIX
  INT37                 0000ffda   00000002  00000002  00000000  RWIX
  INT38                 0000ffdc   00000002  00000002  00000000  RWIX
  INT39                 0000ffde   00000002  00000002  00000000  RWIX
  INT40                 0000ffe0   00000002  00000002  00000000  RWIX
  INT41                 0000ffe2   00000002  00000002  00000000  RWIX
  INT42                 0000ffe4   00000002  00000002  00000000  RWIX
  INT43                 0000ffe6   00000002  00000002  00000000  RWIX
  INT44                 0000ffe8   00000002  00000002  00000000  RWIX
  INT45                 0000ffea   00000002  00000002  00000000  RWIX
  INT46                 0000ffec   00000002  00000002  00000000  RWIX
  INT47                 0000ffee   00000002  00000002  00000000  RWIX
  INT48                 0000fff0   00000002  00000002  00000000  RWIX
  INT49                 0000fff2   00000002  00000002  00000000  RWIX
  INT50                 0000fff4   00000002  00000002  00000000  RWIX
  INT51                 0000fff6   00000002  00000002  00000000  RWIX
  INT52                 0000fff8   00000002  00000002  00000000  RWIX
  INT53                 0000fffa   00000002  00000002  00000000  RWIX
  INT54                 0000fffc   00000002  00000002  00000000  RWIX
  RESET                 0000fffe   00000002  00000002  00000000  RWIX
  FRAM2                 00010000   00033ff8  0000a9c6  00029632  RWIX


SECTION ALLOCATION MAP

 output                                  attributes/
section   page    origin      length       input sections
--------  ----  ----------  ----------   ----------------
.cio       0    00004000    00000120     UNINITIALIZED
                  00004000    00000120     rts430x_lc_ld_eabi.lib : trgmsg.c.obj (.cio)

.binit     0    00004000    00000000     

.sysmem    0    00004120    00000400     UNINITIALIZED
                  00004120    00000008     rts430x_lc_ld_eabi.lib : memory.c.obj (.sysmem)
                  00004128    000003f8     --HOLE--

.ipestruct 
*          0    00004800    00000000     UNINITIALIZED

.ipe       0    00004800    00000000     UNINITIALIZED

.ipe_const 
*          0    00004800    00000000     UNINITIALIZED

.ipe:_isr 
*          0    00004800    00000000     UNINITIALIZED

.cinit     0    000049d2    0000007c     
                  000049d2    0000005a     (.cinit..data.load) [load image, compression = lzss]
                  00004a2c    0000000c     (__TI_handler_table)
                  00004a38    00000006     (.cinit..bss.load) [load image, compression = zero_init]
                  00004a3e    00000010     (__TI_cinit_table)

.init_array 
*          0    00004000    00000000     UNINITIALIZED

.data      0    00001c00    000001fc     UNINITIALIZED
                  00001c00    000000c8     rts430x_lc_ld_eabi.lib : defs.c.obj (.data:_ftable)
                  00001cc8    00000078                            : host_device.c.obj (.data:_device)
                  00001d40    0000003c                            : host_device.c.obj (.data:_stream)
                  00001d7c    0000002c     tasks.obj (.data)
                  00001da8    00000018     heap_4.obj (.data)
                  00001dc0    0000000c     main_full.obj (.data)
                  00001dcc    0000000c     timers.obj (.data)
                  00001dd8    00000008     cs.obj (.data)
                  00001de0    00000004     rts430x_lc_ld_eabi.lib : exit_gvars.c.obj (.data:__TI_cleanup_ptr)
                  00001de4    00000004                            : exit_gvars.c.obj (.data:__TI_dtors_ptr)
                  00001de8    00000004                            : _lock.c.obj (.data:_lock)
                  00001dec    00000004                            : _lock.c.obj (.data:_unlock)
                  00001df0    00000004     main_checkpoint.obj (.data)
                  00001df4    00000002     port.obj (.data)
                  00001df6    00000002     rts430x_lc_ld_eabi.lib : defs.c.obj (.data)
                  00001df8    00000002                            : exit.c.obj (.data)
                  00001dfa    00000002                            : memory.c.obj (.data)

.bss       0    00001dfc    000001a8     UNINITIALIZED
                  00001dfc    000000a0     (.common:__TI_tmpnams)
                  00001e9c    0000005a     tasks.obj (.bss:pxReadyTasksLists)
                  00001ef6    00000012     timers.obj (.bss:xActiveTimerList1)
                  00001f08    00000012     timers.obj (.bss:xActiveTimerList2)
                  00001f1a    00000012     tasks.obj (.bss:xDelayedTaskList1)
                  00001f2c    00000012     tasks.obj (.bss:xDelayedTaskList2)
                  00001f3e    00000012     tasks.obj (.bss:xPendingReadyList)
                  00001f50    00000012     tasks.obj (.bss:xSuspendedTaskList)
                  00001f62    00000012     tasks.obj (.bss:xTasksWaitingTermination)
                  00001f74    00000008     serial.obj (.bss)
                  00001f7c    00000008     tasks.obj (.bss)
                  00001f84    00000008     timers.obj (.bss)
                  00001f8c    00000008     heap_4.obj (.bss:xStart)
                  00001f94    00000008     (.common:parmbuf)
                  00001f9c    00000004     rts430x_lc_ld_eabi.lib : memory.c.obj (.bss)
                  00001fa0    00000004     (.common:snapshot_reg)

.text:_isr 
*          0    00004800    0000010e     
                  00004800    00000074     serial.obj (.text:_isr:prvUSCI_A0_ISR)
                  00004874    00000024     my_timer.obj (.text:_isr:A2_ISR)
                  00004898    0000001c     rts430x_lc_ld_eabi.lib : boot.c.obj (.text:_isr:_c_int00_noargs)
                  000048b4    0000001a     main_full.obj (.text:_isr:v4RunTimeStatsTimerOverflow)
                  000048ce    00000016     checkpoint.obj (.text:_isr:A3_ISR)
                  000048e4    00000012     checkpoint.obj (.text:_isr:RTC_ISR)
                  000048f6    00000010     port.obj (.text:_isr:vTickISREntry)
                  00004906    00000008     rts430x_lc_ld_eabi.lib : isr_trap.asm.obj (.text:_isr:__TI_ISR_TRAP)

.TI.persistent 
*          0    00010000    000068ce     
                  00010000    00003800     main.obj (.TI.persistent:ucHeap)
                  00013800    000030b8     checkpoint.obj (.TI.persistent:snapshot)
                  000168b8    0000000a     checkpoint.obj (.TI.persistent:dma_param)
                  000168c2    00000008     checkpoint.obj (.TI.persistent:rtc_calendar_param)
                  000168ca    00000004     my_timer.obj (.TI.persistent)

.stack     0    00002800    00000400     UNINITIALIZED
                  00002800    00000004     rts430x_lc_ld_eabi.lib : boot.c.obj (.stack)
                  00002804    000003fc     --HOLE--

$fill000   0    0000ff80    00000004     
                  0000ff80    00000004     --HOLE-- [fill = ffff]

$fill001   0    0000ff84    00000004     
                  0000ff84    00000004     --HOLE-- [fill = ffff]

$fill002   0    0000ff88    00000008     
                  0000ff88    00000008     --HOLE-- [fill = ffff]

LEA        0    0000ffb4    00000002     
                  0000ffb4    00000002     rts430x_lc_ld_eabi.lib : int18.asm.obj (.int18)

PORT8      0    0000ffb6    00000002     
                  0000ffb6    00000002     rts430x_lc_ld_eabi.lib : int19.asm.obj (.int19)

PORT7      0    0000ffb8    00000002     
                  0000ffb8    00000002     rts430x_lc_ld_eabi.lib : int20.asm.obj (.int20)

EUSCI_B3   0    0000ffba    00000002     
                  0000ffba    00000002     rts430x_lc_ld_eabi.lib : int21.asm.obj (.int21)

EUSCI_B2   0    0000ffbc    00000002     
                  0000ffbc    00000002     rts430x_lc_ld_eabi.lib : int22.asm.obj (.int22)

EUSCI_B1   0    0000ffbe    00000002     
                  0000ffbe    00000002     rts430x_lc_ld_eabi.lib : int23.asm.obj (.int23)

EUSCI_A3   0    0000ffc0    00000002     
                  0000ffc0    00000002     rts430x_lc_ld_eabi.lib : int24.asm.obj (.int24)

EUSCI_A2   0    0000ffc2    00000002     
                  0000ffc2    00000002     rts430x_lc_ld_eabi.lib : int25.asm.obj (.int25)

PORT6      0    0000ffc4    00000002     
                  0000ffc4    00000002     rts430x_lc_ld_eabi.lib : int26.asm.obj (.int26)

PORT5      0    0000ffc6    00000002     
                  0000ffc6    00000002     rts430x_lc_ld_eabi.lib : int27.asm.obj (.int27)

TIMER4_A1 
*          0    0000ffc8    00000002     
                  0000ffc8    00000002     rts430x_lc_ld_eabi.lib : int28.asm.obj (.int28)

TIMER4_A0 
*          0    0000ffca    00000002     
                  0000ffca    00000002     rts430x_lc_ld_eabi.lib : int29.asm.obj (.int29)

AES256     0    0000ffcc    00000002     
                  0000ffcc    00000002     rts430x_lc_ld_eabi.lib : int30.asm.obj (.int30)

RTC_C      0    0000ffce    00000002     
                  0000ffce    00000002     checkpoint.obj (.int31)

PORT4      0    0000ffd0    00000002     
                  0000ffd0    00000002     rts430x_lc_ld_eabi.lib : int32.asm.obj (.int32)

PORT3      0    0000ffd2    00000002     
                  0000ffd2    00000002     rts430x_lc_ld_eabi.lib : int33.asm.obj (.int33)

TIMER3_A1 
*          0    0000ffd4    00000002     
                  0000ffd4    00000002     checkpoint.obj (.int34)

TIMER3_A0 
*          0    0000ffd6    00000002     
                  0000ffd6    00000002     rts430x_lc_ld_eabi.lib : int35.asm.obj (.int35)

PORT2      0    0000ffd8    00000002     
                  0000ffd8    00000002     rts430x_lc_ld_eabi.lib : int36.asm.obj (.int36)

TIMER2_A1 
*          0    0000ffda    00000002     
                  0000ffda    00000002     my_timer.obj (.int37)

TIMER2_A0 
*          0    0000ffdc    00000002     
                  0000ffdc    00000002     rts430x_lc_ld_eabi.lib : int38.asm.obj (.int38)

PORT1      0    0000ffde    00000002     
                  0000ffde    00000002     rts430x_lc_ld_eabi.lib : int39.asm.obj (.int39)

TIMER1_A1 
*          0    0000ffe0    00000002     
                  0000ffe0    00000002     main_full.obj (.int40)

TIMER1_A0 
*          0    0000ffe2    00000002     
                  0000ffe2    00000002     rts430x_lc_ld_eabi.lib : int41.asm.obj (.int41)

DMA        0    0000ffe4    00000002     
                  0000ffe4    00000002     rts430x_lc_ld_eabi.lib : int42.asm.obj (.int42)

EUSCI_A1   0    0000ffe6    00000002     
                  0000ffe6    00000002     rts430x_lc_ld_eabi.lib : int43.asm.obj (.int43)

TIMER0_A1 
*          0    0000ffe8    00000002     
                  0000ffe8    00000002     rts430x_lc_ld_eabi.lib : int44.asm.obj (.int44)

TIMER0_A0 
*          0    0000ffea    00000002     
                  0000ffea    00000002     port.obj (.int45)

ADC12_B    0    0000ffec    00000002     
                  0000ffec    00000002     rts430x_lc_ld_eabi.lib : int46.asm.obj (.int46)

EUSCI_B0   0    0000ffee    00000002     
                  0000ffee    00000002     rts430x_lc_ld_eabi.lib : int47.asm.obj (.int47)

EUSCI_A0   0    0000fff0    00000002     
                  0000fff0    00000002     serial.obj (.int48)

WDT        0    0000fff2    00000002     
                  0000fff2    00000002     rts430x_lc_ld_eabi.lib : int49.asm.obj (.int49)

TIMER0_B1 
*          0    0000fff4    00000002     
                  0000fff4    00000002     rts430x_lc_ld_eabi.lib : int50.asm.obj (.int50)

TIMER0_B0 
*          0    0000fff6    00000002     
                  0000fff6    00000002     rts430x_lc_ld_eabi.lib : int51.asm.obj (.int51)

COMP_E     0    0000fff8    00000002     
                  0000fff8    00000002     rts430x_lc_ld_eabi.lib : int52.asm.obj (.int52)

UNMI       0    0000fffa    00000002     
                  0000fffa    00000002     rts430x_lc_ld_eabi.lib : int53.asm.obj (.int53)

SYSNMI     0    0000fffc    00000002     
                  0000fffc    00000002     rts430x_lc_ld_eabi.lib : int54.asm.obj (.int54)

.reset     0    0000fffe    00000002     
                  0000fffe    00000002     rts430x_lc_ld_eabi.lib : boot.c.obj (.reset)

.const     0    0000490e    000000c4     
                  0000490e    00000032     tasks.obj (.const:.string)
                  00004940    0000001c     main.obj (.const:.string)
                  0000495c    0000001c     main_checkpoint.obj (.const:.string)
                  00004978    0000001c     gpio.obj (.const:GPIO_PORT_TO_BASE)
                  00004994    00000012     main.obj (.const:$P$T0$1)
                  000049a6    0000000e     checkpoint.obj (.const:$P$T0$1)
                  000049b4    0000000a     my_timer.obj (.const:$P$T0$1)
                  000049be    00000008     printf-stdarg.obj (.const:.string)
                  000049c6    00000008     timers.obj (.const:.string)
                  000049ce    00000002     tasks.obj (.const)
                  000049d0    00000001     spi_nand.obj (.const:$P$T2$2)
                  000049d1    00000001     spi_nand.obj (.const:$P$T5$3)

.text      0    000168ce    000040f8     
                  000168ce    00000202     tasks.obj (.text:xTaskIncrementTick)
                  00016ad0    000001c0     printf-stdarg.obj (.text:tiny_print)
                  00016c90    000001b6     rts430x_lc_ld_eabi.lib : memory.c.obj (.text:aligned_alloc)
                  00016e46    000001ac     tasks.obj (.text:xTaskResumeAll)
                  00016ff2    000001a0     heap_4.obj (.text:pvPortMalloc)
                  00017192    00000196     queue.obj (.text:xQueueReceive)
                  00017328    0000015a     timers.obj (.text:prvProcessReceivedCommands)
                  00017482    00000158     tasks.obj (.text:vTaskSwitchContext)
                  000175da    00000158     tasks.obj (.text:xTaskRemoveFromEventList)
                  00017732    0000014c     rts430x_lc_ld_eabi.lib : memory.c.obj (.text:free)
                  0001787e    0000012c     tasks.obj (.text:prvInitialiseNewTask)
                  000179aa    000000fa     tasks.obj (.text:prvAddNewTaskToReadyList)
                  00017aa4    000000fa     rts430x_lc_ld_eabi.lib : setvbuf.c.obj (.text:setvbuf)
                  00017b9e    000000f0     printf-stdarg.obj (.text:printi)
                  00017c8e    000000e4     queue.obj (.text:xQueueGenericReset)
                  00017d72    000000e0     checkpoint.obj (.text:checkpoint)
                  00017e52    000000d8     heap_4.obj (.text:prvHeapInit)
                  00017f2a    000000d6     tasks.obj (.text:xTaskPriorityDisinherit)
                  00018000    000000d2     tasks.obj (.text:prvAddCurrentTaskToDelayedList)
                  000180d2    000000d0     main.obj (.text:prvSetupHardware)
                  000181a2    000000cc     snapshot.obj (.text)
                  0001826e    000000c6     checkpoint.obj (.text:restore)
                  00018334    000000c2     rts430x_lc_ld_eabi.lib : memory.c.obj (.text:split)
                  000183f6    000000b0     tasks.obj (.text:xTaskCheckForTimeOut)
                  000184a6    000000ac     queue.obj (.text:prvUnlockQueue)
                  00018552    000000ac     heap_4.obj (.text:vPortFree)
                  000185fe    000000a6     portext.obj (.text)
                  000186a4    0000009e     queue.obj (.text:prvCopyDataToQueue)
                  00018742    0000009a     rts430x_lc_ld_eabi.lib : hostlseek.c.obj (.text:HOSTlseek)
                  000187dc    00000094     queue.obj (.text:xQueueGenericSendFromISR)
                  00018870    00000090     rts430x_lc_ld_eabi.lib : fputc.c.obj (.text:fputc)
                  00018900    0000008a     tasks.obj (.text:xTaskCreate)
                  0001898a    00000086     rtc_c.obj (.text:RTC_C_initCalendar)
                  00018a10    00000086     rts430x_lc_ld_eabi.lib : _io_perm.c.obj (.text:__TI_wrt_ok)
                  00018a96    00000086     printf-stdarg.obj (.text:prints)
                  00018b1c    00000082     dma.obj (.text:DMA_init)
                  00018b9e    0000007e     queue.obj (.text:xQueueReceiveFromISR)
                  00018c1c    0000007c     timer_a.obj (.text:Timer_A_initUpMode)
                  00018c98    0000007a     timers.obj (.text:prvInsertTimerInActiveList)
                  00018d12    0000007a     timers.obj (.text:prvProcessTimerOrBlockTask)
                  00018d8c    00000078     rts430x_lc_ld_eabi.lib : autoinit.c.obj (.text:__TI_auto_init_nobinit_nopinit_hold_wdt:__TI_auto_init_nobinit_nopinit_hold_wdt)
                  00018e04    00000078     checkpoint.obj (.text:shutdown)
                  00018e7c    00000076     rts430x_lc_ld_eabi.lib : copy_decompress_lzss.c.obj (.text:decompress:lzss:__TI_decompress_lzss)
                  00018ef2    00000074                            : hostrename.c.obj (.text:HOSTrename)
                  00018f66    00000074                            : fclose.c.obj (.text:__TI_closefile)
                  00018fda    00000074                            : fseek.c.obj (.text:fseek)
                  0001904e    00000072     gpio.obj (.text:GPIO_setAsPeripheralModuleFunctionInputPin)
                  000190c0    00000072     heap_4.obj (.text:prvInsertBlockIntoFreeList)
                  00019132    00000070     rts430x_lc_ld_eabi.lib : hostopen.c.obj (.text:HOSTopen)
                  000191a2    0000006e     queue.obj (.text:xQueueGenericCreate)
                  00019210    0000006c     rts430x_lc_ld_eabi.lib : hostwrite.c.obj (.text:HOSTwrite)
                  0001927c    0000006c     tasks.obj (.text:vTaskPlaceOnEventListRestricted)
                  000192e8    0000006c     tasks.obj (.text:vTaskStartScheduler)
                  00019354    0000006a     rts430x_lc_ld_eabi.lib : hostread.c.obj (.text:HOSTread)
                  000193be    00000066     cs.obj (.text:CS_initClockSignal)
                  00019424    00000062     rts430x_lc_ld_eabi.lib : getdevice.c.obj (.text:getdevice)
                  00019486    00000062     tasks.obj (.text:prvInitialiseTaskLists)
                  000194e8    00000062     spi.obj (.text:spi_send_recv)
                  0001954a    00000060     rts430x_lc_ld_eabi.lib : fflush.c.obj (.text:__TI_doflush)
                  000195aa    00000060     timers.obj (.text:prvCheckForValidListAndQueue)
                  0001960a    0000005e     checkpoint.obj (.text:DMA_transfer)
                  00019668    0000005e     spi_nand.obj (.text:get_feature)
                  000196c6    0000005e     tasks.obj (.text:prvCheckTasksWaitingTermination)
                  00019724    0000005e     main_checkpoint.obj (.text:test_time_based_power_event)
                  00019782    0000005a     rts430x_lc_ld_eabi.lib : close.c.obj (.text:close)
                  000197dc    0000005a     spi.obj (.text:spi_send)
                  00019836    00000058     spi_nand.obj (.text:read_id)
                  0001988e    00000058     rts430x_lc_ld_eabi.lib : div32u.asm.obj (.text)
                  000198e6    00000058     checkpoint.obj (.text:setup_power_event_timer)
                  0001993e    00000056     eusci_b_spi.obj (.text:EUSCI_B_SPI_initMaster)
                  00019994    00000054     list.obj (.text:vListInsert)
                  000199e8    00000054     queue.obj (.text:vQueueWaitForMessageRestricted)
                  00019a3c    00000052     checkpoint.obj (.text:find_next_open_snapshot_slot)
                  00019a8e    00000052     timers.obj (.text:prvReloadTimer)
                  00019ae0    00000050     timer_a.obj (.text:Timer_A_initContinuousMode)
                  00019b30    0000004e     rts430x_lc_ld_eabi.lib : hostclose.c.obj (.text:HOSTclose)
                  00019b7e    0000004e                            : strncpy.c.obj (.text:strncpy)
                  00019bcc    0000004c     checkpoint.obj (.text:find_latest_complete_snapshot_slot)
                  00019c18    0000004c     timers.obj (.text:prvProcessExpiredTimer)
                  00019c64    0000004c     timers.obj (.text:xTimerCreateTimerTask)
                  00019cb0    0000004a     spi_nand.obj (.text:block_erase)
                  00019cfa    0000004a     rts430x_lc_ld_eabi.lib : exit.c.obj (.text:exit)
                  00019d44    00000046                            : hostunlink.c.obj (.text:HOSTunlink)
                  00019d8a    00000046                            : memory.c.obj (.text:free_list_insert)
                  00019dd0    00000044     spi_nand.obj (.text:set_feature)
                  00019e14    00000042     rtc_c.obj (.text:RTC_C_disableInterrupt)
                  00019e56    00000042     my_timer.obj (.text:timer_init)
                  00019e98    00000040     rtc_c.obj (.text:RTC_C_enableInterrupt)
                  00019ed8    00000040     timers.obj (.text:prvSampleTimeNow)
                  00019f18    0000003e     rtc_c.obj (.text:RTC_C_clearInterrupt)
                  00019f56    0000003e     rts430x_lc_ld_eabi.lib : asr32.asm.obj (.text:l_asr_const)
                  00019f94    0000003e                            : lsl32.asm.obj (.text:l_lsl_const)
                  00019fd2    0000003e                            : lseek.c.obj (.text:lseek)
                  0001a010    0000003c                            : memcpy.c.obj (.text:memcpy)
                  0001a04c    0000003c                            : write.c.obj (.text:write)
                  0001a088    0000003a     cs.obj (.text:CS_turnOnLFXT)
                  0001a0c2    0000003a     list.obj (.text:uxListRemove)
                  0001a0fc    00000036     rts430x_lc_ld_eabi.lib : fopen.c.obj (.text:__TI_cleanup)
                  0001a132    00000036                            : trgmsg.c.obj (.text:__TI_writemsg)
                  0001a168    00000036                            : getdevice.c.obj (.text:finddevice)
                  0001a19e    00000036     printf-stdarg.obj (.text:printchar)
                  0001a1d4    00000034     gpio.obj (.text:GPIO_setAsOutputPin)
                  0001a208    00000034     spi_nand.obj (.text:clear_all_blocks)
                  0001a23c    00000034     main.obj (.text:main)
                  0001a270    00000034     queue.obj (.text:prvCopyDataFromQueue)
                  0001a2a4    00000034     main.obj (.text:vApplicationSetupTimerInterrupt)
                  0001a2d8    00000032     rts430x_lc_ld_eabi.lib : trgmsg.c.obj (.text:__TI_readmsg)
                  0001a30a    00000032     queue.obj (.text:prvIsQueueEmpty)
                  0001a33c    00000032     tasks.obj (.text:xTaskGetTickCount)
                  0001a36e    00000030     dma.obj (.text:DMA_setDstAddress)
                  0001a39e    00000030     tasks.obj (.text:prvResetNextTaskUnblockTime)
                  0001a3ce    00000030     rts430x_lc_ld_eabi.lib : unlink.c.obj (.text:unlink)
                  0001a3fe    00000030     tasks.obj (.text:vTaskPlaceOnEventList)
                  0001a42e    0000002e     dma.obj (.text:DMA_setSrcAddress)
                  0001a45c    0000002e     timers.obj (.text:prvGetNextExpireTime)
                  0001a48a    0000002c     timers.obj (.text:prvSwitchTimerLists)
                  0001a4b6    0000002c     list.obj (.text:vListInitialise)
                  0001a4e2    0000002c     spi_nand.obj (.text:write_enable)
                  0001a50e    0000002a     rts430x_lc_ld_eabi.lib : memory.c.obj (.text:free_list_remove)
                  0001a538    0000002a     queue.obj (.text:prvInitialiseNewQueue)
                  0001a562    0000002a     spi_nand.obj (.text:write_disable)
                  0001a58c    00000028     rtc_c.obj (.text:RTC_C_setCalendarEvent)
                  0001a5b4    00000028     main_checkpoint.obj (.text:main_checkpoint)
                  0001a5dc    00000024     rts430x_lc_ld_eabi.lib : copy_zero_init.c.obj (.text:decompress:ZI:__TI_zero_init_nomemset:__TI_zero_init_nomemset)
                  0001a600    00000024     port.obj (.text:pxPortInitialiseStack)
                  0001a624    00000020     rts430x_lc_ld_eabi.lib : memset.c.obj (.text:memset)
                  0001a644    0000001e     rtc_c.obj (.text:RTC_C_holdClock)
                  0001a662    0000001e     rtc_c.obj (.text:RTC_C_startClock)
                  0001a680    0000001c     gpio.obj (.text:GPIO_setOutputHighOnPin)
                  0001a69c    0000001c     gpio.obj (.text:GPIO_setOutputLowOnPin)
                  0001a6b8    0000001c     spi_nand.obj (.text:erase_op)
                  0001a6d4    0000001c     spi_nand.obj (.text:spi_nand_init)
                  0001a6f0    0000001c     rts430x_lc_ld_eabi.lib : strchr.c.obj (.text:strchr)
                  0001a70c    0000001c                            : strcmp.c.obj (.text:strcmp)
                  0001a728    0000001c     tasks.obj (.text:xTaskGetSchedulerState)
                  0001a744    0000001a     cs.obj (.text:CS_setExternalClockSource)
                  0001a75e    0000001a     tasks.obj (.text:vTaskInternalSetTimeOutState)
                  0001a778    00000018     spi_nand.obj (.text:poll_for_oip)
                  0001a790    00000018     printf-stdarg.obj (.text:printf)
                  0001a7a8    00000018     tasks.obj (.text:prvIdleTask)
                  0001a7c0    00000018     rts430x_lc_ld_eabi.lib : mult16_f5hw.asm.obj (.text)
                  0001a7d8    00000016     wdt_a.obj (.text:WDT_A_hold)
                  0001a7ee    00000016     rts430x_lc_ld_eabi.lib : copy_decompress_none.c.obj (.text:decompress:none:__TI_decompress_none)
                  0001a804    00000016                            : memory.c.obj (.text:heap_start)
                  0001a81a    00000016     tasks.obj (.text:prvDeleteTCB)
                  0001a830    00000016     timers.obj (.text:prvTimerTask)
                  0001a846    00000016     rts430x_lc_ld_eabi.lib : div16u.asm.obj (.text)
                  0001a85c    00000016     my_timer.obj (.text:timer_start)
                  0001a872    00000016     main_full.obj (.text:vConfigureTimerForRunTimeStats)
                  0001a888    00000014     spi_nand.obj (.text:disable_ecc)
                  0001a89c    00000012     cs.obj (.text:CS_setDCOFreq)
                  0001a8ae    00000012     pmm.obj (.text:PMM_disableSVSH)
                  0001a8c0    00000012     pmm.obj (.text:PMM_turnOffRegulator)
                  0001a8d2    00000012     rts430x_lc_ld_eabi.lib : strcpy.c.obj (.text:strcpy)
                  0001a8e4    00000012                            : strlen.c.obj (.text:strlen)
                  0001a8f6    00000010     dma.obj (.text:DMA_enableTransfers)
                  0001a906    00000010     spi_nand.obj (.text:unlock_block)
                  0001a916    0000000e     dma.obj (.text:DMA_startTransfer)
                  0001a924    0000000c     dma.obj (.text:DMA_setTransferSize)
                  0001a930    0000000c     main.obj (.text:_system_pre_init)
                  0001a93c    0000000c     rts430x_lc_ld_eabi.lib : memory.c.obj (.text:malloc)
                  0001a948    0000000c     main.obj (.text:vApplicationIdleHook)
                  0001a954    0000000a     spi_nand.obj (.text:cs_drive_high)
                  0001a95e    0000000a     spi_nand.obj (.text:cs_drive_low)
                  0001a968    0000000a     main.obj (.text:vApplicationMallocFailedHook)
                  0001a972    0000000a     main.obj (.text:vApplicationStackOverflowHook)
                  0001a97c    00000008     rts430x_lc_ld_eabi.lib : fputc.c.obj (.text:putchar)
                  0001a984    00000008     list.obj (.text:vListInitialiseItem)
                  0001a98c    00000008     tasks.obj (.text:vTaskMissedYield)
                  0001a994    00000008     tasks.obj (.text:vTaskSuspendAll)
                  0001a99c    00000006     eusci_b_spi.obj (.text:EUSCI_B_SPI_enable)
                  0001a9a2    00000006     pmm.obj (.text:PMM_unlockLPM5)
                  0001a9a8    00000006     timer_a.obj (.text:Timer_A_clear)
                  0001a9ae    00000006     timer_a.obj (.text:Timer_A_enableInterrupt)
                  0001a9b4    00000006     timer_a.obj (.text:Timer_A_startCounter)
                  0001a9ba    00000006     rts430x_lc_ld_eabi.lib : exit.c.obj (.text:abort)
                  0001a9c0    00000002                            : _lock.c.obj (.text:_nop)
                  0001a9c2    00000002                            : startup.c.obj (.text:_system_post_cinit)
                  0001a9c4    00000002     main.obj (.text:vApplicationTickHook)

MODULE SUMMARY

       Module                       code    ro data   rw data
       ------                       ----    -------   -------
    .\
       main.obj                     358     46        14336  
       printf-stdarg.obj            900     8         0      
    +--+----------------------------+-------+---------+---------+
       Total:                       1258    54        14336  
                                                             
    .\FreeRTOS_Source\
       tasks.obj                    3588    52        232    
       queue.obj                    1576    0         0      
       timers.obj                   1096    8         56     
       list.obj                     194     0         0      
    +--+----------------------------+-------+---------+---------+
       Total:                       6454    60        288    
                                                             
    .\FreeRTOS_Source\portable\CCS\MSP430X\
       portext.obj                  166     0         0      
       port.obj                     52      2         2      
    +--+----------------------------+-------+---------+---------+
       Total:                       218     2         2      
                                                             
    .\FreeRTOS_Source\portable\MemMang\
       heap_4.obj                   918     0         32     
    +--+----------------------------+-------+---------+---------+
       Total:                       918     0         32     
                                                             
    .\Full_Demo\
       serial.obj                   116     2         8      
       main_full.obj                48      2         12     
    +--+----------------------------+-------+---------+---------+
       Total:                       164     4         20     
                                                             
    .\checkpoint\
       checkpoint.obj               922     18        12494  
       snapshot.obj                 204     0         0      
       main_checkpoint.obj          134     28        4      
    +--+----------------------------+-------+---------+---------+
       Total:                       1260    46        12498  
                                                             
    .\driverlib\MSP430FR5xx_6xx\
       rtc_c.obj                    426     0         0      
       dma.obj                      266     0         0      
       gpio.obj                     222     28        0      
       timer_a.obj                  222     0         0      
       cs.obj                       204     0         8      
       eusci_b_spi.obj              92      0         0      
       pmm.obj                      42      0         0      
       wdt_a.obj                    22      0         0      
    +--+----------------------------+-------+---------+---------+
       Total:                       1496    28        8      
                                                             
    .\nand\
       spi_nand.obj                 598     2         0      
       spi.obj                      188     0         0      
    +--+----------------------------+-------+---------+---------+
       Total:                       786     2         0      
                                                             
    .\timer\
       my_timer.obj                 124     12        4      
    +--+----------------------------+-------+---------+---------+
       Total:                       124     12        4      
                                                             
    C:\ti\ccs1040\ccs\tools\compiler\ti-cgt-msp430_20.2.5.LTS\lib\rts430x_lc_ld_eabi.lib
       memory.c.obj                 1110    0         6      
       trgmsg.c.obj                 104     0         288    
       defs.c.obj                   0       0         362    
       setvbuf.c.obj                250     0         0      
       host_device.c.obj            0       0         180    
       hostlseek.c.obj              154     0         0      
       fputc.c.obj                  152     0         0      
       getdevice.c.obj              152     0         0      
       _io_perm.c.obj               134     0         0      
       autoinit.c.obj               120     0         0      
       hostopen.c.obj               112     0         8      
       copy_decompress_lzss.c.obj   118     0         0      
       fclose.c.obj                 116     0         0      
       fseek.c.obj                  116     0         0      
       hostrename.c.obj             116     0         0      
       hostwrite.c.obj              108     0         0      
       hostread.c.obj               106     0         0      
       fflush.c.obj                 96      0         0      
       close.c.obj                  90      0         0      
       div32u.asm.obj               88      0         0      
       exit.c.obj                   80      0         2      
       hostclose.c.obj              78      0         0      
       strncpy.c.obj                78      0         0      
       hostunlink.c.obj             70      0         0      
       asr32.asm.obj                62      0         0      
       lseek.c.obj                  62      0         0      
       lsl32.asm.obj                62      0         0      
       memcpy.c.obj                 60      0         0      
       write.c.obj                  60      0         0      
       fopen.c.obj                  54      0         0      
       unlink.c.obj                 48      0         0      
       copy_zero_init.c.obj         36      0         0      
       memset.c.obj                 32      0         0      
       boot.c.obj                   28      2         0      
       strchr.c.obj                 28      0         0      
       strcmp.c.obj                 28      0         0      
       mult16_f5hw.asm.obj          24      0         0      
       copy_decompress_none.c.obj   22      0         0      
       div16u.asm.obj               22      0         0      
       strcpy.c.obj                 18      0         0      
       strlen.c.obj                 18      0         0      
       _lock.c.obj                  2       0         8      
       exit_gvars.c.obj             0       0         8      
       isr_trap.asm.obj             8       0         0      
       int18.asm.obj                0       2         0      
       int19.asm.obj                0       2         0      
       int20.asm.obj                0       2         0      
       int21.asm.obj                0       2         0      
       int22.asm.obj                0       2         0      
       int23.asm.obj                0       2         0      
       int24.asm.obj                0       2         0      
       int25.asm.obj                0       2         0      
       int26.asm.obj                0       2         0      
       int27.asm.obj                0       2         0      
       int28.asm.obj                0       2         0      
       int29.asm.obj                0       2         0      
       int30.asm.obj                0       2         0      
       int32.asm.obj                0       2         0      
       int33.asm.obj                0       2         0      
       int35.asm.obj                0       2         0      
       int36.asm.obj                0       2         0      
       int38.asm.obj                0       2         0      
       int39.asm.obj                0       2         0      
       int41.asm.obj                0       2         0      
       int42.asm.obj                0       2         0      
       int43.asm.obj                0       2         0      
       int44.asm.obj                0       2         0      
       int46.asm.obj                0       2         0      
       int47.asm.obj                0       2         0      
       int49.asm.obj                0       2         0      
       int50.asm.obj                0       2         0      
       int51.asm.obj                0       2         0      
       int52.asm.obj                0       2         0      
       int53.asm.obj                0       2         0      
       int54.asm.obj                0       2         0      
       startup.c.obj                2       0         0      
    +--+----------------------------+-------+---------+---------+
       Total:                       4224    64        862    
                                                             
       Heap:                        0       0         1024   
       Stack:                       0       0         1024   
       Linker Generated:            0       124       0      
    +--+----------------------------+-------+---------+---------+
       Grand Total:                 16902   396       30098  


LINKER GENERATED COPY TABLES

__TI_cinit_table @ 00004a3e records: 2, size/record: 8, table size: 16
	.data: load addr=000049d2, load size=0000005a bytes, run addr=00001c00, run size=000001fc bytes, compression=lzss
	.bss: load addr=00004a38, load size=00000006 bytes, run addr=00001dfc, run size=000001a8 bytes, compression=zero_init


LINKER GENERATED HANDLER TABLE

__TI_handler_table @ 00004a2c records: 3, size/record: 4, table size: 12
	index: 0, handler: __TI_zero_init
	index: 1, handler: __TI_decompress_lzss
	index: 2, handler: __TI_decompress_none


GLOBAL SYMBOLS: SORTED ALPHABETICALLY BY Name 

address   name                                      
-------   ----                                      
00004874  A2_ISR                                    
000048ce  A3_ISR                                    
00000800  ADC12CTL0                                 
00000801  ADC12CTL0_H                               
00000800  ADC12CTL0_L                               
00000802  ADC12CTL1                                 
00000803  ADC12CTL1_H                               
00000802  ADC12CTL1_L                               
00000804  ADC12CTL2                                 
00000805  ADC12CTL2_H                               
00000804  ADC12CTL2_L                               
00000806  ADC12CTL3                                 
00000807  ADC12CTL3_H                               
00000806  ADC12CTL3_L                               
0000080a  ADC12HI                                   
0000080b  ADC12HI_H                                 
0000080a  ADC12HI_L                                 
00000812  ADC12IER0                                 
00000813  ADC12IER0_H                               
00000812  ADC12IER0_L                               
00000814  ADC12IER1                                 
00000815  ADC12IER1_H                               
00000814  ADC12IER1_L                               
00000816  ADC12IER2                                 
00000817  ADC12IER2_H                               
00000816  ADC12IER2_L                               
0000080c  ADC12IFGR0                                
0000080d  ADC12IFGR0_H                              
0000080c  ADC12IFGR0_L                              
0000080e  ADC12IFGR1                                
0000080f  ADC12IFGR1_H                              
0000080e  ADC12IFGR1_L                              
00000810  ADC12IFGR2                                
00000811  ADC12IFGR2_H                              
00000810  ADC12IFGR2_L                              
00000818  ADC12IV                                   
00000819  ADC12IV_H                                 
00000818  ADC12IV_L                                 
00000808  ADC12LO                                   
00000809  ADC12LO_H                                 
00000808  ADC12LO_L                                 
00000820  ADC12MCTL0                                
00000821  ADC12MCTL0_H                              
00000820  ADC12MCTL0_L                              
00000822  ADC12MCTL1                                
00000834  ADC12MCTL10                               
00000835  ADC12MCTL10_H                             
00000834  ADC12MCTL10_L                             
00000836  ADC12MCTL11                               
00000837  ADC12MCTL11_H                             
00000836  ADC12MCTL11_L                             
00000838  ADC12MCTL12                               
00000839  ADC12MCTL12_H                             
00000838  ADC12MCTL12_L                             
0000083a  ADC12MCTL13                               
0000083b  ADC12MCTL13_H                             
0000083a  ADC12MCTL13_L                             
0000083c  ADC12MCTL14                               
0000083d  ADC12MCTL14_H                             
0000083c  ADC12MCTL14_L                             
0000083e  ADC12MCTL15                               
0000083f  ADC12MCTL15_H                             
0000083e  ADC12MCTL15_L                             
00000840  ADC12MCTL16                               
00000841  ADC12MCTL16_H                             
00000840  ADC12MCTL16_L                             
00000842  ADC12MCTL17                               
00000843  ADC12MCTL17_H                             
00000842  ADC12MCTL17_L                             
00000844  ADC12MCTL18                               
00000845  ADC12MCTL18_H                             
00000844  ADC12MCTL18_L                             
00000846  ADC12MCTL19                               
00000847  ADC12MCTL19_H                             
00000846  ADC12MCTL19_L                             
00000823  ADC12MCTL1_H                              
00000822  ADC12MCTL1_L                              
00000824  ADC12MCTL2                                
00000848  ADC12MCTL20                               
00000849  ADC12MCTL20_H                             
00000848  ADC12MCTL20_L                             
0000084a  ADC12MCTL21                               
0000084b  ADC12MCTL21_H                             
0000084a  ADC12MCTL21_L                             
0000084c  ADC12MCTL22                               
0000084d  ADC12MCTL22_H                             
0000084c  ADC12MCTL22_L                             
0000084e  ADC12MCTL23                               
0000084f  ADC12MCTL23_H                             
0000084e  ADC12MCTL23_L                             
00000850  ADC12MCTL24                               
00000851  ADC12MCTL24_H                             
00000850  ADC12MCTL24_L                             
00000852  ADC12MCTL25                               
00000853  ADC12MCTL25_H                             
00000852  ADC12MCTL25_L                             
00000854  ADC12MCTL26                               
00000855  ADC12MCTL26_H                             
00000854  ADC12MCTL26_L                             
00000856  ADC12MCTL27                               
00000857  ADC12MCTL27_H                             
00000856  ADC12MCTL27_L                             
00000858  ADC12MCTL28                               
00000859  ADC12MCTL28_H                             
00000858  ADC12MCTL28_L                             
0000085a  ADC12MCTL29                               
0000085b  ADC12MCTL29_H                             
0000085a  ADC12MCTL29_L                             
00000825  ADC12MCTL2_H                              
00000824  ADC12MCTL2_L                              
00000826  ADC12MCTL3                                
0000085c  ADC12MCTL30                               
0000085d  ADC12MCTL30_H                             
0000085c  ADC12MCTL30_L                             
0000085e  ADC12MCTL31                               
0000085f  ADC12MCTL31_H                             
0000085e  ADC12MCTL31_L                             
00000827  ADC12MCTL3_H                              
00000826  ADC12MCTL3_L                              
00000828  ADC12MCTL4                                
00000829  ADC12MCTL4_H                              
00000828  ADC12MCTL4_L                              
0000082a  ADC12MCTL5                                
0000082b  ADC12MCTL5_H                              
0000082a  ADC12MCTL5_L                              
0000082c  ADC12MCTL6                                
0000082d  ADC12MCTL6_H                              
0000082c  ADC12MCTL6_L                              
0000082e  ADC12MCTL7                                
0000082f  ADC12MCTL7_H                              
0000082e  ADC12MCTL7_L                              
00000830  ADC12MCTL8                                
00000831  ADC12MCTL8_H                              
00000830  ADC12MCTL8_L                              
00000832  ADC12MCTL9                                
00000833  ADC12MCTL9_H                              
00000832  ADC12MCTL9_L                              
00000860  ADC12MEM0                                 
00000861  ADC12MEM0_H                               
00000860  ADC12MEM0_L                               
00000862  ADC12MEM1                                 
00000874  ADC12MEM10                                
00000875  ADC12MEM10_H                              
00000874  ADC12MEM10_L                              
00000876  ADC12MEM11                                
00000877  ADC12MEM11_H                              
00000876  ADC12MEM11_L                              
00000878  ADC12MEM12                                
00000879  ADC12MEM12_H                              
00000878  ADC12MEM12_L                              
0000087a  ADC12MEM13                                
0000087b  ADC12MEM13_H                              
0000087a  ADC12MEM13_L                              
0000087c  ADC12MEM14                                
0000087d  ADC12MEM14_H                              
0000087c  ADC12MEM14_L                              
0000087e  ADC12MEM15                                
0000087f  ADC12MEM15_H                              
0000087e  ADC12MEM15_L                              
00000880  ADC12MEM16                                
00000881  ADC12MEM16_H                              
00000880  ADC12MEM16_L                              
00000882  ADC12MEM17                                
00000883  ADC12MEM17_H                              
00000882  ADC12MEM17_L                              
00000884  ADC12MEM18                                
00000885  ADC12MEM18_H                              
00000884  ADC12MEM18_L                              
00000886  ADC12MEM19                                
00000887  ADC12MEM19_H                              
00000886  ADC12MEM19_L                              
00000863  ADC12MEM1_H                               
00000862  ADC12MEM1_L                               
00000864  ADC12MEM2                                 
00000888  ADC12MEM20                                
00000889  ADC12MEM20_H                              
00000888  ADC12MEM20_L                              
0000088a  ADC12MEM21                                
0000088b  ADC12MEM21_H                              
0000088a  ADC12MEM21_L                              
0000088c  ADC12MEM22                                
0000088d  ADC12MEM22_H                              
0000088c  ADC12MEM22_L                              
0000088e  ADC12MEM23                                
0000088f  ADC12MEM23_H                              
0000088e  ADC12MEM23_L                              
00000890  ADC12MEM24                                
00000891  ADC12MEM24_H                              
00000890  ADC12MEM24_L                              
00000892  ADC12MEM25                                
00000893  ADC12MEM25_H                              
00000892  ADC12MEM25_L                              
00000894  ADC12MEM26                                
00000895  ADC12MEM26_H                              
00000894  ADC12MEM26_L                              
00000896  ADC12MEM27                                
00000897  ADC12MEM27_H                              
00000896  ADC12MEM27_L                              
00000898  ADC12MEM28                                
00000899  ADC12MEM28_H                              
00000898  ADC12MEM28_L                              
0000089a  ADC12MEM29                                
0000089b  ADC12MEM29_H                              
0000089a  ADC12MEM29_L                              
00000865  ADC12MEM2_H                               
00000864  ADC12MEM2_L                               
00000866  ADC12MEM3                                 
0000089c  ADC12MEM30                                
0000089d  ADC12MEM30_H                              
0000089c  ADC12MEM30_L                              
0000089e  ADC12MEM31                                
0000089f  ADC12MEM31_H                              
0000089e  ADC12MEM31_L                              
00000867  ADC12MEM3_H                               
00000866  ADC12MEM3_L                               
00000868  ADC12MEM4                                 
00000869  ADC12MEM4_H                               
00000868  ADC12MEM4_L                               
0000086a  ADC12MEM5                                 
0000086b  ADC12MEM5_H                               
0000086a  ADC12MEM5_L                               
0000086c  ADC12MEM6                                 
0000086d  ADC12MEM6_H                               
0000086c  ADC12MEM6_L                               
0000086e  ADC12MEM7                                 
0000086f  ADC12MEM7_H                               
0000086e  ADC12MEM7_L                               
00000870  ADC12MEM8                                 
00000871  ADC12MEM8_H                               
00000870  ADC12MEM8_L                               
00000872  ADC12MEM9                                 
00000873  ADC12MEM9_H                               
00000872  ADC12MEM9_L                               
000009c0  AESACTL0                                  
000009c1  AESACTL0_H                                
000009c0  AESACTL0_L                                
000009c2  AESACTL1                                  
000009c3  AESACTL1_H                                
000009c2  AESACTL1_L                                
000009c8  AESADIN                                   
000009c9  AESADIN_H                                 
000009c8  AESADIN_L                                 
000009ca  AESADOUT                                  
000009cb  AESADOUT_H                                
000009ca  AESADOUT_L                                
000009c6  AESAKEY                                   
000009c7  AESAKEY_H                                 
000009c6  AESAKEY_L                                 
000009c4  AESASTAT                                  
000009c5  AESASTAT_H                                
000009c4  AESASTAT_L                                
000009cc  AESAXDIN                                  
000009cd  AESAXDIN_H                                
000009cc  AESAXDIN_L                                
000009ce  AESAXIN                                   
000009cf  AESAXIN_H                                 
000009ce  AESAXIN_L                                 
000004be  BCD2BIN                                   
000004bf  BCD2BIN_H                                 
000004be  BCD2BIN_L                                 
000004bc  BIN2BCD                                   
000004bd  BIN2BCD_H                                 
000004bc  BIN2BCD_L                                 
0001a9ba  C$$EXIT                                   
0001a164  C$$IO$$                                   
0000043e  CAPTIO0CTL                                
0000043f  CAPTIO0CTL_H                              
0000043e  CAPTIO0CTL_L                              
0000047e  CAPTIO1CTL                                
0000047f  CAPTIO1CTL_H                              
0000047e  CAPTIO1CTL_L                              
000008c0  CECTL0                                    
000008c1  CECTL0_H                                  
000008c0  CECTL0_L                                  
000008c2  CECTL1                                    
000008c3  CECTL1_H                                  
000008c2  CECTL1_L                                  
000008c4  CECTL2                                    
000008c5  CECTL2_H                                  
000008c4  CECTL2_L                                  
000008c6  CECTL3                                    
000008c7  CECTL3_H                                  
000008c6  CECTL3_L                                  
000008cc  CEINT                                     
000008cd  CEINT_H                                   
000008cc  CEINT_L                                   
000008ce  CEIV                                      
000008cf  CEIV_H                                    
000008ce  CEIV_L                                    
00000996  CRC16DIRBW0                               
00000997  CRC16DIRBW0_H                             
00000996  CRC16DIRBW0_L                             
00000990  CRC16DIW0                                 
00000991  CRC16DIW0_H                               
00000990  CRC16DIW0_L                               
00000998  CRC16INIRESW0                             
00000999  CRC16INIRESW0_H                           
00000998  CRC16INIRESW0_L                           
0000099e  CRC16RESRW0                               
0000099f  CRC16RESRW0_H                             
0000099e  CRC16RESRW0_L                             
00000986  CRC32DIRBW0                               
00000987  CRC32DIRBW0_H                             
00000986  CRC32DIRBW0_L                             
00000984  CRC32DIRBW1                               
00000985  CRC32DIRBW1_H                             
00000984  CRC32DIRBW1_L                             
00000980  CRC32DIW0                                 
00000981  CRC32DIW0_H                               
00000980  CRC32DIW0_L                               
00000982  CRC32DIW1                                 
00000983  CRC32DIW1_H                               
00000982  CRC32DIW1_L                               
00000988  CRC32INIRESW0                             
00000989  CRC32INIRESW0_H                           
00000988  CRC32INIRESW0_L                           
0000098a  CRC32INIRESW1                             
0000098b  CRC32INIRESW1_H                           
0000098a  CRC32INIRESW1_L                           
0000098e  CRC32RESRW0                               
0000098f  CRC32RESRW0_H                             
0000098e  CRC32RESRW0_L                             
0000098c  CRC32RESRW1                               
0000098d  CRC32RESRW1_H                             
0000098c  CRC32RESRW1_L                             
00000150  CRCDI                                     
00000152  CRCDIRB                                   
00000153  CRCDIRB_H                                 
00000152  CRCDIRB_L                                 
00000151  CRCDI_H                                   
00000150  CRCDI_L                                   
00000154  CRCINIRES                                 
00000155  CRCINIRES_H                               
00000154  CRCINIRES_L                               
00000156  CRCRESR                                   
00000157  CRCRESR_H                                 
00000156  CRCRESR_L                                 
00000160  CSCTL0                                    
00000161  CSCTL0_H                                  
00000160  CSCTL0_L                                  
00000162  CSCTL1                                    
00000163  CSCTL1_H                                  
00000162  CSCTL1_L                                  
00000164  CSCTL2                                    
00000165  CSCTL2_H                                  
00000164  CSCTL2_L                                  
00000166  CSCTL3                                    
00000167  CSCTL3_H                                  
00000166  CSCTL3_L                                  
00000168  CSCTL4                                    
00000169  CSCTL4_H                                  
00000168  CSCTL4_L                                  
0000016a  CSCTL5                                    
0000016b  CSCTL5_H                                  
0000016a  CSCTL5_L                                  
0000016c  CSCTL6                                    
0000016d  CSCTL6_H                                  
0000016c  CSCTL6_L                                  
000193be  CS_initClockSignal                        
0001a89c  CS_setDCOFreq                             
0001a744  CS_setExternalClockSource                 
0001a088  CS_turnOnLFXT                             
00000510  DMA0CTL                                   
00000511  DMA0CTL_H                                 
00000510  DMA0CTL_L                                 
00000516  DMA0DA                                    
00000518  DMA0DAH                                   
00000516  DMA0DAL                                   
00000512  DMA0SA                                    
00000514  DMA0SAH                                   
00000512  DMA0SAL                                   
0000051a  DMA0SZ                                    
0000051b  DMA0SZ_H                                  
0000051a  DMA0SZ_L                                  
00000520  DMA1CTL                                   
00000521  DMA1CTL_H                                 
00000520  DMA1CTL_L                                 
00000526  DMA1DA                                    
00000528  DMA1DAH                                   
00000526  DMA1DAL                                   
00000522  DMA1SA                                    
00000524  DMA1SAH                                   
00000522  DMA1SAL                                   
0000052a  DMA1SZ                                    
0000052b  DMA1SZ_H                                  
0000052a  DMA1SZ_L                                  
00000530  DMA2CTL                                   
00000531  DMA2CTL_H                                 
00000530  DMA2CTL_L                                 
00000536  DMA2DA                                    
00000538  DMA2DAH                                   
00000536  DMA2DAL                                   
00000532  DMA2SA                                    
00000534  DMA2SAH                                   
00000532  DMA2SAL                                   
0000053a  DMA2SZ                                    
0000053b  DMA2SZ_H                                  
0000053a  DMA2SZ_L                                  
00000540  DMA3CTL                                   
00000541  DMA3CTL_H                                 
00000540  DMA3CTL_L                                 
00000546  DMA3DA                                    
00000548  DMA3DAH                                   
00000546  DMA3DAL                                   
00000542  DMA3SA                                    
00000544  DMA3SAH                                   
00000542  DMA3SAL                                   
0000054a  DMA3SZ                                    
0000054b  DMA3SZ_H                                  
0000054a  DMA3SZ_L                                  
00000550  DMA4CTL                                   
00000551  DMA4CTL_H                                 
00000550  DMA4CTL_L                                 
00000556  DMA4DA                                    
00000558  DMA4DAH                                   
00000556  DMA4DAL                                   
00000552  DMA4SA                                    
00000554  DMA4SAH                                   
00000552  DMA4SAL                                   
0000055a  DMA4SZ                                    
0000055b  DMA4SZ_H                                  
0000055a  DMA4SZ_L                                  
00000560  DMA5CTL                                   
00000561  DMA5CTL_H                                 
00000560  DMA5CTL_L                                 
00000566  DMA5DA                                    
00000568  DMA5DAH                                   
00000566  DMA5DAL                                   
00000562  DMA5SA                                    
00000564  DMA5SAH                                   
00000562  DMA5SAL                                   
0000056a  DMA5SZ                                    
0000056b  DMA5SZ_H                                  
0000056a  DMA5SZ_L                                  
00000500  DMACTL0                                   
00000501  DMACTL0_H                                 
00000500  DMACTL0_L                                 
00000502  DMACTL1                                   
00000503  DMACTL1_H                                 
00000502  DMACTL1_L                                 
00000504  DMACTL2                                   
00000505  DMACTL2_H                                 
00000504  DMACTL2_L                                 
00000508  DMACTL4                                   
00000509  DMACTL4_H                                 
00000508  DMACTL4_L                                 
0000050e  DMAIV                                     
0000050f  DMAIV_H                                   
0000050e  DMAIV_L                                   
0001a8f6  DMA_enableTransfers                       
00018b1c  DMA_init                                  
0001a36e  DMA_setDstAddress                         
0001a42e  DMA_setSrcAddress                         
0001a924  DMA_setTransferSize                       
0001a916  DMA_startTransfer                         
0001a99c  EUSCI_B_SPI_enable                        
0001993e  EUSCI_B_SPI_initMaster                    
00000140  FRCTL0                                    
00000141  FRCTL0_H                                  
00000140  FRCTL0_L                                  
00000144  GCCTL0                                    
00000145  GCCTL0_H                                  
00000144  GCCTL0_L                                  
00000146  GCCTL1                                    
00000147  GCCTL1_H                                  
00000146  GCCTL1_L                                  
0001a1d4  GPIO_setAsOutputPin                       
0001904e  GPIO_setAsPeripheralModuleFunctionInputPin
0001a680  GPIO_setOutputHighOnPin                   
0001a69c  GPIO_setOutputLowOnPin                    
00019b30  HOSTclose                                 
00018742  HOSTlseek                                 
00019132  HOSTopen                                  
00019354  HOSTread                                  
00018ef2  HOSTrename                                
00019d44  HOSTunlink                                
00019210  HOSTwrite                                 
00000a80  LEACAP                                    
00000a82  LEACAPH                                   
00000a80  LEACAPL                                   
00000a98  LEACMA                                    
00000a9a  LEACMAH                                   
00000a98  LEACMAL                                   
00000a9c  LEACMCTL                                  
00000a9e  LEACMCTLH                                 
00000a9c  LEACMCTLL                                 
00000aa8  LEACMDSTAT                                
00000aaa  LEACMDSTATH                               
00000aa8  LEACMDSTATL                               
00000a84  LEACNF0                                   
00000a86  LEACNF0H                                  
00000a84  LEACNF0L                                  
00000a88  LEACNF1                                   
00000a8a  LEACNF1H                                  
00000a88  LEACNF1L                                  
00000a8c  LEACNF2                                   
00000a8e  LEACNF2H                                  
00000a8c  LEACNF2L                                  
00000ab4  LEADSTSTAT                                
00000ab6  LEADSTSTATH                               
00000ab4  LEADSTSTATL                               
00000af4  LEAIE                                     
00000af6  LEAIEH                                    
00000af4  LEAIEL                                    
00000af8  LEAIFG                                    
00000afa  LEAIFGH                                   
00000af8  LEAIFGL                                   
00000af0  LEAIFGSET                                 
00000af2  LEAIFGSETH                                
00000af0  LEAIFGSETL                                
00000afc  LEAIV                                     
00000afe  LEAIVH                                    
00000afc  LEAIVL                                    
00000a90  LEAMB                                     
00000a92  LEAMBH                                    
00000a90  LEAMBL                                    
00000a94  LEAMT                                     
00000a96  LEAMTH                                    
00000a94  LEAMTL                                    
00000ad0  LEAPMCB                                   
00000ad2  LEAPMCBH                                  
00000ad0  LEAPMCBL                                  
00000ac0  LEAPMCTL                                  
00000ac2  LEAPMCTLH                                 
00000ac0  LEAPMCTLL                                 
00000ac4  LEAPMDST                                  
00000ac6  LEAPMDSTH                                 
00000ac4  LEAPMDSTL                                 
00000acc  LEAPMS0                                   
00000ace  LEAPMS0H                                  
00000acc  LEAPMS0L                                  
00000ac8  LEAPMS1                                   
00000aca  LEAPMS1H                                  
00000ac8  LEAPMS1L                                  
00000ab0  LEAS0STAT                                 
00000ab2  LEAS0STATH                                
00000ab0  LEAS0STATL                                
00000aac  LEAS1STAT                                 
00000aae  LEAS1STATH                                
00000aac  LEAS1STATL                                
000004c4  MAC                                       
000004da  MAC32H                                    
000004db  MAC32H_H                                  
000004da  MAC32H_L                                  
000004d8  MAC32L                                    
000004d9  MAC32L_H                                  
000004d8  MAC32L_L                                  
000004c6  MACS                                      
000004de  MACS32H                                   
000004df  MACS32H_H                                 
000004de  MACS32H_L                                 
000004dc  MACS32L                                   
000004dd  MACS32L_H                                 
000004dc  MACS32L_L                                 
000004c7  MACS_H                                    
000004c6  MACS_L                                    
000004c5  MAC_H                                     
000004c4  MAC_L                                     
000005a0  MPUCTL0                                   
000005a1  MPUCTL0_H                                 
000005a0  MPUCTL0_L                                 
000005a2  MPUCTL1                                   
000005a3  MPUCTL1_H                                 
000005a2  MPUCTL1_L                                 
000005aa  MPUIPC0                                   
000005ab  MPUIPC0_H                                 
000005aa  MPUIPC0_L                                 
000005ae  MPUIPSEGB1                                
000005af  MPUIPSEGB1_H                              
000005ae  MPUIPSEGB1_L                              
000005ac  MPUIPSEGB2                                
000005ad  MPUIPSEGB2_H                              
000005ac  MPUIPSEGB2_L                              
000005a8  MPUSAM                                    
000005a9  MPUSAM_H                                  
000005a8  MPUSAM_L                                  
000005a6  MPUSEGB1                                  
000005a7  MPUSEGB1_H                                
000005a6  MPUSEGB1_L                                
000005a4  MPUSEGB2                                  
000005a5  MPUSEGB2_H                                
000005a4  MPUSEGB2_L                                
000004c0  MPY                                       
000004ec  MPY32CTL0                                 
000004ed  MPY32CTL0_H                               
000004ec  MPY32CTL0_L                               
000004d2  MPY32H                                    
000004d3  MPY32H_H                                  
000004d2  MPY32H_L                                  
000004d0  MPY32L                                    
000004d1  MPY32L_H                                  
000004d0  MPY32L_L                                  
000004c2  MPYS                                      
000004d6  MPYS32H                                   
000004d7  MPYS32H_H                                 
000004d6  MPYS32H_L                                 
000004d4  MPYS32L                                   
000004d5  MPYS32L_H                                 
000004d4  MPYS32L_L                                 
000004c3  MPYS_H                                    
000004c2  MPYS_L                                    
000004c1  MPY_H                                     
000004c0  MPY_L                                     
000004c8  OP2                                       
000004e2  OP2H                                      
000004e3  OP2H_H                                    
000004e2  OP2H_L                                    
000004e0  OP2L                                      
000004e1  OP2L_H                                    
000004e0  OP2L_L                                    
000004c9  OP2_H                                     
000004c8  OP2_L                                     
00000204  P1DIR                                     
0000021a  P1IE                                      
00000218  P1IES                                     
0000021c  P1IFG                                     
00000200  P1IN                                      
0000020e  P1IV                                      
0000020f  P1IV_H                                    
0000020e  P1IV_L                                    
00000202  P1OUT                                     
00000206  P1REN                                     
0000020a  P1SEL0                                    
0000020c  P1SEL1                                    
00000216  P1SELC                                    
00000205  P2DIR                                     
0000021b  P2IE                                      
00000219  P2IES                                     
0000021d  P2IFG                                     
00000201  P2IN                                      
0000021e  P2IV                                      
0000021f  P2IV_H                                    
0000021e  P2IV_L                                    
00000203  P2OUT                                     
00000207  P2REN                                     
0000020b  P2SEL0                                    
0000020d  P2SEL1                                    
00000217  P2SELC                                    
00000224  P3DIR                                     
0000023a  P3IE                                      
00000238  P3IES                                     
0000023c  P3IFG                                     
00000220  P3IN                                      
0000022e  P3IV                                      
0000022f  P3IV_H                                    
0000022e  P3IV_L                                    
00000222  P3OUT                                     
00000226  P3REN                                     
0000022a  P3SEL0                                    
0000022c  P3SEL1                                    
00000236  P3SELC                                    
00000225  P4DIR                                     
0000023b  P4IE                                      
00000239  P4IES                                     
0000023d  P4IFG                                     
00000221  P4IN                                      
0000023e  P4IV                                      
0000023f  P4IV_H                                    
0000023e  P4IV_L                                    
00000223  P4OUT                                     
00000227  P4REN                                     
0000022b  P4SEL0                                    
0000022d  P4SEL1                                    
00000237  P4SELC                                    
00000244  P5DIR                                     
0000025a  P5IE                                      
00000258  P5IES                                     
0000025c  P5IFG                                     
00000240  P5IN                                      
0000024e  P5IV                                      
0000024f  P5IV_H                                    
0000024e  P5IV_L                                    
00000242  P5OUT                                     
00000246  P5REN                                     
0000024a  P5SEL0                                    
0000024c  P5SEL1                                    
00000256  P5SELC                                    
00000245  P6DIR                                     
0000025b  P6IE                                      
00000259  P6IES                                     
0000025d  P6IFG                                     
00000241  P6IN                                      
0000025e  P6IV                                      
0000025f  P6IV_H                                    
0000025e  P6IV_L                                    
00000243  P6OUT                                     
00000247  P6REN                                     
0000024b  P6SEL0                                    
0000024d  P6SEL1                                    
00000257  P6SELC                                    
00000264  P7DIR                                     
0000027a  P7IE                                      
00000278  P7IES                                     
0000027c  P7IFG                                     
00000260  P7IN                                      
0000026e  P7IV                                      
0000026f  P7IV_H                                    
0000026e  P7IV_L                                    
00000262  P7OUT                                     
00000266  P7REN                                     
0000026a  P7SEL0                                    
0000026c  P7SEL1                                    
00000276  P7SELC                                    
00000265  P8DIR                                     
0000027b  P8IE                                      
00000279  P8IES                                     
0000027d  P8IFG                                     
00000261  P8IN                                      
0000027e  P8IV                                      
0000027f  P8IV_H                                    
[...]
0000098c  CRC32RESRW1_L                             
0000098d  CRC32RESRW1_H                             
0000098e  CRC32RESRW0                               
0000098e  CRC32RESRW0_L                             
0000098f  CRC32RESRW0_H                             
00000990  CRC16DIW0                                 
00000990  CRC16DIW0_L                               
00000991  CRC16DIW0_H                               
00000996  CRC16DIRBW0                               
00000996  CRC16DIRBW0_L                             
00000997  CRC16DIRBW0_H                             
00000998  CRC16INIRESW0                             
00000998  CRC16INIRESW0_L                           
00000999  CRC16INIRESW0_H                           
0000099e  CRC16RESRW0                               
0000099e  CRC16RESRW0_L                             
0000099f  CRC16RESRW0_H                             
000009c0  AESACTL0                                  
000009c0  AESACTL0_L                                
000009c1  AESACTL0_H                                
000009c2  AESACTL1                                  
000009c2  AESACTL1_L                                
000009c3  AESACTL1_H                                
000009c4  AESASTAT                                  
000009c4  AESASTAT_L                                
000009c5  AESASTAT_H                                
000009c6  AESAKEY                                   
000009c6  AESAKEY_L                                 
000009c7  AESAKEY_H                                 
000009c8  AESADIN                                   
000009c8  AESADIN_L                                 
000009c9  AESADIN_H                                 
000009ca  AESADOUT                                  
000009ca  AESADOUT_L                                
000009cb  AESADOUT_H                                
000009cc  AESAXDIN                                  
000009cc  AESAXDIN_L                                
000009cd  AESAXDIN_H                                
000009ce  AESAXIN                                   
000009ce  AESAXIN_L                                 
000009cf  AESAXIN_H                                 
00000a80  LEACAP                                    
00000a80  LEACAPL                                   
00000a82  LEACAPH                                   
00000a84  LEACNF0                                   
00000a84  LEACNF0L                                  
00000a86  LEACNF0H                                  
00000a88  LEACNF1                                   
00000a88  LEACNF1L                                  
00000a8a  LEACNF1H                                  
00000a8c  LEACNF2                                   
00000a8c  LEACNF2L                                  
00000a8e  LEACNF2H                                  
00000a90  LEAMB                                     
00000a90  LEAMBL                                    
00000a92  LEAMBH                                    
00000a94  LEAMT                                     
00000a94  LEAMTL                                    
00000a96  LEAMTH                                    
00000a98  LEACMA                                    
00000a98  LEACMAL                                   
00000a9a  LEACMAH                                   
00000a9c  LEACMCTL                                  
00000a9c  LEACMCTLL                                 
00000a9e  LEACMCTLH                                 
00000aa8  LEACMDSTAT                                
00000aa8  LEACMDSTATL                               
00000aaa  LEACMDSTATH                               
00000aac  LEAS1STAT                                 
00000aac  LEAS1STATL                                
00000aae  LEAS1STATH                                
00000ab0  LEAS0STAT                                 
00000ab0  LEAS0STATL                                
00000ab2  LEAS0STATH                                
00000ab4  LEADSTSTAT                                
00000ab4  LEADSTSTATL                               
00000ab6  LEADSTSTATH                               
00000ac0  LEAPMCTL                                  
00000ac0  LEAPMCTLL                                 
00000ac2  LEAPMCTLH                                 
00000ac4  LEAPMDST                                  
00000ac4  LEAPMDSTL                                 
00000ac6  LEAPMDSTH                                 
00000ac8  LEAPMS1                                   
00000ac8  LEAPMS1L                                  
00000aca  LEAPMS1H                                  
00000acc  LEAPMS0                                   
00000acc  LEAPMS0L                                  
00000ace  LEAPMS0H                                  
00000ad0  LEAPMCB                                   
00000ad0  LEAPMCBL                                  
00000ad2  LEAPMCBH                                  
00000af0  LEAIFGSET                                 
00000af0  LEAIFGSETL                                
00000af2  LEAIFGSETH                                
00000af4  LEAIE                                     
00000af4  LEAIEL                                    
00000af6  LEAIEH                                    
00000af8  LEAIFG                                    
00000af8  LEAIFGL                                   
00000afa  LEAIFGH                                   
00000afc  LEAIV                                     
00000afc  LEAIVL                                    
00000afe  LEAIVH                                    
00001c00  __data__                                  
00001c00  _ftable                                   
00001cc8  _device                                   
00001d40  _stream                                   
00001d7c  pxCurrentTCB                              
00001dc0  usRegTest1LoopCounter                     
00001dc2  usRegTest2LoopCounter                     
00001dc4  ulRunTimeCounterOverflows                 
00001de0  __TI_cleanup_ptr                          
00001de4  __TI_dtors_ptr                            
00001de8  _lock                                     
00001dec  _unlock                                   
00001df0  progress                                  
00001df4  usCriticalNesting                         
00001df6  __TI_ft_end                               
00001df8  __TI_enable_exit_profile_output           
00001dfc  __TI_tmpnams                              
00001dfc  __bss__                                   
00001dfc  __dataEnd__                               
00001f94  parmbuf                                   
00001fa0  snapshot_reg                              
00001fa4  __bssEnd__                                
00002800  __stack__                                 
00002800  _stack                                    
00002c00  __STACK_END                               
00002c00  __stackEnd__                              
00004000  _CIOBUF_                                  
00004000  fram_rw_start                             
00004120  _sys_memory                               
00004800  fram_ipe_end                              
00004800  fram_ipe_start                            
00004800  fram_rx_start                             
00004800  prvUSCI_A0_ISR                            
00004874  A2_ISR                                    
00004898  _c_int00_noargs                           
000048b4  v4RunTimeStatsTimerOverflow               
000048ce  A3_ISR                                    
000048e4  RTC_ISR                                   
000048f6  vTickISREntry                             
00004906  __TI_ISR_TRAP                             
000049ce  uxTopUsedPriority                         
00004a2c  __TI_Handler_Table_Base                   
00004a38  __TI_Handler_Table_Limit                  
00004a3e  __TI_CINIT_Base                           
00004a4e  __TI_CINIT_Limit                          
0000ffb4  __TI_int18                                
0000ffb6  __TI_int19                                
0000ffb8  __TI_int20                                
0000ffba  __TI_int21                                
0000ffbc  __TI_int22                                
0000ffbe  __TI_int23                                
0000ffc0  __TI_int24                                
0000ffc2  __TI_int25                                
0000ffc4  __TI_int26                                
0000ffc6  __TI_int27                                
0000ffc8  __TI_int28                                
0000ffca  __TI_int29                                
0000ffcc  __TI_int30                                
0000ffce  __TI_int31                                
0000ffd0  __TI_int32                                
0000ffd2  __TI_int33                                
0000ffd4  __TI_int34                                
0000ffd6  __TI_int35                                
0000ffd8  __TI_int36                                
0000ffda  __TI_int37                                
0000ffdc  __TI_int38                                
0000ffde  __TI_int39                                
0000ffe0  __TI_int40                                
0000ffe2  __TI_int41                                
0000ffe4  __TI_int42                                
0000ffe6  __TI_int43                                
0000ffe8  __TI_int44                                
0000ffea  __TI_int45                                
0000ffec  __TI_int46                                
0000ffee  __TI_int47                                
0000fff0  __TI_int48                                
0000fff2  __TI_int49                                
0000fff4  __TI_int50                                
0000fff6  __TI_int51                                
0000fff8  __TI_int52                                
0000fffa  __TI_int53                                
0000fffc  __TI_int54                                
0000fffe  _reset_vector                             
00010000  ucHeap                                    
00013800  snapshot                                  
000168b8  dma_param                                 
000168c2  rtc_calendar_param                        
000168ca  elapsed_tick                              
000168ce  xTaskIncrementTick                        
00016c90  aligned_alloc                             
00016c90  memalign                                  
00016e46  xTaskResumeAll                            
00016ff2  pvPortMalloc                              
00017192  xQueueReceive                             
00017482  vTaskSwitchContext                        
000175da  xTaskRemoveFromEventList                  
00017732  free                                      
00017aa4  setvbuf                                   
00017c8e  xQueueGenericReset                        
00017d72  checkpoint                                
00017f2a  xTaskPriorityDisinherit                   
000181a2  snapshotReg                               
00018206  restoreReg                                
0001826e  restore                                   
000183f6  xTaskCheckForTimeOut                      
00018552  vPortFree                                 
000185fe  vPortPreemptiveTickISR                    
0001862e  vPortCooperativeTickISR                   
0001865a  vPortYield                                
0001868a  xPortStartScheduler                       
00018742  HOSTlseek                                 
000187dc  xQueueGenericSendFromISR                  
00018870  fputc                                     
00018870  putc                                      
00018900  xTaskCreate                               
0001898a  RTC_C_initCalendar                        
00018a10  __TI_wrt_ok                               
00018b1c  DMA_init                                  
00018b9e  xQueueReceiveFromISR                      
00018c1c  Timer_A_initUpMode                        
00018d8c  __TI_auto_init_nobinit_nopinit_hold_wdt   
00018e04  shutdown                                  
00018e7c  __TI_decompress_lzss                      
00018ef2  HOSTrename                                
00018f66  __TI_closefile                            
00018fda  fseek                                     
0001904e  GPIO_setAsPeripheralModuleFunctionInputPin
00019132  HOSTopen                                  
000191a2  xQueueGenericCreate                       
00019210  HOSTwrite                                 
0001927c  vTaskPlaceOnEventListRestricted           
000192e8  vTaskStartScheduler                       
00019354  HOSTread                                  
000193be  CS_initClockSignal                        
00019424  getdevice                                 
000194e8  spi_send_recv                             
0001954a  __TI_doflush                              
00019668  get_feature                               
00019782  close                                     
000197dc  spi_send                                  
00019836  read_id                                   
0001988e  __mspabi_divul                            
0001988e  __mspabi_remul                            
000198e6  setup_power_event_timer                   
0001993e  EUSCI_B_SPI_initMaster                    
00019994  vListInsert                               
000199e8  vQueueWaitForMessageRestricted            
00019ae0  Timer_A_initContinuousMode                
00019b30  HOSTclose                                 
00019b7e  strncpy                                   
00019c64  xTimerCreateTimerTask                     
00019cb0  block_erase                               
00019cfa  exit                                      
00019d44  HOSTunlink                                
00019dd0  set_feature                               
00019e14  RTC_C_disableInterrupt                    
00019e56  timer_init                                
00019e98  RTC_C_enableInterrupt                     
00019f18  RTC_C_clearInterrupt                      
00019f56  __mspabi_sral_15                          
00019f5a  __mspabi_sral_14                          
00019f5e  __mspabi_sral_13                          
00019f62  __mspabi_sral_12                          
00019f66  __mspabi_sral_11                          
00019f6a  __mspabi_sral_10                          
00019f6e  __mspabi_sral_9                           
00019f72  __mspabi_sral_8                           
00019f76  __mspabi_sral_7                           
00019f7a  __mspabi_sral_6                           
00019f7e  __mspabi_sral_5                           
00019f82  __mspabi_sral_4                           
00019f86  __mspabi_sral_3                           
00019f8a  __mspabi_sral_2                           
00019f8e  __mspabi_sral_1                           
00019f94  __mspabi_slll_15                          
00019f98  __mspabi_slll_14                          
00019f9c  __mspabi_slll_13                          
00019fa0  __mspabi_slll_12                          
00019fa4  __mspabi_slll_11                          
00019fa8  __mspabi_slll_10                          
00019fac  __mspabi_slll_9                           
00019fb0  __mspabi_slll_8                           
00019fb4  __mspabi_slll_7                           
00019fb8  __mspabi_slll_6                           
00019fbc  __mspabi_slll_5                           
00019fc0  __mspabi_slll_4                           
00019fc4  __mspabi_slll_3                           
00019fc8  __mspabi_slll_2                           
00019fcc  __mspabi_slll_1                           
00019fd2  lseek                                     
0001a010  memcpy                                    
0001a04c  write                                     
0001a088  CS_turnOnLFXT                             
0001a0c2  uxListRemove                              
0001a0fc  __TI_cleanup                              
0001a132  __TI_writemsg                             
0001a164  C$$IO$$                                   
0001a168  finddevice                                
0001a1d4  GPIO_setAsOutputPin                       
0001a208  clear_all_blocks                          
0001a23c  main                                      
0001a2a4  vApplicationSetupTimerInterrupt           
0001a2a4  vPortSetupTimerInterrupt                  
0001a2d8  __TI_readmsg                              
0001a33c  xTaskGetTickCount                         
0001a36e  DMA_setDstAddress                         
0001a3ce  remove                                    
0001a3ce  unlink                                    
0001a3fe  vTaskPlaceOnEventList                     
0001a42e  DMA_setSrcAddress                         
0001a4b6  vListInitialise                           
0001a4e2  write_enable                              
0001a562  write_disable                             
0001a58c  RTC_C_setCalendarEvent                    
0001a5b4  main_checkpoint                           
0001a5dc  __TI_zero_init_nomemset                   
0001a600  pxPortInitialiseStack                     
0001a624  memset                                    
0001a644  RTC_C_holdClock                           
0001a662  RTC_C_startClock                          
0001a680  GPIO_setOutputHighOnPin                   
0001a69c  GPIO_setOutputLowOnPin                    
0001a6b8  erase_op                                  
0001a6d4  spi_nand_init                             
0001a6f0  strchr                                    
0001a70c  strcmp                                    
0001a728  xTaskGetSchedulerState                    
0001a744  CS_setExternalClockSource                 
0001a75e  vTaskInternalSetTimeOutState              
0001a778  poll_for_oip                              
0001a790  printf                                    
0001a7c0  __mspabi_mpyi_f5hw                        
0001a7d8  WDT_A_hold                                
0001a7ee  __TI_decompress_none                      
0001a846  __mspabi_divu                             
0001a846  __mspabi_remu                             
0001a85c  timer_start                               
0001a872  vConfigureTimerForRunTimeStats            
0001a888  disable_ecc                               
0001a89c  CS_setDCOFreq                             
0001a8ae  PMM_disableSVSH                           
0001a8c0  PMM_turnOffRegulator                      
0001a8d2  strcpy                                    
0001a8e4  strlen                                    
0001a8f6  DMA_enableTransfers                       
0001a906  unlock_block                              
0001a916  DMA_startTransfer                         
0001a924  DMA_setTransferSize                       
0001a930  _system_pre_init                          
0001a93c  malloc                                    
0001a948  vApplicationIdleHook                      
0001a954  cs_drive_high                             
0001a95e  cs_drive_low                              
0001a968  vApplicationMallocFailedHook              
0001a972  vApplicationStackOverflowHook             
0001a97c  putchar                                   
0001a984  vListInitialiseItem                       
0001a98c  vTaskMissedYield                          
0001a994  vTaskSuspendAll                           
0001a99c  EUSCI_B_SPI_enable                        
0001a9a2  PMM_unlockLPM5                            
0001a9a8  Timer_A_clear                             
0001a9ae  Timer_A_enableInterrupt                   
0001a9b4  Timer_A_startCounter                      
0001a9ba  C$$EXIT                                   
0001a9ba  abort                                     
0001a9c0  _nop                                      
0001a9c2  _system_post_cinit                        
0001a9c4  vApplicationTickHook                      
ffffffff  __TI_pprof_out_hndl                       
ffffffff  __TI_prof_data_size                       
ffffffff  __TI_prof_data_start                      
ffffffff  __c_args__                                

[1817 symbols]
