<?xml version="1.0" encoding="ISO-8859-1" ?>
<link_info>
   <banner>MSP430 Linker Unix v20.2.5.LTS</banner>
   <copyright>Copyright (c) 2003-2018 Texas Instruments Incorporated</copyright>
   <link_time>0x6520bd93</link_time>
   <link_errors>0x0</link_errors>
   <output_file>RTOSDemo.out</output_file>
   <entry_point>
      <name>_c_int00_noargs</name>
      <address>0xc06a</address>
   </entry_point>
   <input_file_list>
      <input_file id="fl-2">
         <path>./</path>
         <kind>object</kind>
         <file>LEDs.obj</file>
         <name>LEDs.obj</name>
      </input_file>
      <input_file id="fl-3">
         <path>./</path>
         <kind>object</kind>
         <file>backup.obj</file>
         <name>backup.obj</name>
      </input_file>
      <input_file id="fl-4">
         <path>./</path>
         <kind>object</kind>
         <file>checkpoint.obj</file>
         <name>checkpoint.obj</name>
      </input_file>
      <input_file id="fl-5">
         <path>./</path>
         <kind>object</kind>
         <file>main.obj</file>
         <name>main.obj</name>
      </input_file>
      <input_file id="fl-6">
         <path>./</path>
         <kind>object</kind>
         <file>printf-stdarg.obj</file>
         <name>printf-stdarg.obj</name>
      </input_file>
      <input_file id="fl-7">
         <path>./</path>
         <kind>object</kind>
         <file>spi.obj</file>
         <name>spi.obj</name>
      </input_file>
      <input_file id="fl-8">
         <path>./</path>
         <kind>object</kind>
         <file>spi_nand.obj</file>
         <name>spi_nand.obj</name>
      </input_file>
      <input_file id="fl-9">
         <path>./Blinky_Demo/</path>
         <kind>object</kind>
         <file>main_blinky.obj</file>
         <name>main_blinky.obj</name>
      </input_file>
      <input_file id="fl-a">
         <path>./CCS_Only/</path>
         <kind>object</kind>
         <file>RegTest.obj</file>
         <name>RegTest.obj</name>
      </input_file>
      <input_file id="fl-b">
         <path>./FreeRTOS_Source/</path>
         <kind>object</kind>
         <file>croutine.obj</file>
         <name>croutine.obj</name>
      </input_file>
      <input_file id="fl-c">
         <path>./FreeRTOS_Source/</path>
         <kind>object</kind>
         <file>event_groups.obj</file>
         <name>event_groups.obj</name>
      </input_file>
      <input_file id="fl-d">
         <path>./FreeRTOS_Source/</path>
         <kind>object</kind>
         <file>list.obj</file>
         <name>list.obj</name>
      </input_file>
      <input_file id="fl-e">
         <path>./FreeRTOS_Source/</path>
         <kind>object</kind>
         <file>queue.obj</file>
         <name>queue.obj</name>
      </input_file>
      <input_file id="fl-f">
         <path>./FreeRTOS_Source/</path>
         <kind>object</kind>
         <file>stream_buffer.obj</file>
         <name>stream_buffer.obj</name>
      </input_file>
      <input_file id="fl-10">
         <path>./FreeRTOS_Source/</path>
         <kind>object</kind>
         <file>tasks.obj</file>
         <name>tasks.obj</name>
      </input_file>
      <input_file id="fl-11">
         <path>./FreeRTOS_Source/</path>
         <kind>object</kind>
         <file>timers.obj</file>
         <name>timers.obj</name>
      </input_file>
      <input_file id="fl-12">
         <path>./FreeRTOS_Source/portable/CCS/MSP430X/</path>
         <kind>object</kind>
         <file>port.obj</file>
         <name>port.obj</name>
      </input_file>
      <input_file id="fl-13">
         <path>./FreeRTOS_Source/portable/CCS/MSP430X/</path>
         <kind>object</kind>
         <file>portext.obj</file>
         <name>portext.obj</name>
      </input_file>
      <input_file id="fl-14">
         <path>./FreeRTOS_Source/portable/MemMang/</path>
         <kind>object</kind>
         <file>heap_4.obj</file>
         <name>heap_4.obj</name>
      </input_file>
      <input_file id="fl-15">
         <path>./Full_Demo/FreeRTOS+CLI/</path>
         <kind>object</kind>
         <file>FreeRTOS_CLI.obj</file>
         <name>FreeRTOS_CLI.obj</name>
      </input_file>
      <input_file id="fl-16">
         <path>./Full_Demo/</path>
         <kind>object</kind>
         <file>Sample-CLI-commands.obj</file>
         <name>Sample-CLI-commands.obj</name>
      </input_file>
      <input_file id="fl-17">
         <path>./Full_Demo/</path>
         <kind>object</kind>
         <file>UARTCommandConsole.obj</file>
         <name>UARTCommandConsole.obj</name>
      </input_file>
      <input_file id="fl-18">
         <path>./Full_Demo/</path>
         <kind>object</kind>
         <file>main_full.obj</file>
         <name>main_full.obj</name>
      </input_file>
      <input_file id="fl-19">
         <path>./Full_Demo/</path>
         <kind>object</kind>
         <file>serial.obj</file>
         <name>serial.obj</name>
      </input_file>
      <input_file id="fl-1a">
         <path>./Full_Demo/Standard_Demo_Tasks/</path>
         <kind>object</kind>
         <file>EventGroupsDemo.obj</file>
         <name>EventGroupsDemo.obj</name>
      </input_file>
      <input_file id="fl-1b">
         <path>./Full_Demo/Standard_Demo_Tasks/</path>
         <kind>object</kind>
         <file>GenQTest.obj</file>
         <name>GenQTest.obj</name>
      </input_file>
      <input_file id="fl-1c">
         <path>./Full_Demo/Standard_Demo_Tasks/</path>
         <kind>object</kind>
         <file>TaskNotify.obj</file>
         <name>TaskNotify.obj</name>
      </input_file>
      <input_file id="fl-1d">
         <path>./Full_Demo/Standard_Demo_Tasks/</path>
         <kind>object</kind>
         <file>blocktim.obj</file>
         <name>blocktim.obj</name>
      </input_file>
      <input_file id="fl-1e">
         <path>./Full_Demo/Standard_Demo_Tasks/</path>
         <kind>object</kind>
         <file>countsem.obj</file>
         <name>countsem.obj</name>
      </input_file>
      <input_file id="fl-1f">
         <path>./Full_Demo/Standard_Demo_Tasks/</path>
         <kind>object</kind>
         <file>dynamic.obj</file>
         <name>dynamic.obj</name>
      </input_file>
      <input_file id="fl-20">
         <path>./Full_Demo/Standard_Demo_Tasks/</path>
         <kind>object</kind>
         <file>recmutex.obj</file>
         <name>recmutex.obj</name>
      </input_file>
      <input_file id="fl-21">
         <path>./driverlib/MSP430FR5xx_6xx/</path>
         <kind>object</kind>
         <file>adc12_b.obj</file>
         <name>adc12_b.obj</name>
      </input_file>
      <input_file id="fl-22">
         <path>./driverlib/MSP430FR5xx_6xx/</path>
         <kind>object</kind>
         <file>aes256.obj</file>
         <name>aes256.obj</name>
      </input_file>
      <input_file id="fl-23">
         <path>./driverlib/MSP430FR5xx_6xx/</path>
         <kind>object</kind>
         <file>comp_e.obj</file>
         <name>comp_e.obj</name>
      </input_file>
      <input_file id="fl-24">
         <path>./driverlib/MSP430FR5xx_6xx/</path>
         <kind>object</kind>
         <file>crc.obj</file>
         <name>crc.obj</name>
      </input_file>
      <input_file id="fl-25">
         <path>./driverlib/MSP430FR5xx_6xx/</path>
         <kind>object</kind>
         <file>crc32.obj</file>
         <name>crc32.obj</name>
      </input_file>
      <input_file id="fl-26">
         <path>./driverlib/MSP430FR5xx_6xx/</path>
         <kind>object</kind>
         <file>cs.obj</file>
         <name>cs.obj</name>
      </input_file>
      <input_file id="fl-27">
         <path>./driverlib/MSP430FR5xx_6xx/</path>
         <kind>object</kind>
         <file>dma.obj</file>
         <name>dma.obj</name>
      </input_file>
      <input_file id="fl-28">
         <path>./driverlib/MSP430FR5xx_6xx/</path>
         <kind>object</kind>
         <file>esi.obj</file>
         <name>esi.obj</name>
      </input_file>
      <input_file id="fl-29">
         <path>./driverlib/MSP430FR5xx_6xx/</path>
         <kind>object</kind>
         <file>eusci_a_spi.obj</file>
         <name>eusci_a_spi.obj</name>
      </input_file>
      <input_file id="fl-2a">
         <path>./driverlib/MSP430FR5xx_6xx/</path>
         <kind>object</kind>
         <file>eusci_a_uart.obj</file>
         <name>eusci_a_uart.obj</name>
      </input_file>
      <input_file id="fl-2b">
         <path>./driverlib/MSP430FR5xx_6xx/</path>
         <kind>object</kind>
         <file>eusci_b_i2c.obj</file>
         <name>eusci_b_i2c.obj</name>
      </input_file>
      <input_file id="fl-2c">
         <path>./driverlib/MSP430FR5xx_6xx/</path>
         <kind>object</kind>
         <file>eusci_b_spi.obj</file>
         <name>eusci_b_spi.obj</name>
      </input_file>
      <input_file id="fl-2d">
         <path>./driverlib/MSP430FR5xx_6xx/</path>
         <kind>object</kind>
         <file>framctl.obj</file>
         <name>framctl.obj</name>
      </input_file>
      <input_file id="fl-2e">
         <path>./driverlib/MSP430FR5xx_6xx/</path>
         <kind>object</kind>
         <file>gpio.obj</file>
         <name>gpio.obj</name>
      </input_file>
      <input_file id="fl-2f">
         <path>./driverlib/MSP430FR5xx_6xx/</path>
         <kind>object</kind>
         <file>lcd_c.obj</file>
         <name>lcd_c.obj</name>
      </input_file>
      <input_file id="fl-30">
         <path>./driverlib/MSP430FR5xx_6xx/</path>
         <kind>object</kind>
         <file>mpu.obj</file>
         <name>mpu.obj</name>
      </input_file>
      <input_file id="fl-31">
         <path>./driverlib/MSP430FR5xx_6xx/</path>
         <kind>object</kind>
         <file>mpy32.obj</file>
         <name>mpy32.obj</name>
      </input_file>
      <input_file id="fl-32">
         <path>./driverlib/MSP430FR5xx_6xx/</path>
         <kind>object</kind>
         <file>pmm.obj</file>
         <name>pmm.obj</name>
      </input_file>
      <input_file id="fl-33">
         <path>./driverlib/MSP430FR5xx_6xx/</path>
         <kind>object</kind>
         <file>ram.obj</file>
         <name>ram.obj</name>
      </input_file>
      <input_file id="fl-34">
         <path>./driverlib/MSP430FR5xx_6xx/</path>
         <kind>object</kind>
         <file>ref_a.obj</file>
         <name>ref_a.obj</name>
      </input_file>
      <input_file id="fl-35">
         <path>./driverlib/MSP430FR5xx_6xx/</path>
         <kind>object</kind>
         <file>rtc_b.obj</file>
         <name>rtc_b.obj</name>
      </input_file>
      <input_file id="fl-36">
         <path>./driverlib/MSP430FR5xx_6xx/</path>
         <kind>object</kind>
         <file>rtc_c.obj</file>
         <name>rtc_c.obj</name>
      </input_file>
      <input_file id="fl-37">
         <path>./driverlib/MSP430FR5xx_6xx/</path>
         <kind>object</kind>
         <file>sfr.obj</file>
         <name>sfr.obj</name>
      </input_file>
      <input_file id="fl-38">
         <path>./driverlib/MSP430FR5xx_6xx/</path>
         <kind>object</kind>
         <file>sysctl.obj</file>
         <name>sysctl.obj</name>
      </input_file>
      <input_file id="fl-39">
         <path>./driverlib/MSP430FR5xx_6xx/</path>
         <kind>object</kind>
         <file>timer_a.obj</file>
         <name>timer_a.obj</name>
      </input_file>
      <input_file id="fl-3a">
         <path>./driverlib/MSP430FR5xx_6xx/</path>
         <kind>object</kind>
         <file>timer_b.obj</file>
         <name>timer_b.obj</name>
      </input_file>
      <input_file id="fl-3b">
         <path>./driverlib/MSP430FR5xx_6xx/</path>
         <kind>object</kind>
         <file>tlv.obj</file>
         <name>tlv.obj</name>
      </input_file>
      <input_file id="fl-3c">
         <path>./driverlib/MSP430FR5xx_6xx/</path>
         <kind>object</kind>
         <file>wdt_a.obj</file>
         <name>wdt_a.obj</name>
      </input_file>
      <input_file id="fl-3d">
         <path>./test/</path>
         <kind>object</kind>
         <file>test.obj</file>
         <name>test.obj</name>
      </input_file>
      <input_file id="fl-43">
         <kind>object</kind>
         <file>&lt;internal&gt;</file>
         <name>&lt;internal&gt;</name>
      </input_file>
      <input_file id="fl-5e">
         <path>/home/test/ti/ccs1040/ccs/tools/compiler/ti-cgt-msp430_20.2.5.LTS/lib/</path>
         <kind>archive</kind>
         <file>rts430x_lc_ld_eabi.lib</file>
         <name>copy_decompress_lzss.c.obj</name>
      </input_file>
      <input_file id="fl-5f">
         <path>/home/test/ti/ccs1040/ccs/tools/compiler/ti-cgt-msp430_20.2.5.LTS/lib/</path>
         <kind>archive</kind>
         <file>rts430x_lc_ld_eabi.lib</file>
         <name>copy_decompress_none.c.obj</name>
      </input_file>
      <input_file id="fl-60">
         <path>/home/test/ti/ccs1040/ccs/tools/compiler/ti-cgt-msp430_20.2.5.LTS/lib/</path>
         <kind>archive</kind>
         <file>rts430x_lc_ld_eabi.lib</file>
         <name>int18.asm.obj</name>
      </input_file>
      <input_file id="fl-61">
         <path>/home/test/ti/ccs1040/ccs/tools/compiler/ti-cgt-msp430_20.2.5.LTS/lib/</path>
         <kind>archive</kind>
         <file>rts430x_lc_ld_eabi.lib</file>
         <name>isr_trap.asm.obj</name>
      </input_file>
      <input_file id="fl-62">
         <path>/home/test/ti/ccs1040/ccs/tools/compiler/ti-cgt-msp430_20.2.5.LTS/lib/</path>
         <kind>archive</kind>
         <file>rts430x_lc_ld_eabi.lib</file>
         <name>int19.asm.obj</name>
      </input_file>
      <input_file id="fl-63">
         <path>/home/test/ti/ccs1040/ccs/tools/compiler/ti-cgt-msp430_20.2.5.LTS/lib/</path>
         <kind>archive</kind>
         <file>rts430x_lc_ld_eabi.lib</file>
         <name>int20.asm.obj</name>
      </input_file>
      <input_file id="fl-64">
         <path>/home/test/ti/ccs1040/ccs/tools/compiler/ti-cgt-msp430_20.2.5.LTS/lib/</path>
         <kind>archive</kind>
         <file>rts430x_lc_ld_eabi.lib</file>
         <name>int21.asm.obj</name>
      </input_file>
      <input_file id="fl-65">
         <path>/home/test/ti/ccs1040/ccs/tools/compiler/ti-cgt-msp430_20.2.5.LTS/lib/</path>
         <kind>archive</kind>
         <file>rts430x_lc_ld_eabi.lib</file>
         <name>int22.asm.obj</name>
      </input_file>
      <input_file id="fl-66">
         <path>/home/test/ti/ccs1040/ccs/tools/compiler/ti-cgt-msp430_20.2.5.LTS/lib/</path>
         <kind>archive</kind>
         <file>rts430x_lc_ld_eabi.lib</file>
         <name>int23.asm.obj</name>
      </input_file>
      <input_file id="fl-67">
         <path>/home/test/ti/ccs1040/ccs/tools/compiler/ti-cgt-msp430_20.2.5.LTS/lib/</path>
         <kind>archive</kind>
         <file>rts430x_lc_ld_eabi.lib</file>
         <name>int24.asm.obj</name>
      </input_file>
      <input_file id="fl-68">
         <path>/home/test/ti/ccs1040/ccs/tools/compiler/ti-cgt-msp430_20.2.5.LTS/lib/</path>
         <kind>archive</kind>
         <file>rts430x_lc_ld_eabi.lib</file>
         <name>int25.asm.obj</name>
      </input_file>
      <input_file id="fl-69">
         <path>/home/test/ti/ccs1040/ccs/tools/compiler/ti-cgt-msp430_20.2.5.LTS/lib/</path>
         <kind>archive</kind>
         <file>rts430x_lc_ld_eabi.lib</file>
         <name>int26.asm.obj</name>
      </input_file>
      <input_file id="fl-6a">
         <path>/home/test/ti/ccs1040/ccs/tools/compiler/ti-cgt-msp430_20.2.5.LTS/lib/</path>
         <kind>archive</kind>
         <file>rts430x_lc_ld_eabi.lib</file>
         <name>int27.asm.obj</name>
      </input_file>
      <input_file id="fl-6b">
         <path>/home/test/ti/ccs1040/ccs/tools/compiler/ti-cgt-msp430_20.2.5.LTS/lib/</path>
         <kind>archive</kind>
         <file>rts430x_lc_ld_eabi.lib</file>
         <name>int28.asm.obj</name>
      </input_file>
      <input_file id="fl-6c">
         <path>/home/test/ti/ccs1040/ccs/tools/compiler/ti-cgt-msp430_20.2.5.LTS/lib/</path>
         <kind>archive</kind>
         <file>rts430x_lc_ld_eabi.lib</file>
         <name>int29.asm.obj</name>
      </input_file>
      <input_file id="fl-6d">
         <path>/home/test/ti/ccs1040/ccs/tools/compiler/ti-cgt-msp430_20.2.5.LTS/lib/</path>
         <kind>archive</kind>
         <file>rts430x_lc_ld_eabi.lib</file>
         <name>int30.asm.obj</name>
      </input_file>
      <input_file id="fl-6e">
         <path>/home/test/ti/ccs1040/ccs/tools/compiler/ti-cgt-msp430_20.2.5.LTS/lib/</path>
         <kind>archive</kind>
         <file>rts430x_lc_ld_eabi.lib</file>
         <name>int31.asm.obj</name>
      </input_file>
      <input_file id="fl-6f">
         <path>/home/test/ti/ccs1040/ccs/tools/compiler/ti-cgt-msp430_20.2.5.LTS/lib/</path>
         <kind>archive</kind>
         <file>rts430x_lc_ld_eabi.lib</file>
         <name>int32.asm.obj</name>
      </input_file>
      <input_file id="fl-70">
         <path>/home/test/ti/ccs1040/ccs/tools/compiler/ti-cgt-msp430_20.2.5.LTS/lib/</path>
         <kind>archive</kind>
         <file>rts430x_lc_ld_eabi.lib</file>
         <name>int33.asm.obj</name>
      </input_file>
      <input_file id="fl-71">
         <path>/home/test/ti/ccs1040/ccs/tools/compiler/ti-cgt-msp430_20.2.5.LTS/lib/</path>
         <kind>archive</kind>
         <file>rts430x_lc_ld_eabi.lib</file>
         <name>int34.asm.obj</name>
      </input_file>
      <input_file id="fl-72">
         <path>/home/test/ti/ccs1040/ccs/tools/compiler/ti-cgt-msp430_20.2.5.LTS/lib/</path>
         <kind>archive</kind>
         <file>rts430x_lc_ld_eabi.lib</file>
         <name>int35.asm.obj</name>
      </input_file>
      <input_file id="fl-73">
         <path>/home/test/ti/ccs1040/ccs/tools/compiler/ti-cgt-msp430_20.2.5.LTS/lib/</path>
         <kind>archive</kind>
         <file>rts430x_lc_ld_eabi.lib</file>
         <name>int36.asm.obj</name>
      </input_file>
      <input_file id="fl-74">
         <path>/home/test/ti/ccs1040/ccs/tools/compiler/ti-cgt-msp430_20.2.5.LTS/lib/</path>
         <kind>archive</kind>
         <file>rts430x_lc_ld_eabi.lib</file>
         <name>int37.asm.obj</name>
      </input_file>
      <input_file id="fl-75">
         <path>/home/test/ti/ccs1040/ccs/tools/compiler/ti-cgt-msp430_20.2.5.LTS/lib/</path>
         <kind>archive</kind>
         <file>rts430x_lc_ld_eabi.lib</file>
         <name>int38.asm.obj</name>
      </input_file>
      <input_file id="fl-76">
         <path>/home/test/ti/ccs1040/ccs/tools/compiler/ti-cgt-msp430_20.2.5.LTS/lib/</path>
         <kind>archive</kind>
         <file>rts430x_lc_ld_eabi.lib</file>
         <name>int39.asm.obj</name>
      </input_file>
      <input_file id="fl-77">
         <path>/home/test/ti/ccs1040/ccs/tools/compiler/ti-cgt-msp430_20.2.5.LTS/lib/</path>
         <kind>archive</kind>
         <file>rts430x_lc_ld_eabi.lib</file>
         <name>int41.asm.obj</name>
      </input_file>
      <input_file id="fl-78">
         <path>/home/test/ti/ccs1040/ccs/tools/compiler/ti-cgt-msp430_20.2.5.LTS/lib/</path>
         <kind>archive</kind>
         <file>rts430x_lc_ld_eabi.lib</file>
         <name>int42.asm.obj</name>
      </input_file>
      <input_file id="fl-79">
         <path>/home/test/ti/ccs1040/ccs/tools/compiler/ti-cgt-msp430_20.2.5.LTS/lib/</path>
         <kind>archive</kind>
         <file>rts430x_lc_ld_eabi.lib</file>
         <name>int43.asm.obj</name>
      </input_file>
      <input_file id="fl-7a">
         <path>/home/test/ti/ccs1040/ccs/tools/compiler/ti-cgt-msp430_20.2.5.LTS/lib/</path>
         <kind>archive</kind>
         <file>rts430x_lc_ld_eabi.lib</file>
         <name>int44.asm.obj</name>
      </input_file>
      <input_file id="fl-7b">
         <path>/home/test/ti/ccs1040/ccs/tools/compiler/ti-cgt-msp430_20.2.5.LTS/lib/</path>
         <kind>archive</kind>
         <file>rts430x_lc_ld_eabi.lib</file>
         <name>int46.asm.obj</name>
      </input_file>
      <input_file id="fl-7c">
         <path>/home/test/ti/ccs1040/ccs/tools/compiler/ti-cgt-msp430_20.2.5.LTS/lib/</path>
         <kind>archive</kind>
         <file>rts430x_lc_ld_eabi.lib</file>
         <name>int47.asm.obj</name>
      </input_file>
      <input_file id="fl-7d">
         <path>/home/test/ti/ccs1040/ccs/tools/compiler/ti-cgt-msp430_20.2.5.LTS/lib/</path>
         <kind>archive</kind>
         <file>rts430x_lc_ld_eabi.lib</file>
         <name>int49.asm.obj</name>
      </input_file>
      <input_file id="fl-7e">
         <path>/home/test/ti/ccs1040/ccs/tools/compiler/ti-cgt-msp430_20.2.5.LTS/lib/</path>
         <kind>archive</kind>
         <file>rts430x_lc_ld_eabi.lib</file>
         <name>int50.asm.obj</name>
      </input_file>
      <input_file id="fl-7f">
         <path>/home/test/ti/ccs1040/ccs/tools/compiler/ti-cgt-msp430_20.2.5.LTS/lib/</path>
         <kind>archive</kind>
         <file>rts430x_lc_ld_eabi.lib</file>
         <name>int51.asm.obj</name>
      </input_file>
      <input_file id="fl-80">
         <path>/home/test/ti/ccs1040/ccs/tools/compiler/ti-cgt-msp430_20.2.5.LTS/lib/</path>
         <kind>archive</kind>
         <file>rts430x_lc_ld_eabi.lib</file>
         <name>int52.asm.obj</name>
      </input_file>
      <input_file id="fl-81">
         <path>/home/test/ti/ccs1040/ccs/tools/compiler/ti-cgt-msp430_20.2.5.LTS/lib/</path>
         <kind>archive</kind>
         <file>rts430x_lc_ld_eabi.lib</file>
         <name>int53.asm.obj</name>
      </input_file>
      <input_file id="fl-82">
         <path>/home/test/ti/ccs1040/ccs/tools/compiler/ti-cgt-msp430_20.2.5.LTS/lib/</path>
         <kind>archive</kind>
         <file>rts430x_lc_ld_eabi.lib</file>
         <name>int54.asm.obj</name>
      </input_file>
      <input_file id="fl-83">
         <path>/home/test/ti/ccs1040/ccs/tools/compiler/ti-cgt-msp430_20.2.5.LTS/lib/</path>
         <kind>archive</kind>
         <file>rts430x_lc_ld_eabi.lib</file>
         <name>copy_zero_init.c.obj</name>
      </input_file>
      <input_file id="fl-84">
         <path>/home/test/ti/ccs1040/ccs/tools/compiler/ti-cgt-msp430_20.2.5.LTS/lib/</path>
         <kind>archive</kind>
         <file>rts430x_lc_ld_eabi.lib</file>
         <name>div16s.asm.obj</name>
      </input_file>
      <input_file id="fl-85">
         <path>/home/test/ti/ccs1040/ccs/tools/compiler/ti-cgt-msp430_20.2.5.LTS/lib/</path>
         <kind>archive</kind>
         <file>rts430x_lc_ld_eabi.lib</file>
         <name>div32s.asm.obj</name>
      </input_file>
      <input_file id="fl-86">
         <path>/home/test/ti/ccs1040/ccs/tools/compiler/ti-cgt-msp430_20.2.5.LTS/lib/</path>
         <kind>archive</kind>
         <file>rts430x_lc_ld_eabi.lib</file>
         <name>div16u.asm.obj</name>
      </input_file>
      <input_file id="fl-87">
         <path>/home/test/ti/ccs1040/ccs/tools/compiler/ti-cgt-msp430_20.2.5.LTS/lib/</path>
         <kind>archive</kind>
         <file>rts430x_lc_ld_eabi.lib</file>
         <name>div32u.asm.obj</name>
      </input_file>
      <input_file id="fl-88">
         <path>/home/test/ti/ccs1040/ccs/tools/compiler/ti-cgt-msp430_20.2.5.LTS/lib/</path>
         <kind>archive</kind>
         <file>rts430x_lc_ld_eabi.lib</file>
         <name>mult16.asm.obj</name>
      </input_file>
      <input_file id="fl-89">
         <path>/home/test/ti/ccs1040/ccs/tools/compiler/ti-cgt-msp430_20.2.5.LTS/lib/</path>
         <kind>archive</kind>
         <file>rts430x_lc_ld_eabi.lib</file>
         <name>mult16_f5hw.asm.obj</name>
      </input_file>
      <input_file id="fl-8a">
         <path>/home/test/ti/ccs1040/ccs/tools/compiler/ti-cgt-msp430_20.2.5.LTS/lib/</path>
         <kind>archive</kind>
         <file>rts430x_lc_ld_eabi.lib</file>
         <name>mult32.asm.obj</name>
      </input_file>
      <input_file id="fl-8b">
         <path>/home/test/ti/ccs1040/ccs/tools/compiler/ti-cgt-msp430_20.2.5.LTS/lib/</path>
         <kind>archive</kind>
         <file>rts430x_lc_ld_eabi.lib</file>
         <name>mult32_f5hw.asm.obj</name>
      </input_file>
      <input_file id="fl-8c">
         <path>/home/test/ti/ccs1040/ccs/tools/compiler/ti-cgt-msp430_20.2.5.LTS/lib/</path>
         <kind>archive</kind>
         <file>rts430x_lc_ld_eabi.lib</file>
         <name>mult64_f5hw.asm.obj</name>
      </input_file>
      <input_file id="fl-8d">
         <path>/home/test/ti/ccs1040/ccs/tools/compiler/ti-cgt-msp430_20.2.5.LTS/lib/</path>
         <kind>archive</kind>
         <file>rts430x_lc_ld_eabi.lib</file>
         <name>mult1632_f5hw.asm.obj</name>
      </input_file>
      <input_file id="fl-8e">
         <path>/home/test/ti/ccs1040/ccs/tools/compiler/ti-cgt-msp430_20.2.5.LTS/lib/</path>
         <kind>archive</kind>
         <file>rts430x_lc_ld_eabi.lib</file>
         <name>mult3264_f5hw.asm.obj</name>
      </input_file>
      <input_file id="fl-8f">
         <path>/home/test/ti/ccs1040/ccs/tools/compiler/ti-cgt-msp430_20.2.5.LTS/lib/</path>
         <kind>archive</kind>
         <file>rts430x_lc_ld_eabi.lib</file>
         <name>lsl16.asm.obj</name>
      </input_file>
      <input_file id="fl-90">
         <path>/home/test/ti/ccs1040/ccs/tools/compiler/ti-cgt-msp430_20.2.5.LTS/lib/</path>
         <kind>archive</kind>
         <file>rts430x_lc_ld_eabi.lib</file>
         <name>asr16.asm.obj</name>
      </input_file>
      <input_file id="fl-91">
         <path>/home/test/ti/ccs1040/ccs/tools/compiler/ti-cgt-msp430_20.2.5.LTS/lib/</path>
         <kind>archive</kind>
         <file>rts430x_lc_ld_eabi.lib</file>
         <name>lsr32.asm.obj</name>
      </input_file>
      <input_file id="fl-92">
         <path>/home/test/ti/ccs1040/ccs/tools/compiler/ti-cgt-msp430_20.2.5.LTS/lib/</path>
         <kind>archive</kind>
         <file>rts430x_lc_ld_eabi.lib</file>
         <name>boot.c.obj</name>
      </input_file>
      <input_file id="fl-93">
         <path>/home/test/ti/ccs1040/ccs/tools/compiler/ti-cgt-msp430_20.2.5.LTS/lib/</path>
         <kind>archive</kind>
         <file>rts430x_lc_ld_eabi.lib</file>
         <name>mpu_init.c.obj</name>
      </input_file>
      <input_file id="fl-94">
         <path>/home/test/ti/ccs1040/ccs/tools/compiler/ti-cgt-msp430_20.2.5.LTS/lib/</path>
         <kind>archive</kind>
         <file>rts430x_lc_ld_eabi.lib</file>
         <name>args_main.c.obj</name>
      </input_file>
      <input_file id="fl-95">
         <path>/home/test/ti/ccs1040/ccs/tools/compiler/ti-cgt-msp430_20.2.5.LTS/lib/</path>
         <kind>archive</kind>
         <file>rts430x_lc_ld_eabi.lib</file>
         <name>autoinit.c.obj</name>
      </input_file>
      <input_file id="fl-96">
         <path>/home/test/ti/ccs1040/ccs/tools/compiler/ti-cgt-msp430_20.2.5.LTS/lib/</path>
         <kind>archive</kind>
         <file>rts430x_lc_ld_eabi.lib</file>
         <name>asr32.asm.obj</name>
      </input_file>
      <input_file id="fl-97">
         <path>/home/test/ti/ccs1040/ccs/tools/compiler/ti-cgt-msp430_20.2.5.LTS/lib/</path>
         <kind>archive</kind>
         <file>rts430x_lc_ld_eabi.lib</file>
         <name>startup.c.obj</name>
      </input_file>
      <input_file id="fl-98">
         <path>/home/test/ti/ccs1040/ccs/tools/compiler/ti-cgt-msp430_20.2.5.LTS/lib/</path>
         <kind>archive</kind>
         <file>rts430x_lc_ld_eabi.lib</file>
         <name>cpy_tbl.c.obj</name>
      </input_file>
      <input_file id="fl-99">
         <path>/home/test/ti/ccs1040/ccs/tools/compiler/ti-cgt-msp430_20.2.5.LTS/lib/</path>
         <kind>archive</kind>
         <file>rts430x_lc_ld_eabi.lib</file>
         <name>exit.c.obj</name>
      </input_file>
      <input_file id="fl-9a">
         <path>/home/test/ti/ccs1040/ccs/tools/compiler/ti-cgt-msp430_20.2.5.LTS/lib/</path>
         <kind>archive</kind>
         <file>rts430x_lc_ld_eabi.lib</file>
         <name>exit_gvars.c.obj</name>
      </input_file>
      <input_file id="fl-9b">
         <path>/home/test/ti/ccs1040/ccs/tools/compiler/ti-cgt-msp430_20.2.5.LTS/lib/</path>
         <kind>archive</kind>
         <file>rts430x_lc_ld_eabi.lib</file>
         <name>_lock.c.obj</name>
      </input_file>
      <input_file id="fl-9c">
         <path>/home/test/ti/ccs1040/ccs/tools/compiler/ti-cgt-msp430_20.2.5.LTS/lib/</path>
         <kind>archive</kind>
         <file>rts430x_lc_ld_eabi.lib</file>
         <name>memcpy.c.obj</name>
      </input_file>
      <input_file id="fl-9d">
         <path>/home/test/ti/ccs1040/ccs/tools/compiler/ti-cgt-msp430_20.2.5.LTS/lib/</path>
         <kind>archive</kind>
         <file>rts430x_lc_ld_eabi.lib</file>
         <name>memset.c.obj</name>
      </input_file>
      <input_file id="fl-9e">
         <path>/home/test/ti/ccs1040/ccs/tools/compiler/ti-cgt-msp430_20.2.5.LTS/lib/</path>
         <kind>archive</kind>
         <file>rts430x_lc_ld_eabi.lib</file>
         <name>fputc.c.obj</name>
      </input_file>
      <input_file id="fl-9f">
         <path>/home/test/ti/ccs1040/ccs/tools/compiler/ti-cgt-msp430_20.2.5.LTS/lib/</path>
         <kind>archive</kind>
         <file>rts430x_lc_ld_eabi.lib</file>
         <name>fflush.c.obj</name>
      </input_file>
      <input_file id="fl-a0">
         <path>/home/test/ti/ccs1040/ccs/tools/compiler/ti-cgt-msp430_20.2.5.LTS/lib/</path>
         <kind>archive</kind>
         <file>rts430x_lc_ld_eabi.lib</file>
         <name>defs.c.obj</name>
      </input_file>
      <input_file id="fl-a1">
         <path>/home/test/ti/ccs1040/ccs/tools/compiler/ti-cgt-msp430_20.2.5.LTS/lib/</path>
         <kind>archive</kind>
         <file>rts430x_lc_ld_eabi.lib</file>
         <name>_io_perm.c.obj</name>
      </input_file>
      <input_file id="fl-a2">
         <path>/home/test/ti/ccs1040/ccs/tools/compiler/ti-cgt-msp430_20.2.5.LTS/lib/</path>
         <kind>archive</kind>
         <file>rts430x_lc_ld_eabi.lib</file>
         <name>fseek.c.obj</name>
      </input_file>
      <input_file id="fl-a3">
         <path>/home/test/ti/ccs1040/ccs/tools/compiler/ti-cgt-msp430_20.2.5.LTS/lib/</path>
         <kind>archive</kind>
         <file>rts430x_lc_ld_eabi.lib</file>
         <name>lseek.c.obj</name>
      </input_file>
      <input_file id="fl-a4">
         <path>/home/test/ti/ccs1040/ccs/tools/compiler/ti-cgt-msp430_20.2.5.LTS/lib/</path>
         <kind>archive</kind>
         <file>rts430x_lc_ld_eabi.lib</file>
         <name>host_device.c.obj</name>
      </input_file>
      <input_file id="fl-a5">
         <path>/home/test/ti/ccs1040/ccs/tools/compiler/ti-cgt-msp430_20.2.5.LTS/lib/</path>
         <kind>archive</kind>
         <file>rts430x_lc_ld_eabi.lib</file>
         <name>hostclose.c.obj</name>
      </input_file>
      <input_file id="fl-a6">
         <path>/home/test/ti/ccs1040/ccs/tools/compiler/ti-cgt-msp430_20.2.5.LTS/lib/</path>
         <kind>archive</kind>
         <file>rts430x_lc_ld_eabi.lib</file>
         <name>hostlseek.c.obj</name>
      </input_file>
      <input_file id="fl-a7">
         <path>/home/test/ti/ccs1040/ccs/tools/compiler/ti-cgt-msp430_20.2.5.LTS/lib/</path>
         <kind>archive</kind>
         <file>rts430x_lc_ld_eabi.lib</file>
         <name>hostopen.c.obj</name>
      </input_file>
      <input_file id="fl-a8">
         <path>/home/test/ti/ccs1040/ccs/tools/compiler/ti-cgt-msp430_20.2.5.LTS/lib/</path>
         <kind>archive</kind>
         <file>rts430x_lc_ld_eabi.lib</file>
         <name>hostread.c.obj</name>
      </input_file>
      <input_file id="fl-a9">
         <path>/home/test/ti/ccs1040/ccs/tools/compiler/ti-cgt-msp430_20.2.5.LTS/lib/</path>
         <kind>archive</kind>
         <file>rts430x_lc_ld_eabi.lib</file>
         <name>hostrename.c.obj</name>
      </input_file>
      <input_file id="fl-aa">
         <path>/home/test/ti/ccs1040/ccs/tools/compiler/ti-cgt-msp430_20.2.5.LTS/lib/</path>
         <kind>archive</kind>
         <file>rts430x_lc_ld_eabi.lib</file>
         <name>hostunlink.c.obj</name>
      </input_file>
      <input_file id="fl-ab">
         <path>/home/test/ti/ccs1040/ccs/tools/compiler/ti-cgt-msp430_20.2.5.LTS/lib/</path>
         <kind>archive</kind>
         <file>rts430x_lc_ld_eabi.lib</file>
         <name>hostwrite.c.obj</name>
      </input_file>
      <input_file id="fl-ac">
         <path>/home/test/ti/ccs1040/ccs/tools/compiler/ti-cgt-msp430_20.2.5.LTS/lib/</path>
         <kind>archive</kind>
         <file>rts430x_lc_ld_eabi.lib</file>
         <name>trgmsg.c.obj</name>
      </input_file>
      <input_file id="fl-ad">
         <path>/home/test/ti/ccs1040/ccs/tools/compiler/ti-cgt-msp430_20.2.5.LTS/lib/</path>
         <kind>archive</kind>
         <file>rts430x_lc_ld_eabi.lib</file>
         <name>lsl32.asm.obj</name>
      </input_file>
      <input_file id="fl-ae">
         <path>/home/test/ti/ccs1040/ccs/tools/compiler/ti-cgt-msp430_20.2.5.LTS/lib/</path>
         <kind>archive</kind>
         <file>rts430x_lc_ld_eabi.lib</file>
         <name>setvbuf.c.obj</name>
      </input_file>
      <input_file id="fl-af">
         <path>/home/test/ti/ccs1040/ccs/tools/compiler/ti-cgt-msp430_20.2.5.LTS/lib/</path>
         <kind>archive</kind>
         <file>rts430x_lc_ld_eabi.lib</file>
         <name>fopen.c.obj</name>
      </input_file>
      <input_file id="fl-b0">
         <path>/home/test/ti/ccs1040/ccs/tools/compiler/ti-cgt-msp430_20.2.5.LTS/lib/</path>
         <kind>archive</kind>
         <file>rts430x_lc_ld_eabi.lib</file>
         <name>fclose.c.obj</name>
      </input_file>
      <input_file id="fl-b1">
         <path>/home/test/ti/ccs1040/ccs/tools/compiler/ti-cgt-msp430_20.2.5.LTS/lib/</path>
         <kind>archive</kind>
         <file>rts430x_lc_ld_eabi.lib</file>
         <name>close.c.obj</name>
      </input_file>
      <input_file id="fl-b2">
         <path>/home/test/ti/ccs1040/ccs/tools/compiler/ti-cgt-msp430_20.2.5.LTS/lib/</path>
         <kind>archive</kind>
         <file>rts430x_lc_ld_eabi.lib</file>
         <name>memory.c.obj</name>
      </input_file>
      <input_file id="fl-b3">
         <path>/home/test/ti/ccs1040/ccs/tools/compiler/ti-cgt-msp430_20.2.5.LTS/lib/</path>
         <kind>archive</kind>
         <file>rts430x_lc_ld_eabi.lib</file>
         <name>open.c.obj</name>
      </input_file>
      <input_file id="fl-b4">
         <path>/home/test/ti/ccs1040/ccs/tools/compiler/ti-cgt-msp430_20.2.5.LTS/lib/</path>
         <kind>archive</kind>
         <file>rts430x_lc_ld_eabi.lib</file>
         <name>getdevice.c.obj</name>
      </input_file>
      <input_file id="fl-b5">
         <path>/home/test/ti/ccs1040/ccs/tools/compiler/ti-cgt-msp430_20.2.5.LTS/lib/</path>
         <kind>archive</kind>
         <file>rts430x_lc_ld_eabi.lib</file>
         <name>remove.c.obj</name>
      </input_file>
      <input_file id="fl-b6">
         <path>/home/test/ti/ccs1040/ccs/tools/compiler/ti-cgt-msp430_20.2.5.LTS/lib/</path>
         <kind>archive</kind>
         <file>rts430x_lc_ld_eabi.lib</file>
         <name>strchr.c.obj</name>
      </input_file>
      <input_file id="fl-b7">
         <path>/home/test/ti/ccs1040/ccs/tools/compiler/ti-cgt-msp430_20.2.5.LTS/lib/</path>
         <kind>archive</kind>
         <file>rts430x_lc_ld_eabi.lib</file>
         <name>strcmp.c.obj</name>
      </input_file>
      <input_file id="fl-b8">
         <path>/home/test/ti/ccs1040/ccs/tools/compiler/ti-cgt-msp430_20.2.5.LTS/lib/</path>
         <kind>archive</kind>
         <file>rts430x_lc_ld_eabi.lib</file>
         <name>strcpy.c.obj</name>
      </input_file>
      <input_file id="fl-b9">
         <path>/home/test/ti/ccs1040/ccs/tools/compiler/ti-cgt-msp430_20.2.5.LTS/lib/</path>
         <kind>archive</kind>
         <file>rts430x_lc_ld_eabi.lib</file>
         <name>strlen.c.obj</name>
      </input_file>
      <input_file id="fl-ba">
         <path>/home/test/ti/ccs1040/ccs/tools/compiler/ti-cgt-msp430_20.2.5.LTS/lib/</path>
         <kind>archive</kind>
         <file>rts430x_lc_ld_eabi.lib</file>
         <name>strncat.c.obj</name>
      </input_file>
      <input_file id="fl-bb">
         <path>/home/test/ti/ccs1040/ccs/tools/compiler/ti-cgt-msp430_20.2.5.LTS/lib/</path>
         <kind>archive</kind>
         <file>rts430x_lc_ld_eabi.lib</file>
         <name>strncmp.c.obj</name>
      </input_file>
      <input_file id="fl-bc">
         <path>/home/test/ti/ccs1040/ccs/tools/compiler/ti-cgt-msp430_20.2.5.LTS/lib/</path>
         <kind>archive</kind>
         <file>rts430x_lc_ld_eabi.lib</file>
         <name>strncpy.c.obj</name>
      </input_file>
      <input_file id="fl-bd">
         <path>/home/test/ti/ccs1040/ccs/tools/compiler/ti-cgt-msp430_20.2.5.LTS/lib/</path>
         <kind>archive</kind>
         <file>rts430x_lc_ld_eabi.lib</file>
         <name>unlink.c.obj</name>
      </input_file>
      <input_file id="fl-be">
         <path>/home/test/ti/ccs1040/ccs/tools/compiler/ti-cgt-msp430_20.2.5.LTS/lib/</path>
         <kind>archive</kind>
         <file>rts430x_lc_ld_eabi.lib</file>
         <name>write.c.obj</name>
      </input_file>
   </input_file_list>
   <object_component_list>
      <object_component id="oc-a0a">
         <name>.TI.persistent:heap_buffer</name>
         <load_address>0x4000</load_address>
         <run_address>0x4000</run_address>
         <size>0x3800</size>
         <input_file_ref idref="fl-4"/>
      </object_component>
      <object_component id="oc-a0d">
         <name>.TI.persistent:ucHeap</name>
         <load_address>0x7800</load_address>
         <run_address>0x7800</run_address>
         <size>0x3800</size>
         <input_file_ref idref="fl-5"/>
      </object_component>
      <object_component id="oc-a28">
         <name>.TI.persistent:input</name>
         <load_address>0xb000</load_address>
         <run_address>0xb000</run_address>
         <size>0x800</size>
         <input_file_ref idref="fl-3d"/>
      </object_component>
      <object_component id="oc-917">
         <name>.TI.persistent</name>
         <load_address>0xb800</load_address>
         <run_address>0xb800</run_address>
         <size>0x2</size>
         <input_file_ref idref="fl-3d"/>
      </object_component>
      <object_component id="oc-807">
         <name>.TI.persistent</name>
         <load_address>0xb802</load_address>
         <run_address>0xb802</run_address>
         <size>0x1</size>
         <input_file_ref idref="fl-5"/>
      </object_component>
      <object_component id="oc-e0a">
         <name>.cio</name>
         <load_address>0xb804</load_address>
         <run_address>0xb804</run_address>
         <size>0x120</size>
         <input_file_ref idref="fl-ac"/>
      </object_component>
      <object_component id="oc-6cb">
         <name>.sysmem</name>
         <load_address>0xb924</load_address>
         <run_address>0xb924</run_address>
         <size>0x8</size>
         <input_file_ref idref="fl-b2"/>
      </object_component>
      <object_component id="oc-ed4">
         <name>.sysmem</name>
         <load_address>0xb924</load_address>
         <run_address>0xb924</run_address>
         <size>0x0</size>
      </object_component>
      <object_component id="oc-ed2">
         <name>.cinit..data.load</name>
         <load_address>0xc202</load_address>
         <run_address>0xc202</run_address>
         <size>0x57</size>
      </object_component>
      <object_component id="oc-ecf">
         <name>__TI_handler_table</name>
         <load_address>0xc25a</load_address>
         <run_address>0xc25a</run_address>
         <size>0xc</size>
      </object_component>
      <object_component id="oc-ed1">
         <name>.cinit..bss.load</name>
         <load_address>0xc266</load_address>
         <run_address>0xc266</run_address>
         <size>0x6</size>
      </object_component>
      <object_component id="oc-ed0">
         <name>__TI_cinit_table</name>
         <load_address>0xc26c</load_address>
         <run_address>0xc26c</run_address>
         <size>0x10</size>
      </object_component>
      <object_component id="oc-e5e">
         <name>.binit</name>
         <load_address>0x4000</load_address>
         <run_address>0x4000</run_address>
         <size>0x0</size>
      </object_component>
      <object_component id="oc-6f7">
         <name>.text:_isr:prvUSCI_A0_ISR</name>
         <load_address>0xc000</load_address>
         <run_address>0xc000</run_address>
         <size>0x6a</size>
         <input_file_ref idref="fl-19"/>
      </object_component>
      <object_component id="oc-70f">
         <name>.text:_isr:_c_int00_noargs</name>
         <load_address>0xc06a</load_address>
         <run_address>0xc06a</run_address>
         <size>0x1c</size>
         <input_file_ref idref="fl-92"/>
      </object_component>
      <object_component id="oc-6eb">
         <name>.text:_isr:v4RunTimeStatsTimerOverflow</name>
         <load_address>0xc086</load_address>
         <run_address>0xc086</run_address>
         <size>0x14</size>
         <input_file_ref idref="fl-18"/>
      </object_component>
      <object_component id="oc-6f1">
         <name>.text:_isr:vTickISREntry</name>
         <load_address>0xc09a</load_address>
         <run_address>0xc09a</run_address>
         <size>0x10</size>
         <input_file_ref idref="fl-12"/>
      </object_component>
      <object_component id="oc-6e6">
         <name>.text:_isr:__TI_ISR_TRAP</name>
         <load_address>0xc0aa</load_address>
         <run_address>0xc0aa</run_address>
         <size>0x8</size>
         <input_file_ref idref="fl-61"/>
      </object_component>
      <object_component id="oc-938">
         <name>.const:.string</name>
         <load_address>0xc0b2</load_address>
         <run_address>0xc0b2</run_address>
         <size>0xe4</size>
         <input_file_ref idref="fl-3d"/>
      </object_component>
      <object_component id="oc-a60">
         <name>.const:.string</name>
         <load_address>0xc196</load_address>
         <run_address>0xc196</run_address>
         <size>0x32</size>
         <input_file_ref idref="fl-10"/>
      </object_component>
      <object_component id="oc-9ac">
         <name>.const:GPIO_PORT_TO_BASE</name>
         <load_address>0xc1c8</load_address>
         <run_address>0xc1c8</run_address>
         <size>0x1c</size>
         <input_file_ref idref="fl-2e"/>
      </object_component>
      <object_component id="oc-80a">
         <name>.const:.string</name>
         <load_address>0xc1e4</load_address>
         <run_address>0xc1e4</run_address>
         <size>0xa</size>
         <input_file_ref idref="fl-5"/>
      </object_component>
      <object_component id="oc-9c6">
         <name>.const:.string</name>
         <load_address>0xc1ee</load_address>
         <run_address>0xc1ee</run_address>
         <size>0x8</size>
         <input_file_ref idref="fl-6"/>
      </object_component>
      <object_component id="oc-b7e">
         <name>.const:.string</name>
         <load_address>0xc1f6</load_address>
         <run_address>0xc1f6</run_address>
         <size>0x8</size>
         <input_file_ref idref="fl-11"/>
      </object_component>
      <object_component id="oc-a6d">
         <name>.const</name>
         <load_address>0xc1fe</load_address>
         <run_address>0xc1fe</run_address>
         <size>0x2</size>
         <input_file_ref idref="fl-10"/>
      </object_component>
      <object_component id="oc-bc8">
         <name>.const:$P$T1$1</name>
         <load_address>0xc200</load_address>
         <run_address>0xc200</run_address>
         <size>0x1</size>
         <input_file_ref idref="fl-8"/>
      </object_component>
      <object_component id="oc-bbd">
         <name>.const:$P$T5$3</name>
         <load_address>0xc201</load_address>
         <run_address>0xc201</run_address>
         <size>0x1</size>
         <input_file_ref idref="fl-8"/>
      </object_component>
      <object_component id="oc-939">
         <name>.text:test_nand</name>
         <load_address>0x10000</load_address>
         <run_address>0x10000</run_address>
         <size>0x1fe</size>
         <input_file_ref idref="fl-3d"/>
      </object_component>
      <object_component id="oc-7c4">
         <name>.text:xTaskIncrementTick</name>
         <load_address>0x101fe</load_address>
         <run_address>0x101fe</run_address>
         <size>0x1d8</size>
         <input_file_ref idref="fl-10"/>
      </object_component>
      <object_component id="oc-90f">
         <name>.text:tiny_print</name>
         <load_address>0x103d6</load_address>
         <run_address>0x103d6</run_address>
         <size>0x1c0</size>
         <input_file_ref idref="fl-6"/>
      </object_component>
      <object_component id="oc-d62">
         <name>.text:aligned_alloc</name>
         <load_address>0x10596</load_address>
         <run_address>0x10596</run_address>
         <size>0x1b6</size>
         <input_file_ref idref="fl-b2"/>
      </object_component>
      <object_component id="oc-b3c">
         <name>.text:xTaskResumeAll</name>
         <load_address>0x1074c</load_address>
         <run_address>0x1074c</run_address>
         <size>0x18c</size>
         <input_file_ref idref="fl-10"/>
      </object_component>
      <object_component id="oc-a41">
         <name>.text:pvPortMalloc</name>
         <load_address>0x108d8</load_address>
         <run_address>0x108d8</run_address>
         <size>0x184</size>
         <input_file_ref idref="fl-14"/>
      </object_component>
      <object_component id="oc-c8f">
         <name>.text:xQueueReceive</name>
         <load_address>0x10a5c</load_address>
         <run_address>0x10a5c</run_address>
         <size>0x182</size>
         <input_file_ref idref="fl-e"/>
      </object_component>
      <object_component id="oc-c20">
         <name>.text:prvProcessReceivedCommands</name>
         <load_address>0x10bde</load_address>
         <run_address>0x10bde</run_address>
         <size>0x15a</size>
         <input_file_ref idref="fl-11"/>
      </object_component>
      <object_component id="oc-d05">
         <name>.text:free</name>
         <load_address>0x10d38</load_address>
         <run_address>0x10d38</run_address>
         <size>0x14c</size>
         <input_file_ref idref="fl-b2"/>
      </object_component>
      <object_component id="oc-7e4">
         <name>.text:xTaskRemoveFromEventList</name>
         <load_address>0x10e84</load_address>
         <run_address>0x10e84</run_address>
         <size>0x14c</size>
         <input_file_ref idref="fl-10"/>
      </object_component>
      <object_component id="oc-7ca">
         <name>.text:vTaskSwitchContext</name>
         <load_address>0x10fd0</load_address>
         <run_address>0x10fd0</run_address>
         <size>0x132</size>
         <input_file_ref idref="fl-10"/>
      </object_component>
      <object_component id="oc-a4d">
         <name>.text:prvInitialiseNewTask</name>
         <load_address>0x11102</load_address>
         <run_address>0x11102</run_address>
         <size>0x12c</size>
         <input_file_ref idref="fl-10"/>
      </object_component>
      <object_component id="oc-811">
         <name>.text:restore_nand</name>
         <load_address>0x1122e</load_address>
         <run_address>0x1122e</run_address>
         <size>0xfa</size>
         <input_file_ref idref="fl-4"/>
      </object_component>
      <object_component id="oc-ca3">
         <name>.text:setvbuf</name>
         <load_address>0x11328</load_address>
         <run_address>0x11328</run_address>
         <size>0xfa</size>
         <input_file_ref idref="fl-ae"/>
      </object_component>
      <object_component id="oc-a10">
         <name>.text</name>
         <load_address>0x11422</load_address>
         <run_address>0x11422</run_address>
         <size>0xf0</size>
         <input_file_ref idref="fl-3"/>
      </object_component>
      <object_component id="oc-9c0">
         <name>.text:printi</name>
         <load_address>0x11512</load_address>
         <run_address>0x11512</run_address>
         <size>0xf0</size>
         <input_file_ref idref="fl-6"/>
      </object_component>
      <object_component id="oc-a53">
         <name>.text:prvAddNewTaskToReadyList</name>
         <load_address>0x11602</load_address>
         <run_address>0x11602</run_address>
         <size>0xe2</size>
         <input_file_ref idref="fl-10"/>
      </object_component>
      <object_component id="oc-cb5">
         <name>.text:xQueueGenericReset</name>
         <load_address>0x116e4</load_address>
         <run_address>0x116e4</run_address>
         <size>0xde</size>
         <input_file_ref idref="fl-e"/>
      </object_component>
      <object_component id="oc-8b9">
         <name>.text:xTaskPriorityDisinherit</name>
         <load_address>0x117c2</load_address>
         <run_address>0x117c2</run_address>
         <size>0xd0</size>
         <input_file_ref idref="fl-10"/>
      </object_component>
      <object_component id="oc-b2d">
         <name>.text:prvHeapInit</name>
         <load_address>0x11892</load_address>
         <run_address>0x11892</run_address>
         <size>0xc6</size>
         <input_file_ref idref="fl-14"/>
      </object_component>
      <object_component id="oc-d37">
         <name>.text:prvAddCurrentTaskToDelayedList</name>
         <load_address>0x11958</load_address>
         <run_address>0x11958</run_address>
         <size>0xc4</size>
         <input_file_ref idref="fl-10"/>
      </object_component>
      <object_component id="oc-db0">
         <name>.text:split</name>
         <load_address>0x11a1c</load_address>
         <run_address>0x11a1c</run_address>
         <size>0xc2</size>
         <input_file_ref idref="fl-b2"/>
      </object_component>
      <object_component id="oc-755">
         <name>.text</name>
         <load_address>0x11ade</load_address>
         <run_address>0x11ade</run_address>
         <size>0xa6</size>
         <input_file_ref idref="fl-13"/>
      </object_component>
      <object_component id="oc-cf6">
         <name>.text:xTaskCheckForTimeOut</name>
         <load_address>0x11b84</load_address>
         <run_address>0x11b84</run_address>
         <size>0xa4</size>
         <input_file_ref idref="fl-10"/>
      </object_component>
      <object_component id="oc-cce">
         <name>.text:prvUnlockQueue</name>
         <load_address>0x11c28</load_address>
         <run_address>0x11c28</run_address>
         <size>0xa0</size>
         <input_file_ref idref="fl-e"/>
      </object_component>
      <object_component id="oc-7de">
         <name>.text:prvCopyDataToQueue</name>
         <load_address>0x11cc8</load_address>
         <run_address>0x11cc8</run_address>
         <size>0x9e</size>
         <input_file_ref idref="fl-e"/>
      </object_component>
      <object_component id="oc-801">
         <name>.text:prvSetupHardware</name>
         <load_address>0x11d66</load_address>
         <run_address>0x11d66</run_address>
         <size>0x9e</size>
         <input_file_ref idref="fl-5"/>
      </object_component>
      <object_component id="oc-d8d">
         <name>.text:HOSTlseek</name>
         <load_address>0x11e04</load_address>
         <run_address>0x11e04</run_address>
         <size>0x9a</size>
         <input_file_ref idref="fl-a6"/>
      </object_component>
      <object_component id="oc-81d">
         <name>.text:test_main</name>
         <load_address>0x11e9e</load_address>
         <run_address>0x11e9e</run_address>
         <size>0x9a</size>
         <input_file_ref idref="fl-3d"/>
      </object_component>
      <object_component id="oc-a47">
         <name>.text:vPortFree</name>
         <load_address>0x11f38</load_address>
         <run_address>0x11f38</run_address>
         <size>0x98</size>
         <input_file_ref idref="fl-14"/>
      </object_component>
      <object_component id="oc-75e">
         <name>.text:xQueueGenericSendFromISR</name>
         <load_address>0x11fd0</load_address>
         <run_address>0x11fd0</run_address>
         <size>0x94</size>
         <input_file_ref idref="fl-e"/>
      </object_component>
      <object_component id="oc-b97">
         <name>.text:fputc</name>
         <load_address>0x12064</load_address>
         <run_address>0x12064</run_address>
         <size>0x90</size>
         <input_file_ref idref="fl-9e"/>
      </object_component>
      <object_component id="oc-93f">
         <name>.text:xTaskCreate</name>
         <load_address>0x120f4</load_address>
         <run_address>0x120f4</run_address>
         <size>0x8a</size>
         <input_file_ref idref="fl-10"/>
      </object_component>
      <object_component id="oc-c2b">
         <name>.text:__TI_wrt_ok</name>
         <load_address>0x1217e</load_address>
         <run_address>0x1217e</run_address>
         <size>0x86</size>
         <input_file_ref idref="fl-a1"/>
      </object_component>
      <object_component id="oc-9ba">
         <name>.text:prints</name>
         <load_address>0x12204</load_address>
         <run_address>0x12204</run_address>
         <size>0x86</size>
         <input_file_ref idref="fl-6"/>
      </object_component>
      <object_component id="oc-764">
         <name>.text:xQueueReceiveFromISR</name>
         <load_address>0x1228a</load_address>
         <run_address>0x1228a</run_address>
         <size>0x7e</size>
         <input_file_ref idref="fl-e"/>
      </object_component>
      <object_component id="oc-c83">
         <name>.text:prvInsertTimerInActiveList</name>
         <load_address>0x12308</load_address>
         <run_address>0x12308</run_address>
         <size>0x7a</size>
         <input_file_ref idref="fl-11"/>
      </object_component>
      <object_component id="oc-c1a">
         <name>.text:prvProcessTimerOrBlockTask</name>
         <load_address>0x12382</load_address>
         <run_address>0x12382</run_address>
         <size>0x7a</size>
         <input_file_ref idref="fl-11"/>
      </object_component>
      <object_component id="oc-848">
         <name>.text:__TI_auto_init_nobinit_nopinit_hold_wdt:__TI_auto_init_nobinit_nopinit_hold_wdt</name>
         <load_address>0x123fc</load_address>
         <run_address>0x123fc</run_address>
         <size>0x78</size>
         <input_file_ref idref="fl-95"/>
      </object_component>
      <object_component id="oc-84">
         <name>.text:decompress:lzss:__TI_decompress_lzss</name>
         <load_address>0x12474</load_address>
         <run_address>0x12474</run_address>
         <size>0x76</size>
         <input_file_ref idref="fl-5e"/>
      </object_component>
      <object_component id="oc-d99">
         <name>.text:HOSTrename</name>
         <load_address>0x124ea</load_address>
         <run_address>0x124ea</run_address>
         <size>0x74</size>
         <input_file_ref idref="fl-a9"/>
      </object_component>
      <object_component id="oc-d69">
         <name>.text:__TI_closefile</name>
         <load_address>0x1255e</load_address>
         <run_address>0x1255e</run_address>
         <size>0x74</size>
         <input_file_ref idref="fl-b0"/>
      </object_component>
      <object_component id="oc-c9d">
         <name>.text:fseek</name>
         <load_address>0x125d2</load_address>
         <run_address>0x125d2</run_address>
         <size>0x74</size>
         <input_file_ref idref="fl-a2"/>
      </object_component>
      <object_component id="oc-8e2">
         <name>.text:GPIO_setAsPeripheralModuleFunctionInputPin</name>
         <load_address>0x12646</load_address>
         <run_address>0x12646</run_address>
         <size>0x72</size>
         <input_file_ref idref="fl-2e"/>
      </object_component>
      <object_component id="oc-b36">
         <name>.text:prvInsertBlockIntoFreeList</name>
         <load_address>0x126b8</load_address>
         <run_address>0x126b8</run_address>
         <size>0x72</size>
         <input_file_ref idref="fl-14"/>
      </object_component>
      <object_component id="oc-d75">
         <name>.text:HOSTopen</name>
         <load_address>0x1272a</load_address>
         <run_address>0x1272a</run_address>
         <size>0x70</size>
         <input_file_ref idref="fl-a7"/>
      </object_component>
      <object_component id="oc-c08">
         <name>.text:xQueueGenericCreate</name>
         <load_address>0x1279a</load_address>
         <run_address>0x1279a</run_address>
         <size>0x6e</size>
         <input_file_ref idref="fl-e"/>
      </object_component>
      <object_component id="oc-d87">
         <name>.text:HOSTwrite</name>
         <load_address>0x12808</load_address>
         <run_address>0x12808</run_address>
         <size>0x6c</size>
         <input_file_ref idref="fl-ab"/>
      </object_component>
      <object_component id="oc-cc8">
         <name>.text:vTaskPlaceOnEventListRestricted</name>
         <load_address>0x12874</load_address>
         <run_address>0x12874</run_address>
         <size>0x6c</size>
         <input_file_ref idref="fl-10"/>
      </object_component>
      <object_component id="oc-d81">
         <name>.text:HOSTread</name>
         <load_address>0x128e0</load_address>
         <run_address>0x128e0</run_address>
         <size>0x6a</size>
         <input_file_ref idref="fl-a8"/>
      </object_component>
      <object_component id="oc-8f4">
         <name>.text:CS_initClockSignal</name>
         <load_address>0x1294a</load_address>
         <run_address>0x1294a</run_address>
         <size>0x66</size>
         <input_file_ref idref="fl-26"/>
      </object_component>
      <object_component id="oc-945">
         <name>.text:vTaskStartScheduler</name>
         <load_address>0x129b0</load_address>
         <run_address>0x129b0</run_address>
         <size>0x66</size>
         <input_file_ref idref="fl-10"/>
      </object_component>
      <object_component id="oc-dfc">
         <name>.text:getdevice</name>
         <load_address>0x12a16</load_address>
         <run_address>0x12a16</run_address>
         <size>0x62</size>
         <input_file_ref idref="fl-b4"/>
      </object_component>
      <object_component id="oc-b58">
         <name>.text:prvInitialiseTaskLists</name>
         <load_address>0x12a78</load_address>
         <run_address>0x12a78</run_address>
         <size>0x62</size>
         <input_file_ref idref="fl-10"/>
      </object_component>
      <object_component id="oc-c31">
         <name>.text:__TI_doflush</name>
         <load_address>0x12ada</load_address>
         <run_address>0x12ada</run_address>
         <size>0x60</size>
         <input_file_ref idref="fl-9f"/>
      </object_component>
      <object_component id="oc-ba9">
         <name>.text:get_feature</name>
         <load_address>0x12b3a</load_address>
         <run_address>0x12b3a</run_address>
         <size>0x5e</size>
         <input_file_ref idref="fl-8"/>
      </object_component>
      <object_component id="oc-db7">
         <name>.text:close</name>
         <load_address>0x12b98</load_address>
         <run_address>0x12b98</run_address>
         <size>0x5a</size>
         <input_file_ref idref="fl-b1"/>
      </object_component>
      <object_component id="oc-b6c">
         <name>.text:prvCheckForValidListAndQueue</name>
         <load_address>0x12bf2</load_address>
         <run_address>0x12bf2</run_address>
         <size>0x5a</size>
         <input_file_ref idref="fl-11"/>
      </object_component>
      <object_component id="oc-bb6">
         <name>.text:spi_send_recv</name>
         <load_address>0x12c4c</load_address>
         <run_address>0x12c4c</run_address>
         <size>0x5a</size>
         <input_file_ref idref="fl-7"/>
      </object_component>
      <object_component id="oc-afd">
         <name>.text:read_id</name>
         <load_address>0x12ca6</load_address>
         <run_address>0x12ca6</run_address>
         <size>0x58</size>
         <input_file_ref idref="fl-8"/>
      </object_component>
      <object_component id="oc-c5b">
         <name>.text</name>
         <load_address>0x12cfe</load_address>
         <run_address>0x12cfe</run_address>
         <size>0x58</size>
         <input_file_ref idref="fl-87"/>
      </object_component>
      <object_component id="oc-9f3">
         <name>.text:read_from_cache_x1</name>
         <load_address>0x12d56</load_address>
         <run_address>0x12d56</run_address>
         <size>0x56</size>
         <input_file_ref idref="fl-8"/>
      </object_component>
      <object_component id="oc-9fb">
         <name>.text:program_load_x1</name>
         <load_address>0x12dac</load_address>
         <run_address>0x12dac</run_address>
         <size>0x54</size>
         <input_file_ref idref="fl-8"/>
      </object_component>
      <object_component id="oc-cd6">
         <name>.text:vListInsert</name>
         <load_address>0x12e00</load_address>
         <run_address>0x12e00</run_address>
         <size>0x54</size>
         <input_file_ref idref="fl-d"/>
      </object_component>
      <object_component id="oc-c89">
         <name>.text:prvReloadTimer</name>
         <load_address>0x12e54</load_address>
         <run_address>0x12e54</run_address>
         <size>0x52</size>
         <input_file_ref idref="fl-11"/>
      </object_component>
      <object_component id="oc-acb">
         <name>.text:spi_send</name>
         <load_address>0x12ea6</load_address>
         <run_address>0x12ea6</run_address>
         <size>0x52</size>
         <input_file_ref idref="fl-7"/>
      </object_component>
      <object_component id="oc-b5f">
         <name>.text:prvCheckTasksWaitingTermination</name>
         <load_address>0x12ef8</load_address>
         <run_address>0x12ef8</run_address>
         <size>0x50</size>
         <input_file_ref idref="fl-10"/>
      </object_component>
      <object_component id="oc-ae1">
         <name>.text:spi_recv</name>
         <load_address>0x12f48</load_address>
         <run_address>0x12f48</run_address>
         <size>0x50</size>
         <input_file_ref idref="fl-7"/>
      </object_component>
      <object_component id="oc-d7b">
         <name>.text:HOSTclose</name>
         <load_address>0x12f98</load_address>
         <run_address>0x12f98</run_address>
         <size>0x4e</size>
         <input_file_ref idref="fl-a5"/>
      </object_component>
      <object_component id="oc-e27">
         <name>.text:strncpy</name>
         <load_address>0x12fe6</load_address>
         <run_address>0x12fe6</run_address>
         <size>0x4e</size>
         <input_file_ref idref="fl-bc"/>
      </object_component>
      <object_component id="oc-c76">
         <name>.text:vQueueWaitForMessageRestricted</name>
         <load_address>0x13034</load_address>
         <run_address>0x13034</run_address>
         <size>0x4e</size>
         <input_file_ref idref="fl-e"/>
      </object_component>
      <object_component id="oc-c7c">
         <name>.text:prvProcessExpiredTimer</name>
         <load_address>0x13082</load_address>
         <run_address>0x13082</run_address>
         <size>0x4c</size>
         <input_file_ref idref="fl-11"/>
      </object_component>
      <object_component id="oc-a61">
         <name>.text:xTimerCreateTimerTask</name>
         <load_address>0x130ce</load_address>
         <run_address>0x130ce</run_address>
         <size>0x4c</size>
         <input_file_ref idref="fl-11"/>
      </object_component>
      <object_component id="oc-9e0">
         <name>.text:block_erase</name>
         <load_address>0x1311a</load_address>
         <run_address>0x1311a</run_address>
         <size>0x4a</size>
         <input_file_ref idref="fl-8"/>
      </object_component>
      <object_component id="oc-82a">
         <name>.text:exit</name>
         <load_address>0x13164</load_address>
         <run_address>0x13164</run_address>
         <size>0x4a</size>
         <input_file_ref idref="fl-99"/>
      </object_component>
      <object_component id="oc-a01">
         <name>.text:program_execute</name>
         <load_address>0x131ae</load_address>
         <run_address>0x131ae</run_address>
         <size>0x4a</size>
         <input_file_ref idref="fl-8"/>
      </object_component>
      <object_component id="oc-d93">
         <name>.text:HOSTunlink</name>
         <load_address>0x131f8</load_address>
         <run_address>0x131f8</run_address>
         <size>0x46</size>
         <input_file_ref idref="fl-aa"/>
      </object_component>
      <object_component id="oc-d5b">
         <name>.text:free_list_insert</name>
         <load_address>0x1323e</load_address>
         <run_address>0x1323e</run_address>
         <size>0x46</size>
         <input_file_ref idref="fl-b2"/>
      </object_component>
      <object_component id="oc-bc0">
         <name>.text:set_feature</name>
         <load_address>0x13284</load_address>
         <run_address>0x13284</run_address>
         <size>0x44</size>
         <input_file_ref idref="fl-8"/>
      </object_component>
      <object_component id="oc-95e">
         <name>.text:l_asr_const</name>
         <load_address>0x132c8</load_address>
         <run_address>0x132c8</run_address>
         <size>0x3e</size>
         <input_file_ref idref="fl-96"/>
      </object_component>
      <object_component id="oc-de4">
         <name>.text:l_lsl_const</name>
         <load_address>0x13306</load_address>
         <run_address>0x13306</run_address>
         <size>0x3e</size>
         <input_file_ref idref="fl-ad"/>
      </object_component>
      <object_component id="oc-cfd">
         <name>.text:lseek</name>
         <load_address>0x13344</load_address>
         <run_address>0x13344</run_address>
         <size>0x3e</size>
         <input_file_ref idref="fl-a3"/>
      </object_component>
      <object_component id="oc-6d9">
         <name>.text:memcpy</name>
         <load_address>0x13382</load_address>
         <run_address>0x13382</run_address>
         <size>0x3c</size>
         <input_file_ref idref="fl-9c"/>
      </object_component>
      <object_component id="oc-c37">
         <name>.text:write</name>
         <load_address>0x133be</load_address>
         <run_address>0x133be</run_address>
         <size>0x3c</size>
         <input_file_ref idref="fl-be"/>
      </object_component>
      <object_component id="oc-8fa">
         <name>.text:CS_turnOnLFXT</name>
         <load_address>0x133fa</load_address>
         <run_address>0x133fa</run_address>
         <size>0x3a</size>
         <input_file_ref idref="fl-26"/>
      </object_component>
      <object_component id="oc-9ed">
         <name>.text:page_read</name>
         <load_address>0x13434</load_address>
         <run_address>0x13434</run_address>
         <size>0x3a</size>
         <input_file_ref idref="fl-8"/>
      </object_component>
      <object_component id="oc-9a3">
         <name>.text:uxListRemove</name>
         <load_address>0x1346e</load_address>
         <run_address>0x1346e</run_address>
         <size>0x3a</size>
         <input_file_ref idref="fl-d"/>
      </object_component>
      <object_component id="oc-c74">
         <name>.text:prvSampleTimeNow</name>
         <load_address>0x134a8</load_address>
         <run_address>0x134a8</run_address>
         <size>0x38</size>
         <input_file_ref idref="fl-11"/>
      </object_component>
      <object_component id="oc-d11">
         <name>.text:__TI_cleanup</name>
         <load_address>0x134e0</load_address>
         <run_address>0x134e0</run_address>
         <size>0x36</size>
         <input_file_ref idref="fl-af"/>
      </object_component>
      <object_component id="oc-dd1">
         <name>.text:__TI_writemsg</name>
         <load_address>0x13516</load_address>
         <run_address>0x13516</run_address>
         <size>0x36</size>
         <input_file_ref idref="fl-ac"/>
      </object_component>
      <object_component id="oc-e2d">
         <name>.text:finddevice</name>
         <load_address>0x1354c</load_address>
         <run_address>0x1354c</run_address>
         <size>0x36</size>
         <input_file_ref idref="fl-b4"/>
      </object_component>
      <object_component id="oc-9c7">
         <name>.text:printchar</name>
         <load_address>0x13582</load_address>
         <run_address>0x13582</run_address>
         <size>0x36</size>
         <input_file_ref idref="fl-6"/>
      </object_component>
      <object_component id="oc-8dc">
         <name>.text:GPIO_setAsOutputPin</name>
         <load_address>0x135b8</load_address>
         <run_address>0x135b8</run_address>
         <size>0x34</size>
         <input_file_ref idref="fl-2e"/>
      </object_component>
      <object_component id="oc-b09">
         <name>.text:clear_all_blocks</name>
         <load_address>0x135ec</load_address>
         <run_address>0x135ec</run_address>
         <size>0x34</size>
         <input_file_ref idref="fl-8"/>
      </object_component>
      <object_component id="oc-7f1">
         <name>.text:prvCopyDataFromQueue</name>
         <load_address>0x13620</load_address>
         <run_address>0x13620</run_address>
         <size>0x34</size>
         <input_file_ref idref="fl-e"/>
      </object_component>
      <object_component id="oc-a2e">
         <name>.text:validate</name>
         <load_address>0x13654</load_address>
         <run_address>0x13654</run_address>
         <size>0x34</size>
         <input_file_ref idref="fl-3d"/>
      </object_component>
      <object_component id="oc-dd7">
         <name>.text:__TI_readmsg</name>
         <load_address>0x13688</load_address>
         <run_address>0x13688</run_address>
         <size>0x32</size>
         <input_file_ref idref="fl-ac"/>
      </object_component>
      <object_component id="oc-dbe">
         <name>.text:unlink</name>
         <load_address>0x136ba</load_address>
         <run_address>0x136ba</run_address>
         <size>0x30</size>
         <input_file_ref idref="fl-bd"/>
      </object_component>
      <object_component id="oc-cea">
         <name>.text:vTaskPlaceOnEventList</name>
         <load_address>0x136ea</load_address>
         <run_address>0x136ea</run_address>
         <size>0x30</size>
         <input_file_ref idref="fl-10"/>
      </object_component>
      <object_component id="oc-c14">
         <name>.text:prvGetNextExpireTime</name>
         <load_address>0x1371a</load_address>
         <run_address>0x1371a</run_address>
         <size>0x2e</size>
         <input_file_ref idref="fl-11"/>
      </object_component>
      <object_component id="oc-929">
         <name>.text:write_op</name>
         <load_address>0x13748</load_address>
         <run_address>0x13748</run_address>
         <size>0x2e</size>
         <input_file_ref idref="fl-8"/>
      </object_component>
      <object_component id="oc-ce4">
         <name>.text:prvIsQueueEmpty</name>
         <load_address>0x13776</load_address>
         <run_address>0x13776</run_address>
         <size>0x2c</size>
         <input_file_ref idref="fl-e"/>
      </object_component>
      <object_component id="oc-cc2">
         <name>.text:prvSwitchTimerLists</name>
         <load_address>0x137a2</load_address>
         <run_address>0x137a2</run_address>
         <size>0x2c</size>
         <input_file_ref idref="fl-11"/>
      </object_component>
      <object_component id="oc-be4">
         <name>.text:vListInitialise</name>
         <load_address>0x137ce</load_address>
         <run_address>0x137ce</run_address>
         <size>0x2c</size>
         <input_file_ref idref="fl-d"/>
      </object_component>
      <object_component id="oc-9da">
         <name>.text:write_enable</name>
         <load_address>0x137fa</load_address>
         <run_address>0x137fa</run_address>
         <size>0x2c</size>
         <input_file_ref idref="fl-8"/>
      </object_component>
      <object_component id="oc-d55">
         <name>.text:free_list_remove</name>
         <load_address>0x13826</load_address>
         <run_address>0x13826</run_address>
         <size>0x2a</size>
         <input_file_ref idref="fl-b2"/>
      </object_component>
      <object_component id="oc-783">
         <name>.text:main</name>
         <load_address>0x13850</load_address>
         <run_address>0x13850</run_address>
         <size>0x2a</size>
         <input_file_ref idref="fl-5"/>
      </object_component>
      <object_component id="oc-c60">
         <name>.text:prvInitialiseNewQueue</name>
         <load_address>0x1387a</load_address>
         <run_address>0x1387a</run_address>
         <size>0x2a</size>
         <input_file_ref idref="fl-e"/>
      </object_component>
      <object_component id="oc-b1d">
         <name>.text:vPortBackup</name>
         <load_address>0x138a4</load_address>
         <run_address>0x138a4</run_address>
         <size>0x2a</size>
         <input_file_ref idref="fl-4"/>
      </object_component>
      <object_component id="oc-9e6">
         <name>.text:write_disable</name>
         <load_address>0x138ce</load_address>
         <run_address>0x138ce</run_address>
         <size>0x2a</size>
         <input_file_ref idref="fl-8"/>
      </object_component>
      <object_component id="oc-89b">
         <name>.text:prvResetNextTaskUnblockTime</name>
         <load_address>0x138f8</load_address>
         <run_address>0x138f8</run_address>
         <size>0x28</size>
         <input_file_ref idref="fl-10"/>
      </object_component>
      <object_component id="oc-cbc">
         <name>.text:xTaskGetTickCount</name>
         <load_address>0x13920</load_address>
         <run_address>0x13920</run_address>
         <size>0x28</size>
         <input_file_ref idref="fl-10"/>
      </object_component>
      <object_component id="oc-7d0">
         <name>.text:vApplicationSetupTimerInterrupt</name>
         <load_address>0x13948</load_address>
         <run_address>0x13948</run_address>
         <size>0x26</size>
         <input_file_ref idref="fl-5"/>
      </object_component>
      <object_component id="oc-931">
         <name>.text:vPortRestore</name>
         <load_address>0x1396e</load_address>
         <run_address>0x1396e</run_address>
         <size>0x26</size>
         <input_file_ref idref="fl-4"/>
      </object_component>
      <object_component id="oc-a3a">
         <name>.text:checkpoint</name>
         <load_address>0x13994</load_address>
         <run_address>0x13994</run_address>
         <size>0x24</size>
         <input_file_ref idref="fl-4"/>
      </object_component>
      <object_component id="oc-6fd">
         <name>.text:decompress:ZI:__TI_zero_init_nomemset:__TI_zero_init_nomemset</name>
         <load_address>0x139b8</load_address>
         <run_address>0x139b8</run_address>
         <size>0x24</size>
         <input_file_ref idref="fl-83"/>
      </object_component>
      <object_component id="oc-b51">
         <name>.text:pxPortInitialiseStack</name>
         <load_address>0x139dc</load_address>
         <run_address>0x139dc</run_address>
         <size>0x24</size>
         <input_file_ref idref="fl-12"/>
      </object_component>
      <object_component id="oc-923">
         <name>.text:read_op</name>
         <load_address>0x13a00</load_address>
         <run_address>0x13a00</run_address>
         <size>0x24</size>
         <input_file_ref idref="fl-8"/>
      </object_component>
      <object_component id="oc-817">
         <name>.text:restore</name>
         <load_address>0x13a24</load_address>
         <run_address>0x13a24</run_address>
         <size>0x24</size>
         <input_file_ref idref="fl-4"/>
      </object_component>
      <object_component id="oc-ada">
         <name>.text:check_ecc</name>
         <load_address>0x13a48</load_address>
         <run_address>0x13a48</run_address>
         <size>0x22</size>
         <input_file_ref idref="fl-8"/>
      </object_component>
      <object_component id="oc-abf">
         <name>.text:memset</name>
         <load_address>0x13a6a</load_address>
         <run_address>0x13a6a</run_address>
         <size>0x20</size>
         <input_file_ref idref="fl-9d"/>
      </object_component>
      <object_component id="oc-906">
         <name>.text:GPIO_setOutputHighOnPin</name>
         <load_address>0x13a8a</load_address>
         <run_address>0x13a8a</run_address>
         <size>0x1c</size>
         <input_file_ref idref="fl-2e"/>
      </object_component>
      <object_component id="oc-ba0">
         <name>.text:GPIO_setOutputLowOnPin</name>
         <load_address>0x13aa6</load_address>
         <run_address>0x13aa6</run_address>
         <size>0x1c</size>
         <input_file_ref idref="fl-2e"/>
      </object_component>
      <object_component id="oc-a1c">
         <name>.text:spi_nand_init</name>
         <load_address>0x13ac2</load_address>
         <run_address>0x13ac2</run_address>
         <size>0x1c</size>
         <input_file_ref idref="fl-8"/>
      </object_component>
      <object_component id="oc-e21">
         <name>.text:strchr</name>
         <load_address>0x13ade</load_address>
         <run_address>0x13ade</run_address>
         <size>0x1c</size>
         <input_file_ref idref="fl-b6"/>
      </object_component>
      <object_component id="oc-e48">
         <name>.text:strcmp</name>
         <load_address>0x13afa</load_address>
         <run_address>0x13afa</run_address>
         <size>0x1c</size>
         <input_file_ref idref="fl-b7"/>
      </object_component>
      <object_component id="oc-91d">
         <name>.text:erase_op</name>
         <load_address>0x13b16</load_address>
         <run_address>0x13b16</run_address>
         <size>0x1a</size>
         <input_file_ref idref="fl-8"/>
      </object_component>
      <object_component id="oc-ad2">
         <name>.text:poll_for_oip</name>
         <load_address>0x13b30</load_address>
         <run_address>0x13b30</run_address>
         <size>0x18</size>
         <input_file_ref idref="fl-8"/>
      </object_component>
      <object_component id="oc-80b">
         <name>.text:printf</name>
         <load_address>0x13b48</load_address>
         <run_address>0x13b48</run_address>
         <size>0x18</size>
         <input_file_ref idref="fl-6"/>
      </object_component>
      <object_component id="oc-8a1">
         <name>.text</name>
         <load_address>0x13b60</load_address>
         <run_address>0x13b60</run_address>
         <size>0x18</size>
         <input_file_ref idref="fl-89"/>
      </object_component>
      <object_component id="oc-cde">
         <name>.text:xTaskGetSchedulerState</name>
         <load_address>0x13b78</load_address>
         <run_address>0x13b78</run_address>
         <size>0x18</size>
         <input_file_ref idref="fl-10"/>
      </object_component>
      <object_component id="oc-7fa">
         <name>.text:WDT_A_hold</name>
         <load_address>0x13b90</load_address>
         <run_address>0x13b90</run_address>
         <size>0x16</size>
         <input_file_ref idref="fl-3c"/>
      </object_component>
      <object_component id="oc-8a">
         <name>.text:decompress:none:__TI_decompress_none</name>
         <load_address>0x13ba6</load_address>
         <run_address>0x13ba6</run_address>
         <size>0x16</size>
         <input_file_ref idref="fl-5f"/>
      </object_component>
      <object_component id="oc-d4f">
         <name>.text:heap_start</name>
         <load_address>0x13bbc</load_address>
         <run_address>0x13bbc</run_address>
         <size>0x16</size>
         <input_file_ref idref="fl-b2"/>
      </object_component>
      <object_component id="oc-bf7">
         <name>.text:prvDeleteTCB</name>
         <load_address>0x13bd2</load_address>
         <run_address>0x13bd2</run_address>
         <size>0x16</size>
         <input_file_ref idref="fl-10"/>
      </object_component>
      <object_component id="oc-a5a">
         <name>.text:prvIdleTask</name>
         <load_address>0x13be8</load_address>
         <run_address>0x13be8</run_address>
         <size>0x16</size>
         <input_file_ref idref="fl-10"/>
      </object_component>
      <object_component id="oc-b78">
         <name>.text:prvTimerTask</name>
         <load_address>0x13bfe</load_address>
         <run_address>0x13bfe</run_address>
         <size>0x16</size>
         <input_file_ref idref="fl-11"/>
      </object_component>
      <object_component id="oc-ab0">
         <name>.text</name>
         <load_address>0x13c14</load_address>
[...]
         <object_component_ref idref="oc-92"/>
      </symbol>
      <symbol id="sm-e0b">
         <name>__TI_int21</name>
         <value>0xffba</value>
         <object_component_ref idref="oc-93"/>
      </symbol>
      <symbol id="sm-e0e">
         <name>__TI_int22</name>
         <value>0xffbc</value>
         <object_component_ref idref="oc-94"/>
      </symbol>
      <symbol id="sm-e11">
         <name>__TI_int23</name>
         <value>0xffbe</value>
         <object_component_ref idref="oc-95"/>
      </symbol>
      <symbol id="sm-e14">
         <name>__TI_int24</name>
         <value>0xffc0</value>
         <object_component_ref idref="oc-96"/>
      </symbol>
      <symbol id="sm-e17">
         <name>__TI_int25</name>
         <value>0xffc2</value>
         <object_component_ref idref="oc-97"/>
      </symbol>
      <symbol id="sm-e1a">
         <name>__TI_int26</name>
         <value>0xffc4</value>
         <object_component_ref idref="oc-98"/>
      </symbol>
      <symbol id="sm-e1d">
         <name>__TI_int27</name>
         <value>0xffc6</value>
         <object_component_ref idref="oc-99"/>
      </symbol>
      <symbol id="sm-e20">
         <name>__TI_int28</name>
         <value>0xffc8</value>
         <object_component_ref idref="oc-9a"/>
      </symbol>
      <symbol id="sm-e23">
         <name>__TI_int29</name>
         <value>0xffca</value>
         <object_component_ref idref="oc-9b"/>
      </symbol>
      <symbol id="sm-e26">
         <name>__TI_int30</name>
         <value>0xffcc</value>
         <object_component_ref idref="oc-9c"/>
      </symbol>
      <symbol id="sm-e29">
         <name>__TI_int31</name>
         <value>0xffce</value>
         <object_component_ref idref="oc-9d"/>
      </symbol>
      <symbol id="sm-e2c">
         <name>__TI_int32</name>
         <value>0xffd0</value>
         <object_component_ref idref="oc-9e"/>
      </symbol>
      <symbol id="sm-e2f">
         <name>__TI_int33</name>
         <value>0xffd2</value>
         <object_component_ref idref="oc-9f"/>
      </symbol>
      <symbol id="sm-e32">
         <name>__TI_int34</name>
         <value>0xffd4</value>
         <object_component_ref idref="oc-a0"/>
      </symbol>
      <symbol id="sm-e35">
         <name>__TI_int35</name>
         <value>0xffd6</value>
         <object_component_ref idref="oc-a1"/>
      </symbol>
      <symbol id="sm-e38">
         <name>__TI_int36</name>
         <value>0xffd8</value>
         <object_component_ref idref="oc-a2"/>
      </symbol>
      <symbol id="sm-e3b">
         <name>__TI_int37</name>
         <value>0xffda</value>
         <object_component_ref idref="oc-a3"/>
      </symbol>
      <symbol id="sm-e3e">
         <name>__TI_int38</name>
         <value>0xffdc</value>
         <object_component_ref idref="oc-a4"/>
      </symbol>
      <symbol id="sm-e41">
         <name>__TI_int39</name>
         <value>0xffde</value>
         <object_component_ref idref="oc-a5"/>
      </symbol>
      <symbol id="sm-e44">
         <name>__TI_int41</name>
         <value>0xffe2</value>
         <object_component_ref idref="oc-a7"/>
      </symbol>
      <symbol id="sm-e47">
         <name>__TI_int42</name>
         <value>0xffe4</value>
         <object_component_ref idref="oc-a8"/>
      </symbol>
      <symbol id="sm-e4a">
         <name>__TI_int43</name>
         <value>0xffe6</value>
         <object_component_ref idref="oc-a9"/>
      </symbol>
      <symbol id="sm-e4d">
         <name>__TI_int44</name>
         <value>0xffe8</value>
         <object_component_ref idref="oc-aa"/>
      </symbol>
      <symbol id="sm-e50">
         <name>__TI_int46</name>
         <value>0xffec</value>
         <object_component_ref idref="oc-ac"/>
      </symbol>
      <symbol id="sm-e53">
         <name>__TI_int47</name>
         <value>0xffee</value>
         <object_component_ref idref="oc-ad"/>
      </symbol>
      <symbol id="sm-e56">
         <name>__TI_int49</name>
         <value>0xfff2</value>
         <object_component_ref idref="oc-af"/>
      </symbol>
      <symbol id="sm-e59">
         <name>__TI_int50</name>
         <value>0xfff4</value>
         <object_component_ref idref="oc-b0"/>
      </symbol>
      <symbol id="sm-e5c">
         <name>__TI_int51</name>
         <value>0xfff6</value>
         <object_component_ref idref="oc-b1"/>
      </symbol>
      <symbol id="sm-e5f">
         <name>__TI_int52</name>
         <value>0xfff8</value>
         <object_component_ref idref="oc-b2"/>
      </symbol>
      <symbol id="sm-e62">
         <name>__TI_int53</name>
         <value>0xfffa</value>
         <object_component_ref idref="oc-b3"/>
      </symbol>
      <symbol id="sm-e65">
         <name>__TI_int54</name>
         <value>0xfffc</value>
         <object_component_ref idref="oc-b4"/>
      </symbol>
      <symbol id="sm-e78">
         <name>__TI_zero_init_nomemset</name>
         <value>0x139b8</value>
         <object_component_ref idref="oc-6fd"/>
      </symbol>
      <symbol id="sm-e84">
         <name>__mspabi_remu</name>
         <value>0x13c14</value>
         <object_component_ref idref="oc-ab0"/>
      </symbol>
      <symbol id="sm-e85">
         <name>__mspabi_divu</name>
         <value>0x13c14</value>
         <object_component_ref idref="oc-ab0"/>
      </symbol>
      <symbol id="sm-e93">
         <name>__mspabi_remul</name>
         <value>0x12cfe</value>
         <object_component_ref idref="oc-c5b"/>
      </symbol>
      <symbol id="sm-e94">
         <name>__mspabi_divul</name>
         <value>0x12cfe</value>
         <object_component_ref idref="oc-c5b"/>
      </symbol>
      <symbol id="sm-e9d">
         <name>__mspabi_mpyi_f5hw</name>
         <value>0x13b60</value>
         <object_component_ref idref="oc-8a1"/>
      </symbol>
      <symbol id="sm-eb5">
         <name>_stack</name>
         <value>0x2800</value>
         <object_component_ref idref="oc-6c7"/>
      </symbol>
      <symbol id="sm-eb6">
         <name>_c_int00_noargs</name>
         <value>0xc06a</value>
         <object_component_ref idref="oc-70f"/>
      </symbol>
      <symbol id="sm-eb7">
         <name>_reset_vector</name>
         <value>0xfffe</value>
         <object_component_ref idref="oc-6ca"/>
      </symbol>
      <symbol id="sm-edb">
         <name>__TI_auto_init_nobinit_nopinit_hold_wdt</name>
         <value>0x123fc</value>
         <object_component_ref idref="oc-848"/>
      </symbol>
      <symbol id="sm-ee3">
         <name>__mspabi_sral_15</name>
         <value>0x132c8</value>
         <object_component_ref idref="oc-95e"/>
      </symbol>
      <symbol id="sm-ee4">
         <name>__mspabi_sral_14</name>
         <value>0x132cc</value>
         <object_component_ref idref="oc-95e"/>
      </symbol>
      <symbol id="sm-ee5">
         <name>__mspabi_sral_13</name>
         <value>0x132d0</value>
         <object_component_ref idref="oc-95e"/>
      </symbol>
      <symbol id="sm-ee6">
         <name>__mspabi_sral_12</name>
         <value>0x132d4</value>
         <object_component_ref idref="oc-95e"/>
      </symbol>
      <symbol id="sm-ee7">
         <name>__mspabi_sral_11</name>
         <value>0x132d8</value>
         <object_component_ref idref="oc-95e"/>
      </symbol>
      <symbol id="sm-ee8">
         <name>__mspabi_sral_10</name>
         <value>0x132dc</value>
         <object_component_ref idref="oc-95e"/>
      </symbol>
      <symbol id="sm-ee9">
         <name>__mspabi_sral_8</name>
         <value>0x132e4</value>
         <object_component_ref idref="oc-95e"/>
      </symbol>
      <symbol id="sm-eea">
         <name>__mspabi_sral_9</name>
         <value>0x132e0</value>
         <object_component_ref idref="oc-95e"/>
      </symbol>
      <symbol id="sm-eeb">
         <name>__mspabi_sral_6</name>
         <value>0x132ec</value>
         <object_component_ref idref="oc-95e"/>
      </symbol>
      <symbol id="sm-eec">
         <name>__mspabi_sral_7</name>
         <value>0x132e8</value>
         <object_component_ref idref="oc-95e"/>
      </symbol>
      <symbol id="sm-eed">
         <name>__mspabi_sral_4</name>
         <value>0x132f4</value>
         <object_component_ref idref="oc-95e"/>
      </symbol>
      <symbol id="sm-eee">
         <name>__mspabi_sral_5</name>
         <value>0x132f0</value>
         <object_component_ref idref="oc-95e"/>
      </symbol>
      <symbol id="sm-eef">
         <name>__mspabi_sral_2</name>
         <value>0x132fc</value>
         <object_component_ref idref="oc-95e"/>
      </symbol>
      <symbol id="sm-ef0">
         <name>__mspabi_sral_3</name>
         <value>0x132f8</value>
         <object_component_ref idref="oc-95e"/>
      </symbol>
      <symbol id="sm-ef1">
         <name>__mspabi_sral_1</name>
         <value>0x13300</value>
         <object_component_ref idref="oc-95e"/>
      </symbol>
      <symbol id="sm-efa">
         <name>_system_post_cinit</name>
         <value>0x13d4c</value>
         <object_component_ref idref="oc-963"/>
      </symbol>
      <symbol id="sm-f18">
         <name>C$$EXIT</name>
         <value>0x13d32</value>
         <object_component_ref idref="oc-824"/>
      </symbol>
      <symbol id="sm-f19">
         <name>abort</name>
         <value>0x13d32</value>
         <object_component_ref idref="oc-824"/>
      </symbol>
      <symbol id="sm-f1a">
         <name>__TI_enable_exit_profile_output</name>
         <value>0x1df4</value>
         <object_component_ref idref="oc-94d"/>
      </symbol>
      <symbol id="sm-f1b">
         <name>exit</name>
         <value>0x13164</value>
         <object_component_ref idref="oc-82a"/>
      </symbol>
      <symbol id="sm-f2a">
         <name>__TI_dtors_ptr</name>
         <value>0x1de4</value>
         <object_component_ref idref="oc-953"/>
      </symbol>
      <symbol id="sm-f2b">
         <name>__TI_cleanup_ptr</name>
         <value>0x1de0</value>
         <object_component_ref idref="oc-956"/>
      </symbol>
      <symbol id="sm-f41">
         <name>_nop</name>
         <value>0x13d4a</value>
         <object_component_ref idref="oc-a73"/>
      </symbol>
      <symbol id="sm-f42">
         <name>_lock</name>
         <value>0x1de8</value>
         <object_component_ref idref="oc-950"/>
      </symbol>
      <symbol id="sm-f43">
         <name>_unlock</name>
         <value>0x1dec</value>
         <object_component_ref idref="oc-959"/>
      </symbol>
      <symbol id="sm-f52">
         <name>memcpy</name>
         <value>0x13382</value>
         <object_component_ref idref="oc-6d9"/>
      </symbol>
      <symbol id="sm-f61">
         <name>memset</name>
         <value>0x13a6a</value>
         <object_component_ref idref="oc-abf"/>
      </symbol>
      <symbol id="sm-f80">
         <name>putc</name>
         <value>0x12064</value>
         <object_component_ref idref="oc-b97"/>
      </symbol>
      <symbol id="sm-f81">
         <name>fputc</name>
         <value>0x12064</value>
         <object_component_ref idref="oc-b97"/>
      </symbol>
      <symbol id="sm-f82">
         <name>putchar</name>
         <value>0x13d1c</value>
         <object_component_ref idref="oc-ab6"/>
      </symbol>
      <symbol id="sm-f93">
         <name>__TI_doflush</name>
         <value>0x12ada</value>
         <object_component_ref idref="oc-c31"/>
      </symbol>
      <symbol id="sm-fa3">
         <name>__TI_tmpnams</name>
         <value>0x1df8</value>
      </symbol>
      <symbol id="sm-fa4">
         <name>_ftable</name>
         <value>0x1c00</value>
         <object_component_ref idref="oc-b94"/>
      </symbol>
      <symbol id="sm-fa5">
         <name>__TI_ft_end</name>
         <value>0x1df2</value>
         <object_component_ref idref="oc-d6f"/>
      </symbol>
      <symbol id="sm-fbd">
         <name>__TI_wrt_ok</name>
         <value>0x1217e</value>
         <object_component_ref idref="oc-c2b"/>
      </symbol>
      <symbol id="sm-fd2">
         <name>fseek</name>
         <value>0x125d2</value>
         <object_component_ref idref="oc-c9d"/>
      </symbol>
      <symbol id="sm-fe5">
         <name>lseek</name>
         <value>0x13344</value>
         <object_component_ref idref="oc-cfd"/>
      </symbol>
      <symbol id="sm-ff4">
         <name>_stream</name>
         <value>0x1d40</value>
         <object_component_ref idref="oc-cad"/>
      </symbol>
      <symbol id="sm-ff5">
         <name>_device</name>
         <value>0x1cc8</value>
         <object_component_ref idref="oc-d22"/>
      </symbol>
      <symbol id="sm-1001">
         <name>HOSTclose</name>
         <value>0x12f98</value>
         <object_component_ref idref="oc-d7b"/>
      </symbol>
      <symbol id="sm-100d">
         <name>HOSTlseek</name>
         <value>0x11e04</value>
         <object_component_ref idref="oc-d8d"/>
      </symbol>
      <symbol id="sm-101b">
         <name>parmbuf</name>
         <value>0x1f90</value>
      </symbol>
      <symbol id="sm-101c">
         <name>HOSTopen</name>
         <value>0x1272a</value>
         <object_component_ref idref="oc-d75"/>
      </symbol>
      <symbol id="sm-1029">
         <name>HOSTread</name>
         <value>0x128e0</value>
         <object_component_ref idref="oc-d81"/>
      </symbol>
      <symbol id="sm-1035">
         <name>HOSTrename</name>
         <value>0x124ea</value>
         <object_component_ref idref="oc-d99"/>
      </symbol>
      <symbol id="sm-1041">
         <name>HOSTunlink</name>
         <value>0x131f8</value>
         <object_component_ref idref="oc-d93"/>
      </symbol>
      <symbol id="sm-104e">
         <name>HOSTwrite</name>
         <value>0x12808</value>
         <object_component_ref idref="oc-d87"/>
      </symbol>
      <symbol id="sm-106c">
         <name>__TI_readmsg</name>
         <value>0x13688</value>
         <object_component_ref idref="oc-dd7"/>
      </symbol>
      <symbol id="sm-106d">
         <name>C$$IO$$</name>
         <value>0x13548</value>
         <object_component_ref idref="oc-dd1"/>
      </symbol>
      <symbol id="sm-106e">
         <name>_CIOBUF_</name>
         <value>0xb804</value>
         <object_component_ref idref="oc-e0a"/>
      </symbol>
      <symbol id="sm-106f">
         <name>__TI_writemsg</name>
         <value>0x13516</value>
         <object_component_ref idref="oc-dd1"/>
      </symbol>
      <symbol id="sm-1077">
         <name>__mspabi_slll_9</name>
         <value>0x1331e</value>
         <object_component_ref idref="oc-de4"/>
      </symbol>
      <symbol id="sm-1078">
         <name>__mspabi_slll_8</name>
         <value>0x13322</value>
         <object_component_ref idref="oc-de4"/>
      </symbol>
      <symbol id="sm-1079">
         <name>__mspabi_slll_7</name>
         <value>0x13326</value>
         <object_component_ref idref="oc-de4"/>
      </symbol>
      <symbol id="sm-107a">
         <name>__mspabi_slll_6</name>
         <value>0x1332a</value>
         <object_component_ref idref="oc-de4"/>
      </symbol>
      <symbol id="sm-107b">
         <name>__mspabi_slll_5</name>
         <value>0x1332e</value>
         <object_component_ref idref="oc-de4"/>
      </symbol>
      <symbol id="sm-107c">
         <name>__mspabi_slll_4</name>
         <value>0x13332</value>
         <object_component_ref idref="oc-de4"/>
      </symbol>
      <symbol id="sm-107d">
         <name>__mspabi_slll_3</name>
         <value>0x13336</value>
         <object_component_ref idref="oc-de4"/>
      </symbol>
      <symbol id="sm-107e">
         <name>__mspabi_slll_2</name>
         <value>0x1333a</value>
         <object_component_ref idref="oc-de4"/>
      </symbol>
      <symbol id="sm-107f">
         <name>__mspabi_slll_1</name>
         <value>0x1333e</value>
         <object_component_ref idref="oc-de4"/>
      </symbol>
      <symbol id="sm-1080">
         <name>__mspabi_slll_15</name>
         <value>0x13306</value>
         <object_component_ref idref="oc-de4"/>
      </symbol>
      <symbol id="sm-1081">
         <name>__mspabi_slll_14</name>
         <value>0x1330a</value>
         <object_component_ref idref="oc-de4"/>
      </symbol>
      <symbol id="sm-1082">
         <name>__mspabi_slll_13</name>
         <value>0x1330e</value>
         <object_component_ref idref="oc-de4"/>
      </symbol>
      <symbol id="sm-1083">
         <name>__mspabi_slll_12</name>
         <value>0x13312</value>
         <object_component_ref idref="oc-de4"/>
      </symbol>
      <symbol id="sm-1084">
         <name>__mspabi_slll_11</name>
         <value>0x13316</value>
         <object_component_ref idref="oc-de4"/>
      </symbol>
      <symbol id="sm-1085">
         <name>__mspabi_slll_10</name>
         <value>0x1331a</value>
         <object_component_ref idref="oc-de4"/>
      </symbol>
      <symbol id="sm-109e">
         <name>setvbuf</name>
         <value>0x11328</value>
         <object_component_ref idref="oc-ca3"/>
      </symbol>
      <symbol id="sm-10af">
         <name>__TI_cleanup</name>
         <value>0x134e0</value>
         <object_component_ref idref="oc-d11"/>
      </symbol>
      <symbol id="sm-10c0">
         <name>__TI_closefile</name>
         <value>0x1255e</value>
         <object_component_ref idref="oc-d69"/>
      </symbol>
      <symbol id="sm-10d2">
         <name>close</name>
         <value>0x12b98</value>
         <object_component_ref idref="oc-db7"/>
      </symbol>
      <symbol id="sm-1158">
         <name>_sys_memory</name>
         <value>0xb924</value>
         <object_component_ref idref="oc-6cb"/>
      </symbol>
      <symbol id="sm-1159">
         <name>free</name>
         <value>0x10d38</value>
         <object_component_ref idref="oc-d05"/>
      </symbol>
      <symbol id="sm-115a">
         <name>memalign</name>
         <value>0x10596</value>
         <object_component_ref idref="oc-d62"/>
      </symbol>
      <symbol id="sm-115b">
         <name>malloc</name>
         <value>0x13cdc</value>
         <object_component_ref idref="oc-d0b"/>
      </symbol>
      <symbol id="sm-115c">
         <name>aligned_alloc</name>
         <value>0x10596</value>
         <object_component_ref idref="oc-d62"/>
      </symbol>
      <symbol id="sm-1181">
         <name>finddevice</name>
         <value>0x1354c</value>
         <object_component_ref idref="oc-e2d"/>
      </symbol>
      <symbol id="sm-1182">
         <name>getdevice</name>
         <value>0x12a16</value>
         <object_component_ref idref="oc-dfc"/>
      </symbol>
      <symbol id="sm-1192">
         <name>strchr</name>
         <value>0x13ade</value>
         <object_component_ref idref="oc-e21"/>
      </symbol>
      <symbol id="sm-11a0">
         <name>strcmp</name>
         <value>0x13afa</value>
         <object_component_ref idref="oc-e48"/>
      </symbol>
      <symbol id="sm-11ad">
         <name>strcpy</name>
         <value>0x13c8c</value>
         <object_component_ref idref="oc-ded"/>
      </symbol>
      <symbol id="sm-11ba">
         <name>strlen</name>
         <value>0x13c9e</value>
         <object_component_ref idref="oc-dcb"/>
      </symbol>
      <symbol id="sm-11cd">
         <name>strncpy</name>
         <value>0x12fe6</value>
         <object_component_ref idref="oc-e27"/>
      </symbol>
      <symbol id="sm-11d9">
         <name>unlink</name>
         <value>0x136ba</value>
         <object_component_ref idref="oc-dbe"/>
      </symbol>
      <symbol id="sm-11e7">
         <name>write</name>
         <value>0x133be</value>
         <object_component_ref idref="oc-c37"/>
      </symbol>
      <symbol id="sm-11ec">
         <name>vPortShutdown</name>
         <value>0x114f4</value>
      </symbol>
      <symbol id="sm-11ed">
         <name>vPortSetupTimerInterrupt</name>
         <value>0x13948</value>
      </symbol>
      <symbol id="sm-11ee">
         <name>remove</name>
         <value>0x136ba</value>
      </symbol>
   </symbol_table>
   <title>Link successful</title>
</link_info>
